
Optional file libmchp_peripheral.a not found

Optional file libmchp_peripheral_32MX795F512L.a not found
Archive member included because of file (symbol)

c:/program files/microchip/xc32/v1.42/bin/bin/../../lib/gcc/pic32mx/4.8.3/../../../../pic32mx/lib\libpic32.a(memcpy.o)
                              build/default/production/_ext/1128951024/queue.o (memcpy)
c:/program files/microchip/xc32/v1.42/bin/bin/../../lib/gcc/pic32mx/4.8.3/../../../../pic32mx/lib\libpic32.a(memset.o)
                              build/default/production/_ext/568870469/drv_spi.o (memset)
c:/program files/microchip/xc32/v1.42/bin/bin/../../lib/gcc/pic32mx/4.8.3/../../../../pic32mx/lib\libpic32.a(default-bootstrap-exception-handler.o)
                              c:/program files/microchip/xc32/v1.42/bin/bin/../../lib/gcc/pic32mx/4.8.3/../../../../pic32mx/lib/./proc/32MX795F512L/crt0_mips32r2.o (_bootstrap_exception_handler)
c:/program files/microchip/xc32/v1.42/bin/bin/../../lib/gcc/pic32mx/4.8.3/../../../../pic32mx/lib\libpic32.a(default-on-reset.o)
                              c:/program files/microchip/xc32/v1.42/bin/bin/../../lib/gcc/pic32mx/4.8.3/../../../../pic32mx/lib/./proc/32MX795F512L/crt0_mips32r2.o (_on_reset)
c:/program files/microchip/xc32/v1.42/bin/bin/../../lib/gcc/pic32mx/4.8.3/../../../../pic32mx/lib\libpic32.a(default-on-bootstrap.o)
                              c:/program files/microchip/xc32/v1.42/bin/bin/../../lib/gcc/pic32mx/4.8.3/../../../../pic32mx/lib/./proc/32MX795F512L/crt0_mips32r2.o (_on_bootstrap)
c:/program files/microchip/xc32/v1.42/bin/bin/../../lib/gcc/pic32mx/4.8.3/../../../../pic32mx/lib\libpic32.a(default-nmi-handler.o)
                              c:/program files/microchip/xc32/v1.42/bin/bin/../../lib/gcc/pic32mx/4.8.3/../../../../pic32mx/lib/./proc/32MX795F512L/crt0_mips32r2.o (_nmi_handler)
c:/program files/microchip/xc32/v1.42/bin/bin/../../lib/gcc/pic32mx/4.8.3/../../../../pic32mx/lib\libpic32.a(general-exception.o)
                              c:/program files/microchip/xc32/v1.42/bin/bin/../../lib/gcc/pic32mx/4.8.3/../../../../pic32mx/lib/./proc/32MX795F512L/crt0_mips32r2.o (_general_exception_context)
c:/program files/microchip/xc32/v1.42/bin/bin/../../lib/gcc/pic32mx/4.8.3/../../../../pic32mx/lib\libpic32.a(vector0.o)
                              c:/program files/microchip/xc32/v1.42/bin/bin/../../lib/gcc/pic32mx/4.8.3/../../../../pic32mx/lib/./proc/32MX795F512L\default_isr_vectors.o (__vector_dispatch_0)
c:/program files/microchip/xc32/v1.42/bin/bin/../../lib/gcc/pic32mx/4.8.3/../../../../pic32mx/lib\libpic32.a(vector2.o)
                              c:/program files/microchip/xc32/v1.42/bin/bin/../../lib/gcc/pic32mx/4.8.3/../../../../pic32mx/lib/./proc/32MX795F512L\default_isr_vectors.o (__vector_dispatch_2)
c:/program files/microchip/xc32/v1.42/bin/bin/../../lib/gcc/pic32mx/4.8.3/../../../../pic32mx/lib\libpic32.a(vector3.o)
                              c:/program files/microchip/xc32/v1.42/bin/bin/../../lib/gcc/pic32mx/4.8.3/../../../../pic32mx/lib/./proc/32MX795F512L\default_isr_vectors.o (__vector_dispatch_3)
c:/program files/microchip/xc32/v1.42/bin/bin/../../lib/gcc/pic32mx/4.8.3/../../../../pic32mx/lib\libpic32.a(vector5.o)
                              c:/program files/microchip/xc32/v1.42/bin/bin/../../lib/gcc/pic32mx/4.8.3/../../../../pic32mx/lib/./proc/32MX795F512L\default_isr_vectors.o (__vector_dispatch_5)
c:/program files/microchip/xc32/v1.42/bin/bin/../../lib/gcc/pic32mx/4.8.3/../../../../pic32mx/lib\libpic32.a(vector6.o)
                              c:/program files/microchip/xc32/v1.42/bin/bin/../../lib/gcc/pic32mx/4.8.3/../../../../pic32mx/lib/./proc/32MX795F512L\default_isr_vectors.o (__vector_dispatch_6)
c:/program files/microchip/xc32/v1.42/bin/bin/../../lib/gcc/pic32mx/4.8.3/../../../../pic32mx/lib\libpic32.a(vector8.o)
                              c:/program files/microchip/xc32/v1.42/bin/bin/../../lib/gcc/pic32mx/4.8.3/../../../../pic32mx/lib/./proc/32MX795F512L\default_isr_vectors.o (__vector_dispatch_8)
c:/program files/microchip/xc32/v1.42/bin/bin/../../lib/gcc/pic32mx/4.8.3/../../../../pic32mx/lib\libpic32.a(vector9.o)
                              c:/program files/microchip/xc32/v1.42/bin/bin/../../lib/gcc/pic32mx/4.8.3/../../../../pic32mx/lib/./proc/32MX795F512L\default_isr_vectors.o (__vector_dispatch_9)
c:/program files/microchip/xc32/v1.42/bin/bin/../../lib/gcc/pic32mx/4.8.3/../../../../pic32mx/lib\libpic32.a(vector10.o)
                              c:/program files/microchip/xc32/v1.42/bin/bin/../../lib/gcc/pic32mx/4.8.3/../../../../pic32mx/lib/./proc/32MX795F512L\default_isr_vectors.o (__vector_dispatch_10)
c:/program files/microchip/xc32/v1.42/bin/bin/../../lib/gcc/pic32mx/4.8.3/../../../../pic32mx/lib\libpic32.a(vector12.o)
[...]
Memory Configuration

Name             Origin             Length             Attributes
kseg0_program_mem 0x9d000000         0x00080000         xr
kseg0_boot_mem   0x9fc00490         0x00000970
exception_mem    0x9fc01000         0x00001000
kseg1_boot_mem   0xbfc00000         0x00000490
debug_exec_mem   0xbfc02000         0x00000ff0
config3          0xbfc02ff0         0x00000004
config2          0xbfc02ff4         0x00000004
config1          0xbfc02ff8         0x00000004
config0          0xbfc02ffc         0x00000004
kseg1_data_mem   0xa0000000         0x00020000         w !x
sfrs             0xbf800000         0x00100000
configsfrs       0xbfc02ff0         0x00000010
*default*        0x00000000         0xffffffff

Linker script and memory map

LOAD c:/program files/microchip/xc32/v1.42/bin/bin/../../lib/gcc/pic32mx/4.8.3/../../../../pic32mx/lib/./proc/32MX795F512L/crt0_mips32r2.o
LOAD c:/program files/microchip/xc32/v1.42/bin/bin/../../lib/gcc/pic32mx/4.8.3/../../../../pic32mx/lib\debug-exception-return.o
LOAD build/default/production/_ext/977502197/drv_spi_tasks.o
LOAD build/default/production/_ext/977502197/drv_spi_api.o
LOAD build/default/production/_ext/977502197/drv_spi_master_ebm_tasks.o
LOAD build/default/production/_ext/639803181/sys_clk_static.o
LOAD build/default/production/_ext/822048611/sys_ports_static.o
LOAD build/default/production/_ext/1688732426/insgps16state_v1.o
LOAD build/default/production/_ext/1688732426/system_init.o
LOAD build/default/production/_ext/1688732426/system_interrupt.o
LOAD build/default/production/_ext/1688732426/system_exceptions.o
LOAD build/default/production/_ext/1688732426/system_tasks.o
LOAD build/default/production/_ext/1688732426/system_interrupt_a.o
LOAD build/default/production/_ext/1688732426/rtos_hooks.o
LOAD build/default/production/_ext/1360937237/app.o
LOAD build/default/production/_ext/1360937237/main.o
LOAD build/default/production/_ext/1890346972/bsp_sys_init.o
LOAD build/default/production/_ext/568870469/drv_spi.o
LOAD build/default/production/_ext/465164171/drv_spi_sys_queue_fifo.o
LOAD build/default/production/_ext/260586732/drv_usart.o
LOAD build/default/production/_ext/260586732/drv_usart_read_write.o
LOAD build/default/production/_ext/24337685/osal_freertos.o
LOAD build/default/production/_ext/1271179505/sys_devcon.o
LOAD build/default/production/_ext/1271179505/sys_devcon_pic32mx.o
LOAD build/default/production/_ext/122796885/sys_int_pic32.o
LOAD build/default/production/_ext/1856876499/heap_1.o
LOAD build/default/production/_ext/12131622/port.o
LOAD build/default/production/_ext/12131622/port_asm.o
LOAD build/default/production/_ext/1128951024/croutine.o
LOAD build/default/production/_ext/1128951024/list.o
LOAD build/default/production/_ext/1128951024/queue.o
LOAD build/default/production/_ext/1128951024/tasks.o
LOAD build/default/production/_ext/1128951024/timers.o
LOAD build/default/production/_ext/1128951024/event_groups.o
LOAD ..\..\..\..\bin\framework\peripheral\PIC32MX795F512L_peripherals.a
LOAD ..\..\..\..\framework\tcpip\src\crypto\aes_pic32mx.a
                0x00000001                __MPLAB_BUILD = 0x1
                0x00000000                _min_heap_size = 0x0
LOAD c:/program files/microchip/xc32/v1.42/bin/bin/../../lib/gcc/pic32mx/4.8.3/../../../../pic32mx/lib/./proc/32MX795F512L\default_isr_vectors.o
LOAD c:/program files/microchip/xc32/v1.42/bin/bin/../../lib/gcc/pic32mx/4.8.3/../../../../pic32mx/lib\pic32_software_reset.o
                0x00000400                PROVIDE (_min_stack_size, 0x400)
LOAD c:/program files/microchip/xc32/v1.42/bin/bin/../../lib/gcc/pic32mx/4.8.3/../../../../pic32mx/lib/./proc/32MX795F512L\processor.o
START GROUP
LOAD libmchp_peripheral.a
END GROUP
START GROUP
LOAD libmchp_peripheral_32MX795F512L.a
END GROUP
                0x00000001                PROVIDE (_vector_spacing, 0x1)
                0x9fc01000                PROVIDE (_ebase_address, 0x9fc01000)
                0xbfc00000                _RESET_ADDR = 0xbfc00000
                0xbfc00380                _BEV_EXCPT_ADDR = 0xbfc00380
                0xbfc00480                _DBG_EXCPT_ADDR = 0xbfc00480
                0xbfc02000                _DBG_CODE_ADDR = 0xbfc02000
                0x00000ff0                _DBG_CODE_SIZE = 0xff0
                0x9fc01180                _GEN_EXCPT_ADDR = (_ebase_address + 0x180)

.config_BFC02FF0
                0xbfc02ff0        0x4
 *(.config_BFC02FF0)
 .config_BFC02FF0
                0xbfc02ff0        0x4 build/default/production/_ext/1688732426/system_init.o

.config_BFC02FF4
                0xbfc02ff4        0x4
 *(.config_BFC02FF4)
 .config_BFC02FF4
                0xbfc02ff4        0x4 build/default/production/_ext/1688732426/system_init.o

.config_BFC02FF8
                0xbfc02ff8        0x4
 *(.config_BFC02FF8)
 .config_BFC02FF8
                0xbfc02ff8        0x4 build/default/production/_ext/1688732426/system_init.o

.config_BFC02FFC
                0xbfc02ffc        0x4
 *(.config_BFC02FFC)
 .config_BFC02FFC
                0xbfc02ffc        0x4 build/default/production/_ext/1688732426/system_init.o
                0xbfc02000                PROVIDE (_DBG_CODE_ADDR, 0xbfc02000)
                0x00000ff0                PROVIDE (_DBG_CODE_SIZE, 0xff0)

.reset          0xbfc00000      0x208
 *(.reset)
 .reset         0xbfc00000        0x8 c:/program files/microchip/xc32/v1.42/bin/bin/../../lib/gcc/pic32mx/4.8.3/../../../../pic32mx/lib/./proc/32MX795F512L/crt0_mips32r2.o
                0xbfc00000                _reset
 *(.reset.startup)
 .reset.startup
                0xbfc00008      0x200 c:/program files/microchip/xc32/v1.42/bin/bin/../../lib/gcc/pic32mx/4.8.3/../../../../pic32mx/lib/./proc/32MX795F512L/crt0_mips32r2.o

.bev_excpt      0xbfc00380       0x10
 *(.bev_handler)
 .bev_handler   0xbfc00380       0x10 c:/program files/microchip/xc32/v1.42/bin/bin/../../lib/gcc/pic32mx/4.8.3/../../../../pic32mx/lib/./proc/32MX795F512L/crt0_mips32r2.o

.dbg_excpt      0xbfc00480        0x0
                0xbfc00480                . = (. + DEFINED (_DEBUGGER)?0x8:0x0)

.dbg_code       0xbfc02000        0x0
                0xbfc02000                . = (. + DEFINED (_DEBUGGER)?_DBG_CODE_SIZE:0x0)

.app_excpt      0x9fc01180       0x10
 *(.gen_handler)
 .gen_handler   0x9fc01180       0x10 c:/program files/microchip/xc32/v1.42/bin/bin/../../lib/gcc/pic32mx/4.8.3/../../../../pic32mx/lib/./proc/32MX795F512L/crt0_mips32r2.o

.vector_0       0x9fc01200        0x8
 *(.vector_0)
 .vector_0      0x9fc01200        0x8 c:/program files/microchip/xc32/v1.42/bin/bin/../../lib/gcc/pic32mx/4.8.3/../../../../pic32mx/lib\libpic32.a(vector0.o)
                0x9fc01200                __vector_dispatch_0
                0x00000001                ASSERT (((_vector_spacing == 0x0) || (SIZEOF (.vector_0) <= (_vector_spacing << 0x5))), function at exception vector 0 too large)

.vector_1       0x9fc01220        0x8
 *(.vector_1)
 .vector_1      0x9fc01220        0x8 build/default/production/_ext/12131622/port.o
                0x9fc01220                __vector_dispatch_1
                0x00000001                ASSERT (((_vector_spacing == 0x0) || (SIZEOF (.vector_1) <= (_vector_spacing << 0x5))), function at exception vector 1 too large)

.vector_2       0x9fc01240        0x8
 *(.vector_2)
 .vector_2      0x9fc01240        0x8 c:/program files/microchip/xc32/v1.42/bin/bin/../../lib/gcc/pic32mx/4.8.3/../../../../pic32mx/lib\libpic32.a(vector2.o)
                0x9fc01240                __vector_dispatch_2
                0x00000001                ASSERT (((_vector_spacing == 0x0) || (SIZEOF (.vector_2) <= (_vector_spacing << 0x5))), function at exception vector 2 too large)

.vector_3       0x9fc01260        0x8
 *(.vector_3)
 .vector_3      0x9fc01260        0x8 c:/program files/microchip/xc32/v1.42/bin/bin/../../lib/gcc/pic32mx/4.8.3/../../../../pic32mx/lib\libpic32.a(vector3.o)
                0x9fc01260                __vector_dispatch_3
                0x00000001                ASSERT (((_vector_spacing == 0x0) || (SIZEOF (.vector_3) <= (_vector_spacing << 0x5))), function at exception vector 3 too large)

.vector_4       0x9fc01280        0x8
 *(.vector_4)
 .vector_4      0x9fc01280        0x8 build/default/production/_ext/12131622/port.o
                0x9fc01280                __vector_dispatch_4
                0x00000001                ASSERT (((_vector_spacing == 0x0) || (SIZEOF (.vector_4) <= (_vector_spacing << 0x5))), function at exception vector 4 too large)

.vector_5       0x9fc012a0        0x8
 *(.vector_5)
 .vector_5      0x9fc012a0        0x8 c:/program files/microchip/xc32/v1.42/bin/bin/../../lib/gcc/pic32mx/4.8.3/../../../../pic32mx/lib\libpic32.a(vector5.o)
                0x9fc012a0                __vector_dispatch_5
                0x00000001                ASSERT (((_vector_spacing == 0x0) || (SIZEOF (.vector_5) <= (_vector_spacing << 0x5))), function at exception vector 5 too large)

.vector_6       0x9fc012c0        0x8
 *(.vector_6)
 .vector_6      0x9fc012c0        0x8 c:/program files/microchip/xc32/v1.42/bin/bin/../../lib/gcc/pic32mx/4.8.3/../../../../pic32mx/lib\libpic32.a(vector6.o)
                0x9fc012c0                __vector_dispatch_6
                0x00000001                ASSERT (((_vector_spacing == 0x0) || (SIZEOF (.vector_6) <= (_vector_spacing << 0x5))), function at exception vector 6 too large)

.vector_7       0x9fc012e0       0x10
 *(.vector_7)
 .vector_7      0x9fc012e0       0x10 build/default/production/_ext/1688732426/system_interrupt_a.o
                0x9fc012e0                __vector_dispatch_7
                0x00000001                ASSERT (((_vector_spacing == 0x0) || (SIZEOF (.vector_7) <= (_vector_spacing << 0x5))), function at exception vector 7 too large)

.vector_8       0x9fc01300        0x8
 *(.vector_8)
 .vector_8      0x9fc01300        0x8 c:/program files/microchip/xc32/v1.42/bin/bin/../../lib/gcc/pic32mx/4.8.3/../../../../pic32mx/lib\libpic32.a(vector8.o)
                0x9fc01300                __vector_dispatch_8
                0x00000001                ASSERT (((_vector_spacing == 0x0) || (SIZEOF (.vector_8) <= (_vector_spacing << 0x5))), function at exception vector 8 too large)

.vector_9       0x9fc01320        0x8
 *(.vector_9)
 .vector_9      0x9fc01320        0x8 c:/program files/microchip/xc32/v1.42/bin/bin/../../lib/gcc/pic32mx/4.8.3/../../../../pic32mx/lib\libpic32.a(vector9.o)
                0x9fc01320                __vector_dispatch_9
                0x00000001                ASSERT (((_vector_spacing == 0x0) || (SIZEOF (.vector_9) <= (_vector_spacing << 0x5))), function at exception vector 9 too large)

.vector_10      0x9fc01340        0x8
 *(.vector_10)
 .vector_10     0x9fc01340        0x8 c:/program files/microchip/xc32/v1.42/bin/bin/../../lib/gcc/pic32mx/4.8.3/../../../../pic32mx/lib\libpic32.a(vector10.o)
                0x9fc01340                __vector_dispatch_10
                0x00000001                ASSERT (((_vector_spacing == 0x0) || (SIZEOF (.vector_10) <= (_vector_spacing << 0x5))), function at exception vector 10 too large)

.vector_11      0x9fc01360       0x10
 *(.vector_11)
 .vector_11     0x9fc01360       0x10 build/default/production/_ext/1688732426/system_interrupt_a.o
                0x9fc01360                __vector_dispatch_11
                0x00000001                ASSERT (((_vector_spacing == 0x0) || (SIZEOF (.vector_11) <= (_vector_spacing << 0x5))), function at exception vector 11 too large)

.vector_12      0x9fc01380        0x8
 *(.vector_12)
 .vector_12     0x9fc01380        0x8 c:/program files/microchip/xc32/v1.42/bin/bin/../../lib/gcc/pic32mx/4.8.3/../../../../pic32mx/lib\libpic32.a(vector12.o)
                0x9fc01380                __vector_dispatch_12
                0x00000001                ASSERT (((_vector_spacing == 0x0) || (SIZEOF (.vector_12) <= (_vector_spacing << 0x5))), function at exception vector 12 too large)

.vector_13      0x9fc013a0        0x8
 *(.vector_13)
 .vector_13     0x9fc013a0        0x8 c:/program files/microchip/xc32/v1.42/bin/bin/../../lib/gcc/pic32mx/4.8.3/../../../../pic32mx/lib\libpic32.a(vector13.o)
                0x9fc013a0                __vector_dispatch_13
                0x00000001                ASSERT (((_vector_spacing == 0x0) || (SIZEOF (.vector_13) <= (_vector_spacing << 0x5))), function at exception vector 13 too large)

.vector_14      0x9fc013c0        0x8
 *(.vector_14)
 .vector_14     0x9fc013c0        0x8 c:/program files/microchip/xc32/v1.42/bin/bin/../../lib/gcc/pic32mx/4.8.3/../../../../pic32mx/lib\libpic32.a(vector14.o)
                0x9fc013c0                __vector_dispatch_14
                0x00000001                ASSERT (((_vector_spacing == 0x0) || (SIZEOF (.vector_14) <= (_vector_spacing << 0x5))), function at exception vector 14 too large)

.vector_15      0x9fc013e0        0x8
 *(.vector_15)
 .vector_15     0x9fc013e0        0x8 c:/program files/microchip/xc32/v1.42/bin/bin/../../lib/gcc/pic32mx/4.8.3/../../../../pic32mx/lib\libpic32.a(vector15.o)
                0x9fc013e0                __vector_dispatch_15
                0x00000001                ASSERT (((_vector_spacing == 0x0) || (SIZEOF (.vector_15) <= (_vector_spacing << 0x5))), function at exception vector 15 too large)

.vector_16      0x9fc01400        0x8
 *(.vector_16)
 .vector_16     0x9fc01400        0x8 c:/program files/microchip/xc32/v1.42/bin/bin/../../lib/gcc/pic32mx/4.8.3/../../../../pic32mx/lib\libpic32.a(vector16.o)
                0x9fc01400                __vector_dispatch_16
                0x00000001                ASSERT (((_vector_spacing == 0x0) || (SIZEOF (.vector_16) <= (_vector_spacing << 0x5))), function at exception vector 16 too large)

.vector_17      0x9fc01420        0x8
 *(.vector_17)
 .vector_17     0x9fc01420        0x8 c:/program files/microchip/xc32/v1.42/bin/bin/../../lib/gcc/pic32mx/4.8.3/../../../../pic32mx/lib\libpic32.a(vector17.o)
                0x9fc01420                __vector_dispatch_17
                0x00000001                ASSERT (((_vector_spacing == 0x0) || (SIZEOF (.vector_17) <= (_vector_spacing << 0x5))), function at exception vector 17 too large)

.vector_18      0x9fc01440        0x8
 *(.vector_18)
 .vector_18     0x9fc01440        0x8 c:/program files/microchip/xc32/v1.42/bin/bin/../../lib/gcc/pic32mx/4.8.3/../../../../pic32mx/lib\libpic32.a(vector18.o)
                0x9fc01440                __vector_dispatch_18
                0x00000001                ASSERT (((_vector_spacing == 0x0) || (SIZEOF (.vector_18) <= (_vector_spacing << 0x5))), function at exception vector 18 too large)

.vector_19      0x9fc01460        0x8
 *(.vector_19)
 .vector_19     0x9fc01460        0x8 c:/program files/microchip/xc32/v1.42/bin/bin/../../lib/gcc/pic32mx/4.8.3/../../../../pic32mx/lib\libpic32.a(vector19.o)
                0x9fc01460                __vector_dispatch_19
                0x00000001                ASSERT (((_vector_spacing == 0x0) || (SIZEOF (.vector_19) <= (_vector_spacing << 0x5))), function at exception vector 19 too large)

.vector_20      0x9fc01480        0x8
 *(.vector_20)
 .vector_20     0x9fc01480        0x8 c:/program files/microchip/xc32/v1.42/bin/bin/../../lib/gcc/pic32mx/4.8.3/../../../../pic32mx/lib\libpic32.a(vector20.o)
                0x9fc01480                __vector_dispatch_20
                0x00000001                ASSERT (((_vector_spacing == 0x0) || (SIZEOF (.vector_20) <= (_vector_spacing << 0x5))), function at exception vector 20 too large)

.vector_21      0x9fc014a0        0x8
 *(.vector_21)
 .vector_21     0x9fc014a0        0x8 c:/program files/microchip/xc32/v1.42/bin/bin/../../lib/gcc/pic32mx/4.8.3/../../../../pic32mx/lib\libpic32.a(vector21.o)
                0x9fc014a0                __vector_dispatch_21
                0x00000001                ASSERT (((_vector_spacing == 0x0) || (SIZEOF (.vector_21) <= (_vector_spacing << 0x5))), function at exception vector 21 too large)

.vector_22      0x9fc014c0        0x8
 *(.vector_22)
 .vector_22     0x9fc014c0        0x8 c:/program files/microchip/xc32/v1.42/bin/bin/../../lib/gcc/pic32mx/4.8.3/../../../../pic32mx/lib\libpic32.a(vector22.o)
                0x9fc014c0                __vector_dispatch_22
                0x00000001                ASSERT (((_vector_spacing == 0x0) || (SIZEOF (.vector_22) <= (_vector_spacing << 0x5))), function at exception vector 22 too large)

.vector_23      0x9fc014e0       0x10
 *(.vector_23)
 .vector_23     0x9fc014e0       0x10 build/default/production/_ext/1688732426/system_interrupt_a.o
                0x9fc014e0                __vector_dispatch_23
                0x00000001                ASSERT (((_vector_spacing == 0x0) || (SIZEOF (.vector_23) <= (_vector_spacing << 0x5))), function at exception vector 23 too large)

.vector_24      0x9fc01500       0x10
 *(.vector_24)
 .vector_24     0x9fc01500       0x10 build/default/production/_ext/1688732426/system_interrupt_a.o
                0x9fc01500                __vector_dispatch_24
                0x00000001                ASSERT (((_vector_spacing == 0x0) || (SIZEOF (.vector_24) <= (_vector_spacing << 0x5))), function at exception vector 24 too large)

.vector_25      0x9fc01520        0x8
 *(.vector_25)
 .vector_25     0x9fc01520        0x8 c:/program files/microchip/xc32/v1.42/bin/bin/../../lib/gcc/pic32mx/4.8.3/../../../../pic32mx/lib\libpic32.a(vector25.o)
                0x9fc01520                __vector_dispatch_25
                0x00000001                ASSERT (((_vector_spacing == 0x0) || (SIZEOF (.vector_25) <= (_vector_spacing << 0x5))), function at exception vector 25 too large)

.vector_26      0x9fc01540        0x8
 *(.vector_26)
 .vector_26     0x9fc01540        0x8 c:/program files/microchip/xc32/v1.42/bin/bin/../../lib/gcc/pic32mx/4.8.3/../../../../pic32mx/lib\libpic32.a(vector26.o)
                0x9fc01540                __vector_dispatch_26
                0x00000001                ASSERT (((_vector_spacing == 0x0) || (SIZEOF (.vector_26) <= (_vector_spacing << 0x5))), function at exception vector 26 too large)

.vector_27      0x9fc01560        0x8
 *(.vector_27)
 .vector_27     0x9fc01560        0x8 c:/program files/microchip/xc32/v1.42/bin/bin/../../lib/gcc/pic32mx/4.8.3/../../../../pic32mx/lib\libpic32.a(vector27.o)
                0x9fc01560                __vector_dispatch_27
                0x00000001                ASSERT (((_vector_spacing == 0x0) || (SIZEOF (.vector_27) <= (_vector_spacing << 0x5))), function at exception vector 27 too large)

.vector_28      0x9fc01580        0x8
 *(.vector_28)
 .vector_28     0x9fc01580        0x8 c:/program files/microchip/xc32/v1.42/bin/bin/../../lib/gcc/pic32mx/4.8.3/../../../../pic32mx/lib\libpic32.a(vector28.o)
                0x9fc01580                __vector_dispatch_28
                0x00000001                ASSERT (((_vector_spacing == 0x0) || (SIZEOF (.vector_28) <= (_vector_spacing << 0x5))), function at exception vector 28 too large)

.vector_29      0x9fc015a0        0x8
 *(.vector_29)
 .vector_29     0x9fc015a0        0x8 c:/program files/microchip/xc32/v1.42/bin/bin/../../lib/gcc/pic32mx/4.8.3/../../../../pic32mx/lib\libpic32.a(vector29.o)
                0x9fc015a0                __vector_dispatch_29
                0x00000001                ASSERT (((_vector_spacing == 0x0) || (SIZEOF (.vector_29) <= (_vector_spacing << 0x5))), function at exception vector 29 too large)

.vector_30      0x9fc015c0        0x8
 *(.vector_30)
 .vector_30     0x9fc015c0        0x8 c:/program files/microchip/xc32/v1.42/bin/bin/../../lib/gcc/pic32mx/4.8.3/../../../../pic32mx/lib\libpic32.a(vector30.o)
                0x9fc015c0                __vector_dispatch_30
                0x00000001                ASSERT (((_vector_spacing == 0x0) || (SIZEOF (.vector_30) <= (_vector_spacing << 0x5))), function at exception vector 30 too large)

.vector_31      0x9fc015e0        0x8
 *(.vector_31)
 .vector_31     0x9fc015e0        0x8 c:/program files/microchip/xc32/v1.42/bin/bin/../../lib/gcc/pic32mx/4.8.3/../../../../pic32mx/lib\libpic32.a(vector31.o)
                0x9fc015e0                __vector_dispatch_31
                0x00000001                ASSERT (((_vector_spacing == 0x0) || (SIZEOF (.vector_31) <= (_vector_spacing << 0x5))), function at exception vector 31 too large)

.vector_32      0x9fc01600        0x8
 *(.vector_32)
 .vector_32     0x9fc01600        0x8 c:/program files/microchip/xc32/v1.42/bin/bin/../../lib/gcc/pic32mx/4.8.3/../../../../pic32mx/lib\libpic32.a(vector32.o)
                0x9fc01600                __vector_dispatch_32
                0x00000001                ASSERT (((_vector_spacing == 0x0) || (SIZEOF (.vector_32) <= (_vector_spacing << 0x5))), function at exception vector 32 too large)

.vector_33      0x9fc01620        0x8
 *(.vector_33)
 .vector_33     0x9fc01620        0x8 c:/program files/microchip/xc32/v1.42/bin/bin/../../lib/gcc/pic32mx/4.8.3/../../../../pic32mx/lib\libpic32.a(vector33.o)
                0x9fc01620                __vector_dispatch_33
                0x00000001                ASSERT (((_vector_spacing == 0x0) || (SIZEOF (.vector_33) <= (_vector_spacing << 0x5))), function at exception vector 33 too large)

.vector_34      0x9fc01640        0x8
 *(.vector_34)
 .vector_34     0x9fc01640        0x8 c:/program files/microchip/xc32/v1.42/bin/bin/../../lib/gcc/pic32mx/4.8.3/../../../../pic32mx/lib\libpic32.a(vector34.o)
                0x9fc01640                __vector_dispatch_34
                0x00000001                ASSERT (((_vector_spacing == 0x0) || (SIZEOF (.vector_34) <= (_vector_spacing << 0x5))), function at exception vector 34 too large)

.vector_35      0x9fc01660        0x8
 *(.vector_35)
 .vector_35     0x9fc01660        0x8 c:/program files/microchip/xc32/v1.42/bin/bin/../../lib/gcc/pic32mx/4.8.3/../../../../pic32mx/lib\libpic32.a(vector35.o)
                0x9fc01660                __vector_dispatch_35
                0x00000001                ASSERT (((_vector_spacing == 0x0) || (SIZEOF (.vector_35) <= (_vector_spacing << 0x5))), function at exception vector 35 too large)

.vector_36      0x9fc01680        0x8
 *(.vector_36)
 .vector_36     0x9fc01680        0x8 c:/program files/microchip/xc32/v1.42/bin/bin/../../lib/gcc/pic32mx/4.8.3/../../../../pic32mx/lib\libpic32.a(vector36.o)
                0x9fc01680                __vector_dispatch_36
                0x00000001                ASSERT (((_vector_spacing == 0x0) || (SIZEOF (.vector_36) <= (_vector_spacing << 0x5))), function at exception vector 36 too large)

.vector_37      0x9fc016a0        0x8
 *(.vector_37)
 .vector_37     0x9fc016a0        0x8 c:/program files/microchip/xc32/v1.42/bin/bin/../../lib/gcc/pic32mx/4.8.3/../../../../pic32mx/lib\libpic32.a(vector37.o)
                0x9fc016a0                __vector_dispatch_37
                0x00000001                ASSERT (((_vector_spacing == 0x0) || (SIZEOF (.vector_37) <= (_vector_spacing << 0x5))), function at exception vector 37 too large)

.vector_38      0x9fc016c0        0x8
 *(.vector_38)
 .vector_38     0x9fc016c0        0x8 c:/program files/microchip/xc32/v1.42/bin/bin/../../lib/gcc/pic32mx/4.8.3/../../../../pic32mx/lib\libpic32.a(vector38.o)
                0x9fc016c0                __vector_dispatch_38
                0x00000001                ASSERT (((_vector_spacing == 0x0) || (SIZEOF (.vector_38) <= (_vector_spacing << 0x5))), function at exception vector 38 too large)

.vector_39      0x9fc016e0        0x8
 *(.vector_39)
 .vector_39     0x9fc016e0        0x8 c:/program files/microchip/xc32/v1.42/bin/bin/../../lib/gcc/pic32mx/4.8.3/../../../../pic32mx/lib\libpic32.a(vector39.o)
                0x9fc016e0                __vector_dispatch_39
                0x00000001                ASSERT (((_vector_spacing == 0x0) || (SIZEOF (.vector_39) <= (_vector_spacing << 0x5))), function at exception vector 39 too large)

.vector_40      0x9fc01700        0x8
 *(.vector_40)
 .vector_40     0x9fc01700        0x8 c:/program files/microchip/xc32/v1.42/bin/bin/../../lib/gcc/pic32mx/4.8.3/../../../../pic32mx/lib\libpic32.a(vector40.o)
                0x9fc01700                __vector_dispatch_40
                0x00000001                ASSERT (((_vector_spacing == 0x0) || (SIZEOF (.vector_40) <= (_vector_spacing << 0x5))), function at exception vector 40 too large)

.vector_41      0x9fc01720        0x8
 *(.vector_41)
 .vector_41     0x9fc01720        0x8 c:/program files/microchip/xc32/v1.42/bin/bin/../../lib/gcc/pic32mx/4.8.3/../../../../pic32mx/lib\libpic32.a(vector41.o)
                0x9fc01720                __vector_dispatch_41
                0x00000001                ASSERT (((_vector_spacing == 0x0) || (SIZEOF (.vector_41) <= (_vector_spacing << 0x5))), function at exception vector 41 too large)

.vector_42      0x9fc01740        0x8
 *(.vector_42)
 .vector_42     0x9fc01740        0x8 c:/program files/microchip/xc32/v1.42/bin/bin/../../lib/gcc/pic32mx/4.8.3/../../../../pic32mx/lib\libpic32.a(vector42.o)
                0x9fc01740                __vector_dispatch_42
                0x00000001                ASSERT (((_vector_spacing == 0x0) || (SIZEOF (.vector_42) <= (_vector_spacing << 0x5))), function at exception vector 42 too large)

.vector_43      0x9fc01760        0x8
 *(.vector_43)
 .vector_43     0x9fc01760        0x8 c:/program files/microchip/xc32/v1.42/bin/bin/../../lib/gcc/pic32mx/4.8.3/../../../../pic32mx/lib\libpic32.a(vector43.o)
                0x9fc01760                __vector_dispatch_43
                0x00000001                ASSERT (((_vector_spacing == 0x0) || (SIZEOF (.vector_43) <= (_vector_spacing << 0x5))), function at exception vector 43 too large)

.vector_44      0x9fc01780        0x8
 *(.vector_44)
 .vector_44     0x9fc01780        0x8 c:/program files/microchip/xc32/v1.42/bin/bin/../../lib/gcc/pic32mx/4.8.3/../../../../pic32mx/lib\libpic32.a(vector44.o)
                0x9fc01780                __vector_dispatch_44
                0x00000001                ASSERT (((_vector_spacing == 0x0) || (SIZEOF (.vector_44) <= (_vector_spacing << 0x5))), function at exception vector 44 too large)

.vector_45      0x9fc017a0        0x8
 *(.vector_45)
 .vector_45     0x9fc017a0        0x8 c:/program files/microchip/xc32/v1.42/bin/bin/../../lib/gcc/pic32mx/4.8.3/../../../../pic32mx/lib\libpic32.a(vector45.o)
                0x9fc017a0                __vector_dispatch_45
                0x00000001                ASSERT (((_vector_spacing == 0x0) || (SIZEOF (.vector_45) <= (_vector_spacing << 0x5))), function at exception vector 45 too large)

.vector_46      0x9fc017c0        0x8
 *(.vector_46)
 .vector_46     0x9fc017c0        0x8 c:/program files/microchip/xc32/v1.42/bin/bin/../../lib/gcc/pic32mx/4.8.3/../../../../pic32mx/lib\libpic32.a(vector46.o)
                0x9fc017c0                __vector_dispatch_46
                0x00000001                ASSERT (((_vector_spacing == 0x0) || (SIZEOF (.vector_46) <= (_vector_spacing << 0x5))), function at exception vector 46 too large)

.vector_47      0x9fc017e0        0x8
 *(.vector_47)
 .vector_47     0x9fc017e0        0x8 c:/program files/microchip/xc32/v1.42/bin/bin/../../lib/gcc/pic32mx/4.8.3/../../../../pic32mx/lib\libpic32.a(vector47.o)
                0x9fc017e0                __vector_dispatch_47
                0x00000001                ASSERT (((_vector_spacing == 0x0) || (SIZEOF (.vector_47) <= (_vector_spacing << 0x5))), function at exception vector 47 too large)

.vector_48      0x9fc01800        0x8
 *(.vector_48)
 .vector_48     0x9fc01800        0x8 c:/program files/microchip/xc32/v1.42/bin/bin/../../lib/gcc/pic32mx/4.8.3/../../../../pic32mx/lib\libpic32.a(vector48.o)
                0x9fc01800                __vector_dispatch_48
                0x00000001                ASSERT (((_vector_spacing == 0x0) || (SIZEOF (.vector_48) <= (_vector_spacing << 0x5))), function at exception vector 48 too large)

.vector_49      0x9fc01820        0x8
 *(.vector_49)
 .vector_49     0x9fc01820        0x8 c:/program files/microchip/xc32/v1.42/bin/bin/../../lib/gcc/pic32mx/4.8.3/../../../../pic32mx/lib\libpic32.a(vector49.o)
                0x9fc01820                __vector_dispatch_49
                0x00000001                ASSERT (((_vector_spacing == 0x0) || (SIZEOF (.vector_49) <= (_vector_spacing << 0x5))), function at exception vector 49 too large)

.vector_50      0x9fc01840        0x8
 *(.vector_50)
 .vector_50     0x9fc01840        0x8 c:/program files/microchip/xc32/v1.42/bin/bin/../../lib/gcc/pic32mx/4.8.3/../../../../pic32mx/lib\libpic32.a(vector50.o)
                0x9fc01840                __vector_dispatch_50
                0x00000001                ASSERT (((_vector_spacing == 0x0) || (SIZEOF (.vector_50) <= (_vector_spacing << 0x5))), function at exception vector 50 too large)

.vector_51      0x9fc01860        0x8
 *(.vector_51)
 .vector_51     0x9fc01860        0x8 c:/program files/microchip/xc32/v1.42/bin/bin/../../lib/gcc/pic32mx/4.8.3/../../../../pic32mx/lib\libpic32.a(vector51.o)
                0x9fc01860                __vector_dispatch_51
                0x00000001                ASSERT (((_vector_spacing == 0x0) || (SIZEOF (.vector_51) <= (_vector_spacing << 0x5))), function at exception vector 51 too large)

.vector_52      0x9fc01880        0x0
 *(.vector_52)
                0x00000001                ASSERT (((_vector_spacing == 0x0) || (SIZEOF (.vector_52) <= (_vector_spacing << 0x5))), function at exception vector 52 too large)

.vector_53      0x9fc018a0        0x0
 *(.vector_53)
                0x00000001                ASSERT (((_vector_spacing == 0x0) || (SIZEOF (.vector_53) <= (_vector_spacing << 0x5))), function at exception vector 53 too large)

.vector_54      0x9fc018c0        0x0
 *(.vector_54)
                0x00000001                ASSERT (((_vector_spacing == 0x0) || (SIZEOF (.vector_54) <= (_vector_spacing << 0x5))), function at exception vector 54 too large)

.vector_55      0x9fc018e0        0x0
 *(.vector_55)
                0x00000001                ASSERT (((_vector_spacing == 0x0) || (SIZEOF (.vector_55) <= (_vector_spacing << 0x5))), function at exception vector 55 too large)

.vector_56      0x9fc01900        0x0
 *(.vector_56)
                0x00000001                ASSERT (((_vector_spacing == 0x0) || (SIZEOF (.vector_56) <= (_vector_spacing << 0x5))), function at exception vector 56 too large)

.vector_57      0x9fc01920        0x0
 *(.vector_57)
                0x00000001                ASSERT (((_vector_spacing == 0x0) || (SIZEOF (.vector_57) <= (_vector_spacing << 0x5))), function at exception vector 57 too large)

.vector_58      0x9fc01940        0x0
 *(.vector_58)
                0x00000001                ASSERT (((_vector_spacing == 0x0) || (SIZEOF (.vector_58) <= (_vector_spacing << 0x5))), function at exception vector 58 too large)

.vector_59      0x9fc01960        0x0
 *(.vector_59)
                0x00000001                ASSERT (((_vector_spacing == 0x0) || (SIZEOF (.vector_59) <= (_vector_spacing << 0x5))), function at exception vector 59 too large)

.vector_60      0x9fc01980        0x0
 *(.vector_60)
                0x00000001                ASSERT (((_vector_spacing == 0x0) || (SIZEOF (.vector_60) <= (_vector_spacing << 0x5))), function at exception vector 60 too large)

.vector_61      0x9fc019a0        0x0
 *(.vector_61)
                0x00000001                ASSERT (((_vector_spacing == 0x0) || (SIZEOF (.vector_61) <= (_vector_spacing << 0x5))), function at exception vector 61 too large)

.vector_62      0x9fc019c0        0x0
 *(.vector_62)
                0x00000001                ASSERT (((_vector_spacing == 0x0) || (SIZEOF (.vector_62) <= (_vector_spacing << 0x5))), function at exception vector 62 too large)

.vector_63      0x9fc019e0        0x0
 *(.vector_63)
                0x00000001                ASSERT (((_vector_spacing == 0x0) || (SIZEOF (.vector_63) <= (_vector_spacing << 0x5))), function at exception vector 63 too large)

.startup
 *(.startup)

.text           0x9d000000        0x0
 *(.stub .gnu.linkonce.t.*)
 *(.text.*personality*)
 *(.mips16.fn.*)
 *(.mips16.call.*)
 *(.gnu.warning)
                0x9d000000                . = ALIGN (0x4)

.init           0x9d000000        0x0
 *crti.o(.init)
 *crtbegin.o(.init)
 *(EXCLUDE_FILE(*crtn.o *crtend?.o *crtend.o) .init)
 *crtend.o(.init)
 *crtn.o(.init)
                0x9d000000                . = ALIGN (0x4)

.fini           0x9d000000        0x0
 *(.fini)
                0x9d000000                . = ALIGN (0x4)

.preinit_array  0x9d000000        0x0
                0x9d000000                PROVIDE (__preinit_array_start, .)
 *(.preinit_array)
                0x9d000000                PROVIDE (__preinit_array_end, .)
                0x9d000000                . = ALIGN (0x4)

.init_array     0x9d000000        0x0
                0x9d000000                PROVIDE (__init_array_start, .)
 *(SORT(.init_array.*))
 *(.init_array)
                0x9d000000                PROVIDE (__init_array_end, .)
                0x9d000000                . = ALIGN (0x4)

.fini_array     0x9d000000        0x0
                0x9d000000                PROVIDE (__fini_array_start, .)
 *(SORT(.fini_array.*))
 *(.fini_array)
                0x9d000000                PROVIDE (__fini_array_end, .)
                0x9d000000                . = ALIGN (0x4)

.ctors          0x9d000000        0x0
 *crtbegin.o(.ctors)
 *crtbegin?.o(.ctors)
 *(EXCLUDE_FILE(*crtend?.o *crtend.o) .ctors)
 *(SORT(.ctors.*))
 *(.ctors)
                0x9d000000                . = ALIGN (0x4)

.dtors          0x9d000000        0x0
 *crtbegin.o(.dtors)
 *crtbegin?.o(.dtors)
 *(EXCLUDE_FILE(*crtend?.o *crtend.o) .dtors)
 *(SORT(.dtors.*))
 *(.dtors)
                0x9d000000                . = ALIGN (0x4)

.rodata         0x9d000000        0x0
 *(.gnu.linkonce.r.*)
 *(.rodata1)
                0x9d000000                . = ALIGN (0x4)

.sdata2         0x9fc00490        0x0
 *(.sdata2 .sdata2.* .gnu.linkonce.s2.*)
                0x9fc00490                . = ALIGN (0x4)

.sbss2          0x9fc00490        0x0
 *(.sbss2 .sbss2.* .gnu.linkonce.sb2.*)
                0x9fc00490                . = ALIGN (0x4)

.eh_frame_hdr
 *(.eh_frame_hdr)
                0x9fc00490                . = ALIGN (0x4)

.eh_frame
 *(.eh_frame)
                0x9fc00490                . = ALIGN (0x4)

.gcc_except_table
 *(.gcc_except_table .gcc_except_table.*)
                0x9fc00490                . = ALIGN (0x4)

.dbg_data       0xa0000000        0x0
                0xa0000000                . = (. + DEFINED (_DEBUGGER)?0x200:0x0)

.jcr            0xa0000000        0x0
 *(.jcr)
                0xa0000000                . = ALIGN (0x4)

.eh_frame
 *(.eh_frame)
                0xa0000000                . = ALIGN (0x4)

.gcc_except_table
 *(.gcc_except_table .gcc_except_table.*)
                0xa0000000                . = ALIGN (0x4)

.persist        0xa0000000        0x0
                0xa0000000                _persist_begin = .
 *(.persist .persist.*)
 *(.pbss .pbss.*)
                0xa0000000                . = ALIGN (0x4)
                0xa0000000                _persist_end = .

.data           0xa0000000        0x0
 *(.gnu.linkonce.d.*)
 *(.data1)
                0xa0000000                . = ALIGN (0x4)
                0xa0000000                . = .
                0xa0007ff0                _gp = (ALIGN (0x10) + 0x7ff0)

.got            0xa0000000        0x0
 *(.got.plt)
 *(.got)
                0xa0000000                . = ALIGN (0x4)

.sdata          0xa0000000        0x4
                0xa0000000                _sdata_begin = .
 *(.sdata .sdata.* .gnu.linkonce.s.*)
 .sdata         0xa0000000        0x4 build/default/production/_ext/12131622/port.o
                0xa0000000                uxInterruptNesting
                0xa0000004                . = ALIGN (0x4)
                0xa0000004                _sdata_end = .

.lit8
 *(.lit8)

.lit4
 *(.lit4)
                0xa0000004                . = ALIGN (0x4)
                0xa0000004                _data_end = .
                0xa0000004                _bss_begin = .

.sbss           0xa0000004       0x7c
                0xa0000004                _sbss_begin = .
 *(.dynsbss)
 *(.sbss .sbss.* .gnu.linkonce.sb.*)
 .sbss          0xa0000004        0xc build/default/production/_ext/1688732426/system_exceptions.o
 .sbss          0xa0000010        0x1 build/default/production/_ext/568870469/drv_spi.o
 *fill*         0xa0000011        0x3 
 .sbss          0xa0000014        0x8 build/default/production/_ext/1856876499/heap_1.o
 .sbss          0xa000001c        0x4 build/default/production/_ext/12131622/port.o
                0xa000001c                uxSavedTaskStackPointer
 .sbss          0xa0000020       0x38 build/default/production/_ext/1128951024/tasks.o
                0xa0000054                pxCurrentTCB
 *(.scommon)
 .scommon       0xa0000058       0x10 build/default/production/_ext/639803181/sys_clk_static.o
                0xa0000058                pxTaskNavCorrectionHandle
                0xa000005c                px_APP_TasksHandle
                0xa0000060                pxTaskNavPredictionHandle
                0xa0000064                BaroAlt
 .scommon       0xa0000068        0x0 build/default/production/_ext/1688732426/system_init.o
 .scommon       0xa0000068        0x0 build/default/production/_ext/1688732426/system_interrupt.o
 .scommon       0xa0000068        0x0 build/default/production/_ext/1688732426/system_exceptions.o
 .scommon       0xa0000068        0x0 build/default/production/_ext/1688732426/system_tasks.o
 .scommon       0xa0000068       0x10 build/default/production/_ext/1360937237/app.o
                0xa0000068                appData
                0xa0000070                SPI_handle
                0xa0000074                SPI_bufferHandle
 .scommon       0xa0000078        0x8 build/default/production/_ext/1271179505/sys_devcon.o
                0xa0000078                sysDevconObj
                0xa0000080                _sbss_end = .
                0xa0000080                . = ALIGN (0x4)

.bss            0xa0000080     0x11e4
 *(.dynbss)
 *(COMMON)
 COMMON         0xa0000080       0x24 build/default/production/_ext/639803181/sys_clk_static.o
                0xa0000080                Vel
                0xa000008c                Pos
                0xa0000098                mag_data
 COMMON         0xa00000a4     0x10e4 build/default/production/_ext/1688732426/insgps16state_v1.o
                0xa00000a4                G
                0xa00003a4                K
                0xa0000624                H
                0xa00008a4                F
                0xa0000ca4                P
                0xa00010a4                R
                0xa00010cc                Q
                0xa00010fc                X
                0xa000113c                Nav
                0xa000117c                Be
 COMMON         0xa0001188        0xc build/default/production/_ext/1688732426/system_init.o
                0xa0001188                sysObj
 COMMON         0xa0001194       0x16 build/default/production/_ext/1360937237/app.o
                0xa0001194                SPI_ReadBuffer
                0xa00011a0                SPI_WriteBuffer
 *fill*         0xa00011aa        0x2 
 COMMON         0xa00011ac       0xb8 build/default/production/_ext/260586732/drv_usart.o
                0xa00011ac                gDrvUSARTCommonDataObj
                0xa00011b8                gDrvUSARTClientObj
                0xa0001204                gDrvUSARTObj
                0xa0001264                . = ALIGN ((. != 0x0)?0x4:0x1)
                0xa0001264                . = ALIGN (0x4)
                0xa0001264                _end = .
                0xa0001264                _bss_end = .
                0x00020000                _bmxdudba_address = 0x20000
                0x00020000                _bmxdupba_address = 0x20000

/DISCARD/
 *(.pdr)
 *(.rel.dyn)
 *(.note.GNU-stack)
 *(.note.GNU-stack)
 *(.gnu_debuglink)
 *(.gnu.lto_*)
 *(.discard)

.gptab.sdata
 *(.gptab.data)
 *(.gptab.sdata)

.gptab.sbss
 *(.gptab.bss)
 *(.gptab.sbss)

.mdebug.abi32   0xa0001264        0x0
 *(.mdebug.abi32)
 .mdebug.abi32  0xa0001264        0x0 build/default/production/_ext/977502197/drv_spi_tasks.o
 .mdebug.abi32  0xa0001264        0x0 build/default/production/_ext/977502197/drv_spi_api.o
 .mdebug.abi32  0xa0001264        0x0 build/default/production/_ext/977502197/drv_spi_master_ebm_tasks.o
 .mdebug.abi32  0xa0001264        0x0 build/default/production/_ext/639803181/sys_clk_static.o
 .mdebug.abi32  0xa0001264        0x0 build/default/production/_ext/822048611/sys_ports_static.o
 .mdebug.abi32  0xa0001264        0x0 build/default/production/_ext/1688732426/insgps16state_v1.o
 .mdebug.abi32  0xa0001264        0x0 build/default/production/_ext/1688732426/system_init.o
 .mdebug.abi32  0xa0001264        0x0 build/default/production/_ext/1688732426/system_interrupt.o
 .mdebug.abi32  0xa0001264        0x0 build/default/production/_ext/1688732426/system_exceptions.o
 .mdebug.abi32  0xa0001264        0x0 build/default/production/_ext/1688732426/system_tasks.o
 .mdebug.abi32  0xa0001264        0x0 build/default/production/_ext/1688732426/rtos_hooks.o
 .mdebug.abi32  0xa0001264        0x0 build/default/production/_ext/1360937237/app.o
 .mdebug.abi32  0xa0001264        0x0 build/default/production/_ext/1360937237/main.o
 .mdebug.abi32  0xa0001264        0x0 build/default/production/_ext/1890346972/bsp_sys_init.o
 .mdebug.abi32  0xa0001264        0x0 build/default/production/_ext/568870469/drv_spi.o
 .mdebug.abi32  0xa0001264        0x0 build/default/production/_ext/465164171/drv_spi_sys_queue_fifo.o
 .mdebug.abi32  0xa0001264        0x0 build/default/production/_ext/260586732/drv_usart.o
 .mdebug.abi32  0xa0001264        0x0 build/default/production/_ext/260586732/drv_usart_read_write.o
 .mdebug.abi32  0xa0001264        0x0 build/default/production/_ext/24337685/osal_freertos.o
 .mdebug.abi32  0xa0001264        0x0 build/default/production/_ext/1271179505/sys_devcon.o
 .mdebug.abi32  0xa0001264        0x0 build/default/production/_ext/1271179505/sys_devcon_pic32mx.o
 .mdebug.abi32  0xa0001264        0x0 build/default/production/_ext/122796885/sys_int_pic32.o
 .mdebug.abi32  0xa0001264        0x0 build/default/production/_ext/1856876499/heap_1.o
 .mdebug.abi32  0xa0001264        0x0 build/default/production/_ext/12131622/port.o
 .mdebug.abi32  0xa0001264        0x0 build/default/production/_ext/1128951024/croutine.o
 .mdebug.abi32  0xa0001264        0x0 build/default/production/_ext/1128951024/list.o
 .mdebug.abi32  0xa0001264        0x0 build/default/production/_ext/1128951024/queue.o
 .mdebug.abi32  0xa0001264        0x0 build/default/production/_ext/1128951024/tasks.o
 .mdebug.abi32  0xa0001264        0x0 build/default/production/_ext/1128951024/timers.o
 .mdebug.abi32  0xa0001264        0x0 build/default/production/_ext/1128951024/event_groups.o
 .mdebug.abi32  0xa0001264        0x0 c:/program files/microchip/xc32/v1.42/bin/bin/../../lib/gcc/pic32mx/4.8.3/../../../../pic32mx/lib\libpic32.a(default-bootstrap-exception-handler.o)
 .mdebug.abi32  0xa0001264        0x0 c:/program files/microchip/xc32/v1.42/bin/bin/../../lib/gcc/pic32mx/4.8.3/../../../../pic32mx/lib\libpic32.a(default-on-reset.o)
 .mdebug.abi32  0xa0001264        0x0 c:/program files/microchip/xc32/v1.42/bin/bin/../../lib/gcc/pic32mx/4.8.3/../../../../pic32mx/lib\libpic32.a(default-on-bootstrap.o)
 .mdebug.abi32  0xa0001264        0x0 c:/program files/microchip/xc32/v1.42/bin/bin/../../lib/gcc/pic32mx/4.8.3/../../../../pic32mx/lib\libpic32.a(defaultinterrupt.o)
 .mdebug.abi32  0xa0001264        0x0 c:/program files/microchip/xc32/v1.42/bin/bin/../../lib/gcc/pic32mx/4.8.3/../../../../pic32mx/lib\libm.a(w_sqrtf.o)
 .mdebug.abi32  0xa0001264        0x0 c:/program files/microchip/xc32/v1.42/bin/bin/../../lib/gcc/pic32mx/4.8.3/../../../../pic32mx/lib\libm.a(s_lib_ver.o)
 .mdebug.abi32  0xa0001264        0x0 c:/program files/microchip/xc32/v1.42/bin/bin/../../lib/gcc/pic32mx/4.8.3/../../../../pic32mx/lib\libc.a(errno.o)
 .mdebug.abi32  0xa0001264        0x0 c:/program files/microchip/xc32/v1.42/bin/bin/../../lib/gcc/pic32mx/4.8.3/../../../../pic32mx/lib\libc.a(strchr.o)
 .mdebug.abi32  0xa0001264        0x0 c:/program files/microchip/xc32/v1.42/bin/bin/../../lib/gcc/pic32mx/4.8.3/../../../../pic32mx/lib\libc.a(strncpy.o)
 .mdebug.abi32  0xa0001264        0x0 c:/program files/microchip/xc32/v1.42/bin/bin/../../lib/gcc/pic32mx/4.8.3/../../../../pic32mx/lib\libc.a(strtof.o)
 .mdebug.abi32  0xa0001264        0x0 c:/program files/microchip/xc32/v1.42/bin/bin/../../lib/gcc/pic32mx/4.8.3/../../../../pic32mx/lib\libc.a(strtok.o)
 .mdebug.abi32  0xa0001264        0x0 c:/program files/microchip/xc32/v1.42/bin/bin/../../lib/gcc/pic32mx/4.8.3/../../../../pic32mx/lib\libc.a(strcspn.o)
 .mdebug.abi32  0xa0001264        0x0 c:/program files/microchip/xc32/v1.42/bin/bin/../../lib/gcc/pic32mx/4.8.3/../../../../pic32mx/lib\libc.a(strspn.o)
 .mdebug.abi32  0xa0001264        0x0 c:/program files/microchip/xc32/v1.42/bin/bin/../../lib/gcc/pic32mx/4.8.3/../../../../pic32mx/lib\libm.a(__strtof.o)
 .mdebug.abi32  0xa0001264        0x0 c:/program files/microchip/xc32/v1.42/bin/bin/../../lib/gcc/pic32mx/4.8.3/../../../../pic32mx/lib\libe.a(_ldexpf.o)
 .mdebug.abi32  0xa0001264        0x0 c:/program files/microchip/xc32/v1.42/bin/bin/../../lib/gcc/pic32mx/4.8.3/../../../../pic32mx/lib\libc.a(ctype.o)

.mdebug.abiN32
 *(.mdebug.abiN32)

.mdebug.abi64
 *(.mdebug.abi64)

.mdebug.abiO64
 *(.mdebug.abiO64)

.mdebug.eabi32
 *(.mdebug.eabi32)

.mdebug.eabi64
 *(.mdebug.eabi64)

.gcc_compiled_long32
 *(.gcc_compiled_long32)

.gcc_compiled_long64
 *(.gcc_compiled_long64)

.stab
 *(.stab)

.stabstr
 *(.stabstr)

.stab.excl
 *(.stab.excl)

.stab.exclstr
 *(.stab.exclstr)

.stab.index
 *(.stab.index)

.stab.indexstr
 *(.stab.indexstr)

.comment        0x00000000      0x18f
 *(.comment)
 .comment       0x00000000       0x3c build/default/production/_ext/977502197/drv_spi_tasks.o
                                 0x3d (size before relaxing)
 .comment       0x00000000       0x3d build/default/production/_ext/977502197/drv_spi_api.o
 .comment       0x00000000       0x3d build/default/production/_ext/977502197/drv_spi_master_ebm_tasks.o
 .comment       0x00000000       0x3d build/default/production/_ext/639803181/sys_clk_static.o
 .comment       0x00000000       0x3d build/default/production/_ext/822048611/sys_ports_static.o
 .comment       0x00000000       0x3d build/default/production/_ext/1688732426/insgps16state_v1.o
 .comment       0x00000000       0x3d build/default/production/_ext/1688732426/system_init.o
 .comment       0x00000000       0x3d build/default/production/_ext/1688732426/system_interrupt.o
 .comment       0x00000000       0x3d build/default/production/_ext/1688732426/system_exceptions.o
 .comment       0x00000000       0x3d build/default/production/_ext/1688732426/system_tasks.o
 .comment       0x00000000       0x3d build/default/production/_ext/1688732426/rtos_hooks.o
 .comment       0x00000000       0x3d build/default/production/_ext/1360937237/app.o
 .comment       0x00000000       0x3d build/default/production/_ext/1360937237/main.o
 .comment       0x00000000       0x3d build/default/production/_ext/1890346972/bsp_sys_init.o
 .comment       0x00000000       0x3d build/default/production/_ext/568870469/drv_spi.o
 .comment       0x00000000       0x3d build/default/production/_ext/465164171/drv_spi_sys_queue_fifo.o
 .comment       0x00000000       0x3d build/default/production/_ext/260586732/drv_usart.o
 .comment       0x00000000       0x3d build/default/production/_ext/260586732/drv_usart_read_write.o
 .comment       0x00000000       0x3d build/default/production/_ext/24337685/osal_freertos.o
 .comment       0x00000000       0x3d build/default/production/_ext/1271179505/sys_devcon.o
 .comment       0x00000000       0x3d build/default/production/_ext/1271179505/sys_devcon_pic32mx.o
 .comment       0x00000000       0x3d build/default/production/_ext/122796885/sys_int_pic32.o
 .comment       0x00000000       0x3d build/default/production/_ext/1856876499/heap_1.o
 .comment       0x00000000       0x3d build/default/production/_ext/12131622/port.o
 .comment       0x00000000       0x3d build/default/production/_ext/1128951024/croutine.o
 .comment       0x00000000       0x3d build/default/production/_ext/1128951024/list.o
 .comment       0x00000000       0x3d build/default/production/_ext/1128951024/queue.o
 .comment       0x00000000       0x3d build/default/production/_ext/1128951024/tasks.o
 .comment       0x00000000       0x3d build/default/production/_ext/1128951024/timers.o
 .comment       0x00000000       0x3d build/default/production/_ext/1128951024/event_groups.o
 .comment       0x0000003c       0x18 c:/program files/microchip/xc32/v1.42/bin/bin/../../lib/gcc/pic32mx/4.8.3/../../../../pic32mx/lib\libpic32.a(memset.o)
                                 0x19 (size before relaxing)
 .comment       0x00000000       0x3d c:/program files/microchip/xc32/v1.42/bin/bin/../../lib/gcc/pic32mx/4.8.3/../../../../pic32mx/lib\libpic32.a(default-bootstrap-exception-handler.o)
 .comment       0x00000000       0x3d c:/program files/microchip/xc32/v1.42/bin/bin/../../lib/gcc/pic32mx/4.8.3/../../../../pic32mx/lib\libpic32.a(default-on-reset.o)
 .comment       0x00000000       0x3d c:/program files/microchip/xc32/v1.42/bin/bin/../../lib/gcc/pic32mx/4.8.3/../../../../pic32mx/lib\libpic32.a(default-on-bootstrap.o)
 .comment       0x00000000       0x3d c:/program files/microchip/xc32/v1.42/bin/bin/../../lib/gcc/pic32mx/4.8.3/../../../../pic32mx/lib\libpic32.a(defaultinterrupt.o)
 .comment       0x00000000       0x3d c:/program files/microchip/xc32/v1.42/bin/bin/../../lib/gcc/pic32mx/4.8.3/../../../../pic32mx/lib\libm.a(w_sqrtf.o)
 .comment       0x00000000       0x3d c:/program files/microchip/xc32/v1.42/bin/bin/../../lib/gcc/pic32mx/4.8.3/../../../../pic32mx/lib\libm.a(s_lib_ver.o)
 .comment       0x00000000       0x3d c:/program files/microchip/xc32/v1.42/bin/bin/../../lib/gcc/pic32mx/4.8.3/../../../../pic32mx/lib\libc.a(errno.o)
 .comment       0x00000000       0x3d c:/program files/microchip/xc32/v1.42/bin/bin/../../lib/gcc/pic32mx/4.8.3/../../../../pic32mx/lib\libc.a(strchr.o)
 .comment       0x00000000       0x3d c:/program files/microchip/xc32/v1.42/bin/bin/../../lib/gcc/pic32mx/4.8.3/../../../../pic32mx/lib\libc.a(strncpy.o)
 .comment       0x00000000       0x3d c:/program files/microchip/xc32/v1.42/bin/bin/../../lib/gcc/pic32mx/4.8.3/../../../../pic32mx/lib\libc.a(strtof.o)
 .comment       0x00000000       0x3d c:/program files/microchip/xc32/v1.42/bin/bin/../../lib/gcc/pic32mx/4.8.3/../../../../pic32mx/lib\libc.a(strtok.o)
 .comment       0x00000000       0x3d c:/program files/microchip/xc32/v1.42/bin/bin/../../lib/gcc/pic32mx/4.8.3/../../../../pic32mx/lib\libc.a(strcspn.o)
 .comment       0x00000000       0x3d c:/program files/microchip/xc32/v1.42/bin/bin/../../lib/gcc/pic32mx/4.8.3/../../../../pic32mx/lib\libc.a(strspn.o)
 .comment       0x00000054       0x9d c:/program files/microchip/xc32/v1.42/bin/bin/../../lib/gcc/pic32mx/4.8.3/../../../../pic32mx/lib\libm.a(__strtof.o)
                                 0xda (size before relaxing)
 .comment       0x000000f1       0x50 c:/program files/microchip/xc32/v1.42/bin/bin/../../lib/gcc/pic32mx/4.8.3/../../../../pic32mx/lib\libe.a(_ldexpf.o)
                                 0xdb (size before relaxing)
 .comment       0x00000141       0x4e c:/program files/microchip/xc32/v1.42/bin/bin/../../lib/gcc/pic32mx/4.8.3/../../../../pic32mx/lib\libc.a(ctype.o)
                                 0x8b (size before relaxing)

.debug
 *(.debug)

.line
 *(.line)

.debug_srcinfo
 *(.debug_srcinfo)

.debug_sfnames
 *(.debug_sfnames)

.debug_aranges  0x00000000      0xde0
 *(.debug_aranges)
 .debug_aranges
                0x00000000       0x20 build/default/production/_ext/977502197/drv_spi_tasks.o
 .debug_aranges
                0x00000020       0x28 build/default/production/_ext/977502197/drv_spi_api.o
 .debug_aranges
                0x00000048       0x28 build/default/production/_ext/977502197/drv_spi_master_ebm_tasks.o
 .debug_aranges
                0x00000070       0x50 build/default/production/_ext/639803181/sys_clk_static.o
 .debug_aranges
                0x000000c0      0x108 build/default/production/_ext/822048611/sys_ports_static.o
 .debug_aranges
                0x000001c8       0xf0 build/default/production/_ext/1688732426/insgps16state_v1.o
 .debug_aranges
                0x000002b8       0x20 build/default/production/_ext/1688732426/system_init.o
 .debug_aranges
                0x000002d8       0x38 build/default/production/_ext/1688732426/system_interrupt.o
 .debug_aranges
                0x00000310       0x20 build/default/production/_ext/1688732426/system_exceptions.o
 .debug_aranges
                0x00000330       0x48 build/default/production/_ext/1688732426/system_tasks.o
 .debug_aranges
                0x00000378       0x58 build/default/production/_ext/1688732426/system_interrupt_a.o
 .debug_aranges
                0x000003d0       0x28 build/default/production/_ext/1688732426/rtos_hooks.o
 .debug_aranges
                0x000003f8       0x48 build/default/production/_ext/1360937237/app.o
 .debug_aranges
                0x00000440       0x20 build/default/production/_ext/1360937237/main.o
 .debug_aranges
                0x00000460       0x60 build/default/production/_ext/1890346972/bsp_sys_init.o
 .debug_aranges
                0x000004c0       0x98 build/default/production/_ext/568870469/drv_spi.o
 .debug_aranges
                0x00000558       0xd8 build/default/production/_ext/465164171/drv_spi_sys_queue_fifo.o
 .debug_aranges
                0x00000630       0xd8 build/default/production/_ext/260586732/drv_usart.o
 .debug_aranges
                0x00000708       0x28 build/default/production/_ext/260586732/drv_usart_read_write.o
 .debug_aranges
                0x00000730       0x88 build/default/production/_ext/24337685/osal_freertos.o
 .debug_aranges
                0x000007b8       0x78 build/default/production/_ext/1271179505/sys_devcon.o
 .debug_aranges
                0x00000830       0x20 build/default/production/_ext/1271179505/sys_devcon_pic32mx.o
 .debug_aranges
                0x00000850       0x48 build/default/production/_ext/122796885/sys_int_pic32.o
 .debug_aranges
                0x00000898       0x38 build/default/production/_ext/1856876499/heap_1.o
 .debug_aranges
                0x000008d0       0x58 build/default/production/_ext/12131622/port.o
 .debug_aranges
                0x00000928       0x20 build/default/production/_ext/12131622/port_asm.o
 .debug_aranges
                0x00000948       0x18 build/default/production/_ext/1128951024/croutine.o
 .debug_aranges
                0x00000960       0x40 build/default/production/_ext/1128951024/list.o
 .debug_aranges
                0x000009a0       0xb0 build/default/production/_ext/1128951024/queue.o
 .debug_aranges
                0x00000a50      0x170 build/default/production/_ext/1128951024/tasks.o
 .debug_aranges
                0x00000bc0       0x18 build/default/production/_ext/1128951024/timers.o
 .debug_aranges
                0x00000bd8       0x60 build/default/production/_ext/1128951024/event_groups.o
 .debug_aranges
                0x00000c38       0x20 c:/program files/microchip/xc32/v1.42/bin/bin/../../lib/gcc/pic32mx/4.8.3/../../../../pic32mx/lib\libpic32.a(default-bootstrap-exception-handler.o)
 .debug_aranges
                0x00000c58       0x20 c:/program files/microchip/xc32/v1.42/bin/bin/../../lib/gcc/pic32mx/4.8.3/../../../../pic32mx/lib\libpic32.a(default-on-reset.o)
 .debug_aranges
                0x00000c78       0x20 c:/program files/microchip/xc32/v1.42/bin/bin/../../lib/gcc/pic32mx/4.8.3/../../../../pic32mx/lib\libpic32.a(default-on-bootstrap.o)
 .debug_aranges
                0x00000c98       0x20 c:/program files/microchip/xc32/v1.42/bin/bin/../../lib/gcc/pic32mx/4.8.3/../../../../pic32mx/lib\libpic32.a(defaultinterrupt.o)
 .debug_aranges
                0x00000cb8       0x20 c:/program files/microchip/xc32/v1.42/bin/bin/../../lib/gcc/pic32mx/4.8.3/../../../../pic32mx/lib\libm.a(w_sqrtf.o)
 .debug_aranges
                0x00000cd8       0x20 c:/program files/microchip/xc32/v1.42/bin/bin/../../lib/gcc/pic32mx/4.8.3/../../../../pic32mx/lib\libc.a(strchr.o)
 .debug_aranges
                0x00000cf8       0x20 c:/program files/microchip/xc32/v1.42/bin/bin/../../lib/gcc/pic32mx/4.8.3/../../../../pic32mx/lib\libc.a(strncpy.o)
 .debug_aranges
                0x00000d18       0x28 c:/program files/microchip/xc32/v1.42/bin/bin/../../lib/gcc/pic32mx/4.8.3/../../../../pic32mx/lib\libc.a(strtof.o)
 .debug_aranges
                0x00000d40       0x20 c:/program files/microchip/xc32/v1.42/bin/bin/../../lib/gcc/pic32mx/4.8.3/../../../../pic32mx/lib\libc.a(strtok.o)
 .debug_aranges
                0x00000d60       0x20 c:/program files/microchip/xc32/v1.42/bin/bin/../../lib/gcc/pic32mx/4.8.3/../../../../pic32mx/lib\libc.a(strcspn.o)
 .debug_aranges
                0x00000d80       0x20 c:/program files/microchip/xc32/v1.42/bin/bin/../../lib/gcc/pic32mx/4.8.3/../../../../pic32mx/lib\libc.a(strspn.o)
 .debug_aranges
                0x00000da0       0x20 c:/program files/microchip/xc32/v1.42/bin/bin/../../lib/gcc/pic32mx/4.8.3/../../../../pic32mx/lib\libm.a(__strtof.o)
 .debug_aranges
                0x00000dc0       0x20 c:/program files/microchip/xc32/v1.42/bin/bin/../../lib/gcc/pic32mx/4.8.3/../../../../pic32mx/lib\libe.a(_ldexpf.o)

.debug_pubnames
 *(.debug_pubnames)

.debug_info     0x00000000    0x387a8
 *(.debug_info .gnu.linkonce.wi.*)
 .debug_info    0x00000000     0x2d59 build/default/production/_ext/977502197/drv_spi_tasks.o
 .debug_info    0x00002d59     0x54f5 build/default/production/_ext/977502197/drv_spi_api.o
 .debug_info    0x0000824e     0x2862 build/default/production/_ext/977502197/drv_spi_master_ebm_tasks.o
 .debug_info    0x0000aab0     0x19d2 build/default/production/_ext/639803181/sys_clk_static.o
 .debug_info    0x0000c482     0x3dc1 build/default/production/_ext/822048611/sys_ports_static.o
 .debug_info    0x00010243     0x11b4 build/default/production/_ext/1688732426/insgps16state_v1.o
 .debug_info    0x000113f7     0x3d1e build/default/production/_ext/1688732426/system_init.o
 .debug_info    0x00015115     0x1acd build/default/production/_ext/1688732426/system_interrupt.o
 .debug_info    0x00016be2      0xd3d build/default/production/_ext/1688732426/system_exceptions.o
 .debug_info    0x0001791f     0x19a2 build/default/production/_ext/1688732426/system_tasks.o
 .debug_info    0x000192c1       0x93 build/default/production/_ext/1688732426/system_interrupt_a.o
 .debug_info    0x00019354      0x249 build/default/production/_ext/1688732426/rtos_hooks.o
 .debug_info    0x0001959d     0x187a build/default/production/_ext/1360937237/app.o
 .debug_info    0x0001ae17      0x1a1 build/default/production/_ext/1360937237/main.o
 .debug_info    0x0001afb8      0xfe1 build/default/production/_ext/1890346972/bsp_sys_init.o
 .debug_info    0x0001bf99     0x4bfa build/default/production/_ext/568870469/drv_spi.o
 .debug_info    0x00020b93     0x1af4 build/default/production/_ext/465164171/drv_spi_sys_queue_fifo.o
 .debug_info    0x00022687     0x7759 build/default/production/_ext/260586732/drv_usart.o
 .debug_info    0x00029de0     0x2f1b build/default/production/_ext/260586732/drv_usart_read_write.o
 .debug_info    0x0002ccfb      0xa85 build/default/production/_ext/24337685/osal_freertos.o
 .debug_info    0x0002d780     0x147b build/default/production/_ext/1271179505/sys_devcon.o
 .debug_info    0x0002ebfb      0xf3d build/default/production/_ext/1271179505/sys_devcon_pic32mx.o
 .debug_info    0x0002fb38     0x17a4 build/default/production/_ext/122796885/sys_int_pic32.o
 .debug_info    0x000312dc      0x36a build/default/production/_ext/1856876499/heap_1.o
 .debug_info    0x00031646     0x1195 build/default/production/_ext/12131622/port.o
 .debug_info    0x000327db       0xb4 build/default/production/_ext/12131622/port_asm.o
 .debug_info    0x0003288f      0x166 build/default/production/_ext/1128951024/croutine.o
 .debug_info    0x000329f5      0x456 build/default/production/_ext/1128951024/list.o
 .debug_info    0x00032e4b     0x1726 build/default/production/_ext/1128951024/queue.o
 .debug_info    0x00034571     0x28c1 build/default/production/_ext/1128951024/tasks.o
 .debug_info    0x00036e32      0x164 build/default/production/_ext/1128951024/timers.o
 .debug_info    0x00036f96      0xd38 build/default/production/_ext/1128951024/event_groups.o
 .debug_info    0x00037cce       0xf5 c:/program files/microchip/xc32/v1.42/bin/bin/../../lib/gcc/pic32mx/4.8.3/../../../../pic32mx/lib\libpic32.a(default-bootstrap-exception-handler.o)
 .debug_info    0x00037dc3       0xcf c:/program files/microchip/xc32/v1.42/bin/bin/../../lib/gcc/pic32mx/4.8.3/../../../../pic32mx/lib\libpic32.a(default-on-reset.o)
 .debug_info    0x00037e92       0xd7 c:/program files/microchip/xc32/v1.42/bin/bin/../../lib/gcc/pic32mx/4.8.3/../../../../pic32mx/lib\libpic32.a(default-on-bootstrap.o)
 .debug_info    0x00037f69       0xe9 c:/program files/microchip/xc32/v1.42/bin/bin/../../lib/gcc/pic32mx/4.8.3/../../../../pic32mx/lib\libpic32.a(defaultinterrupt.o)
 .debug_info    0x00038052       0xbf c:/program files/microchip/xc32/v1.42/bin/bin/../../lib/gcc/pic32mx/4.8.3/../../../../pic32mx/lib\libm.a(w_sqrtf.o)
 .debug_info    0x00038111       0xc8 c:/program files/microchip/xc32/v1.42/bin/bin/../../lib/gcc/pic32mx/4.8.3/../../../../pic32mx/lib\libc.a(strchr.o)
 .debug_info    0x000381d9       0xca c:/program files/microchip/xc32/v1.42/bin/bin/../../lib/gcc/pic32mx/4.8.3/../../../../pic32mx/lib\libc.a(strncpy.o)
 .debug_info    0x000382a3       0xf7 c:/program files/microchip/xc32/v1.42/bin/bin/../../lib/gcc/pic32mx/4.8.3/../../../../pic32mx/lib\libc.a(strtof.o)
 .debug_info    0x0003839a       0xc8 c:/program files/microchip/xc32/v1.42/bin/bin/../../lib/gcc/pic32mx/4.8.3/../../../../pic32mx/lib\libc.a(strtok.o)
 .debug_info    0x00038462       0xca c:/program files/microchip/xc32/v1.42/bin/bin/../../lib/gcc/pic32mx/4.8.3/../../../../pic32mx/lib\libc.a(strcspn.o)
 .debug_info    0x0003852c       0xc8 c:/program files/microchip/xc32/v1.42/bin/bin/../../lib/gcc/pic32mx/4.8.3/../../../../pic32mx/lib\libc.a(strspn.o)
 .debug_info    0x000385f4       0xd9 c:/program files/microchip/xc32/v1.42/bin/bin/../../lib/gcc/pic32mx/4.8.3/../../../../pic32mx/lib\libm.a(__strtof.o)
 .debug_info    0x000386cd       0xdb c:/program files/microchip/xc32/v1.42/bin/bin/../../lib/gcc/pic32mx/4.8.3/../../../../pic32mx/lib\libe.a(_ldexpf.o)

.debug_abbrev   0x00000000     0x413a
 *(.debug_abbrev)
 .debug_abbrev  0x00000000      0x2bf build/default/production/_ext/977502197/drv_spi_tasks.o
 .debug_abbrev  0x000002bf      0x2d1 build/default/production/_ext/977502197/drv_spi_api.o
 .debug_abbrev  0x00000590      0x24e build/default/production/_ext/977502197/drv_spi_master_ebm_tasks.o
 .debug_abbrev  0x000007de      0x294 build/default/production/_ext/639803181/sys_clk_static.o
 .debug_abbrev  0x00000a72      0x22b build/default/production/_ext/822048611/sys_ports_static.o
 .debug_abbrev  0x00000c9d      0x20d build/default/production/_ext/1688732426/insgps16state_v1.o
 .debug_abbrev  0x00000eaa      0x2fd build/default/production/_ext/1688732426/system_init.o
 .debug_abbrev  0x000011a7      0x1ca build/default/production/_ext/1688732426/system_interrupt.o
 .debug_abbrev  0x00001371       0xbd build/default/production/_ext/1688732426/system_exceptions.o
 .debug_abbrev  0x0000142e      0x23b build/default/production/_ext/1688732426/system_tasks.o
 .debug_abbrev  0x00001669       0x12 build/default/production/_ext/1688732426/system_interrupt_a.o
 .debug_abbrev  0x0000167b       0x97 build/default/production/_ext/1688732426/rtos_hooks.o
 .debug_abbrev  0x00001712      0x210 build/default/production/_ext/1360937237/app.o
 .debug_abbrev  0x00001922       0x93 build/default/production/_ext/1360937237/main.o
 .debug_abbrev  0x000019b5      0x187 build/default/production/_ext/1890346972/bsp_sys_init.o
 .debug_abbrev  0x00001b3c      0x44a build/default/production/_ext/568870469/drv_spi.o
 .debug_abbrev  0x00001f86      0x254 build/default/production/_ext/465164171/drv_spi_sys_queue_fifo.o
 .debug_abbrev  0x000021da      0x43b build/default/production/_ext/260586732/drv_usart.o
 .debug_abbrev  0x00002615      0x333 build/default/production/_ext/260586732/drv_usart_read_write.o
 .debug_abbrev  0x00002948      0x1fe build/default/production/_ext/24337685/osal_freertos.o
 .debug_abbrev  0x00002b46      0x26d build/default/production/_ext/1271179505/sys_devcon.o
 .debug_abbrev  0x00002db3      0x16d build/default/production/_ext/1271179505/sys_devcon_pic32mx.o
 .debug_abbrev  0x00002f20      0x1d0 build/default/production/_ext/122796885/sys_int_pic32.o
 .debug_abbrev  0x000030f0      0x13f build/default/production/_ext/1856876499/heap_1.o
 .debug_abbrev  0x0000322f      0x2cf build/default/production/_ext/12131622/port.o
 .debug_abbrev  0x000034fe       0x14 build/default/production/_ext/12131622/port_asm.o
 .debug_abbrev  0x00003512       0x1b build/default/production/_ext/1128951024/croutine.o
 .debug_abbrev  0x0000352d       0xf1 build/default/production/_ext/1128951024/list.o
 .debug_abbrev  0x0000361e      0x2c4 build/default/production/_ext/1128951024/queue.o
 .debug_abbrev  0x000038e2      0x35a build/default/production/_ext/1128951024/tasks.o
 .debug_abbrev  0x00003c3c       0x1b build/default/production/_ext/1128951024/timers.o
 .debug_abbrev  0x00003c57      0x29a build/default/production/_ext/1128951024/event_groups.o
 .debug_abbrev  0x00003ef1       0x28 c:/program files/microchip/xc32/v1.42/bin/bin/../../lib/gcc/pic32mx/4.8.3/../../../../pic32mx/lib\libpic32.a(default-bootstrap-exception-handler.o)
 .debug_abbrev  0x00003f19       0x28 c:/program files/microchip/xc32/v1.42/bin/bin/../../lib/gcc/pic32mx/4.8.3/../../../../pic32mx/lib\libpic32.a(default-on-reset.o)
 .debug_abbrev  0x00003f41       0x28 c:/program files/microchip/xc32/v1.42/bin/bin/../../lib/gcc/pic32mx/4.8.3/../../../../pic32mx/lib\libpic32.a(default-on-bootstrap.o)
 .debug_abbrev  0x00003f69       0x28 c:/program files/microchip/xc32/v1.42/bin/bin/../../lib/gcc/pic32mx/4.8.3/../../../../pic32mx/lib\libpic32.a(defaultinterrupt.o)
 .debug_abbrev  0x00003f91       0x28 c:/program files/microchip/xc32/v1.42/bin/bin/../../lib/gcc/pic32mx/4.8.3/../../../../pic32mx/lib\libm.a(w_sqrtf.o)
 .debug_abbrev  0x00003fb9       0x28 c:/program files/microchip/xc32/v1.42/bin/bin/../../lib/gcc/pic32mx/4.8.3/../../../../pic32mx/lib\libc.a(strchr.o)
 .debug_abbrev  0x00003fe1       0x28 c:/program files/microchip/xc32/v1.42/bin/bin/../../lib/gcc/pic32mx/4.8.3/../../../../pic32mx/lib\libc.a(strncpy.o)
 .debug_abbrev  0x00004009       0x4f c:/program files/microchip/xc32/v1.42/bin/bin/../../lib/gcc/pic32mx/4.8.3/../../../../pic32mx/lib\libc.a(strtof.o)
 .debug_abbrev  0x00004058       0x28 c:/program files/microchip/xc32/v1.42/bin/bin/../../lib/gcc/pic32mx/4.8.3/../../../../pic32mx/lib\libc.a(strtok.o)
 .debug_abbrev  0x00004080       0x28 c:/program files/microchip/xc32/v1.42/bin/bin/../../lib/gcc/pic32mx/4.8.3/../../../../pic32mx/lib\libc.a(strcspn.o)
 .debug_abbrev  0x000040a8       0x28 c:/program files/microchip/xc32/v1.42/bin/bin/../../lib/gcc/pic32mx/4.8.3/../../../../pic32mx/lib\libc.a(strspn.o)
 .debug_abbrev  0x000040d0       0x35 c:/program files/microchip/xc32/v1.42/bin/bin/../../lib/gcc/pic32mx/4.8.3/../../../../pic32mx/lib\libm.a(__strtof.o)
 .debug_abbrev  0x00004105       0x35 c:/program files/microchip/xc32/v1.42/bin/bin/../../lib/gcc/pic32mx/4.8.3/../../../../pic32mx/lib\libe.a(_ldexpf.o)

.debug_line     0x00000000     0xacb9
 *(.debug_line)
 .debug_line    0x00000000      0x707 build/default/production/_ext/977502197/drv_spi_tasks.o
 .debug_line    0x00000707      0xf6e build/default/production/_ext/977502197/drv_spi_api.o
 .debug_line    0x00001675      0x6e0 build/default/production/_ext/977502197/drv_spi_master_ebm_tasks.o
 .debug_line    0x00001d55      0x597 build/default/production/_ext/639803181/sys_clk_static.o
 .debug_line    0x000022ec      0x7b5 build/default/production/_ext/822048611/sys_ports_static.o
 .debug_line    0x00002aa1      0x543 build/default/production/_ext/1688732426/insgps16state_v1.o
 .debug_line    0x00002fe4      0x768 build/default/production/_ext/1688732426/system_init.o
 .debug_line    0x0000374c      0x556 build/default/production/_ext/1688732426/system_interrupt.o
 .debug_line    0x00003ca2      0x26d build/default/production/_ext/1688732426/system_exceptions.o
 .debug_line    0x00003f0f      0x5c3 build/default/production/_ext/1688732426/system_tasks.o
 .debug_line    0x000044d2       0xf9 build/default/production/_ext/1688732426/system_interrupt_a.o
 .debug_line    0x000045cb      0x13b build/default/production/_ext/1688732426/rtos_hooks.o
 .debug_line    0x00004706      0x52b build/default/production/_ext/1360937237/app.o
 .debug_line    0x00004c31       0xb6 build/default/production/_ext/1360937237/main.o
 .debug_line    0x00004ce7      0x31b build/default/production/_ext/1890346972/bsp_sys_init.o
 .debug_line    0x00005002      0xb48 build/default/production/_ext/568870469/drv_spi.o
 .debug_line    0x00005b4a      0x4e0 build/default/production/_ext/465164171/drv_spi_sys_queue_fifo.o
 .debug_line    0x0000602a     0x155a build/default/production/_ext/260586732/drv_usart.o
 .debug_line    0x00007584      0x813 build/default/production/_ext/260586732/drv_usart_read_write.o
 .debug_line    0x00007d97      0x2be build/default/production/_ext/24337685/osal_freertos.o
 .debug_line    0x00008055      0x637 build/default/production/_ext/1271179505/sys_devcon.o
 .debug_line    0x0000868c      0x483 build/default/production/_ext/1271179505/sys_devcon_pic32mx.o
 .debug_line    0x00008b0f      0x392 build/default/production/_ext/122796885/sys_int_pic32.o
 .debug_line    0x00008ea1      0x213 build/default/production/_ext/1856876499/heap_1.o
 .debug_line    0x000090b4      0x234 build/default/production/_ext/12131622/port.o
 .debug_line    0x000092e8      0x102 build/default/production/_ext/12131622/port_asm.o
 .debug_line    0x000093ea       0x1d build/default/production/_ext/1128951024/croutine.o
 .debug_line    0x00009407      0x1df build/default/production/_ext/1128951024/list.o
 .debug_line    0x000095e6      0x483 build/default/production/_ext/1128951024/queue.o
 .debug_line    0x00009a69      0x7cc build/default/production/_ext/1128951024/tasks.o
 .debug_line    0x0000a235       0x1d build/default/production/_ext/1128951024/timers.o
 .debug_line    0x0000a252      0x31e build/default/production/_ext/1128951024/event_groups.o
 .debug_line    0x0000a570       0xa9 c:/program files/microchip/xc32/v1.42/bin/bin/../../lib/gcc/pic32mx/4.8.3/../../../../pic32mx/lib\libpic32.a(default-bootstrap-exception-handler.o)
 .debug_line    0x0000a619       0x96 c:/program files/microchip/xc32/v1.42/bin/bin/../../lib/gcc/pic32mx/4.8.3/../../../../pic32mx/lib\libpic32.a(default-on-reset.o)
 .debug_line    0x0000a6af       0x9a c:/program files/microchip/xc32/v1.42/bin/bin/../../lib/gcc/pic32mx/4.8.3/../../../../pic32mx/lib\libpic32.a(default-on-bootstrap.o)
 .debug_line    0x0000a749       0xa8 c:/program files/microchip/xc32/v1.42/bin/bin/../../lib/gcc/pic32mx/4.8.3/../../../../pic32mx/lib\libpic32.a(defaultinterrupt.o)
 .debug_line    0x0000a7f1       0x8a c:/program files/microchip/xc32/v1.42/bin/bin/../../lib/gcc/pic32mx/4.8.3/../../../../pic32mx/lib\libm.a(w_sqrtf.o)
 .debug_line    0x0000a87b        0x0 c:/program files/microchip/xc32/v1.42/bin/bin/../../lib/gcc/pic32mx/4.8.3/../../../../pic32mx/lib\libm.a(s_lib_ver.o)
 .debug_line    0x0000a87b        0x0 c:/program files/microchip/xc32/v1.42/bin/bin/../../lib/gcc/pic32mx/4.8.3/../../../../pic32mx/lib\libc.a(errno.o)
 .debug_line    0x0000a87b       0x82 c:/program files/microchip/xc32/v1.42/bin/bin/../../lib/gcc/pic32mx/4.8.3/../../../../pic32mx/lib\libc.a(strchr.o)
 .debug_line    0x0000a8fd       0x83 c:/program files/microchip/xc32/v1.42/bin/bin/../../lib/gcc/pic32mx/4.8.3/../../../../pic32mx/lib\libc.a(strncpy.o)
 .debug_line    0x0000a980       0x82 c:/program files/microchip/xc32/v1.42/bin/bin/../../lib/gcc/pic32mx/4.8.3/../../../../pic32mx/lib\libc.a(strtof.o)
 .debug_line    0x0000aa02       0x82 c:/program files/microchip/xc32/v1.42/bin/bin/../../lib/gcc/pic32mx/4.8.3/../../../../pic32mx/lib\libc.a(strtok.o)
 .debug_line    0x0000aa84       0x83 c:/program files/microchip/xc32/v1.42/bin/bin/../../lib/gcc/pic32mx/4.8.3/../../../../pic32mx/lib\libc.a(strcspn.o)
 .debug_line    0x0000ab07       0x82 c:/program files/microchip/xc32/v1.42/bin/bin/../../lib/gcc/pic32mx/4.8.3/../../../../pic32mx/lib\libc.a(strspn.o)
 .debug_line    0x0000ab89       0x8b c:/program files/microchip/xc32/v1.42/bin/bin/../../lib/gcc/pic32mx/4.8.3/../../../../pic32mx/lib\libm.a(__strtof.o)
 .debug_line    0x0000ac14       0xa5 c:/program files/microchip/xc32/v1.42/bin/bin/../../lib/gcc/pic32mx/4.8.3/../../../../pic32mx/lib\libe.a(_ldexpf.o)
 .debug_line    0x0000acb9        0x0 c:/program files/microchip/xc32/v1.42/bin/bin/../../lib/gcc/pic32mx/4.8.3/../../../../pic32mx/lib\libc.a(ctype.o)

.debug_frame    0x00000000     0x1dc0
 *(.debug_frame)
 .debug_frame   0x00000000       0x38 build/default/production/_ext/977502197/drv_spi_tasks.o
 .debug_frame   0x00000038       0x3c build/default/production/_ext/977502197/drv_spi_api.o
 .debug_frame   0x00000074       0x40 build/default/production/_ext/977502197/drv_spi_master_ebm_tasks.o
 .debug_frame   0x000000b4       0xa0 build/default/production/_ext/639803181/sys_clk_static.o
 .debug_frame   0x00000154      0x1f0 build/default/production/_ext/822048611/sys_ports_static.o
 .debug_frame   0x00000344      0x2d8 build/default/production/_ext/1688732426/insgps16state_v1.o
 .debug_frame   0x0000061c       0x30 build/default/production/_ext/1688732426/system_init.o
 .debug_frame   0x0000064c       0x70 build/default/production/_ext/1688732426/system_interrupt.o
 .debug_frame   0x000006bc       0x28 build/default/production/_ext/1688732426/system_exceptions.o
 .debug_frame   0x000006e4       0xb8 build/default/production/_ext/1688732426/system_tasks.o
 .debug_frame   0x0000079c       0x40 build/default/production/_ext/1688732426/rtos_hooks.o
 .debug_frame   0x000007dc       0x98 build/default/production/_ext/1360937237/app.o
 .debug_frame   0x00000874       0x28 build/default/production/_ext/1360937237/main.o
 .debug_frame   0x0000089c       0xa0 build/default/production/_ext/1890346972/bsp_sys_init.o
 .debug_frame   0x0000093c      0x1b4 build/default/production/_ext/568870469/drv_spi.o
 .debug_frame   0x00000af0      0x230 build/default/production/_ext/465164171/drv_spi_sys_queue_fifo.o
 .debug_frame   0x00000d20      0x26c build/default/production/_ext/260586732/drv_usart.o
 .debug_frame   0x00000f8c       0x58 build/default/production/_ext/260586732/drv_usart_read_write.o
 .debug_frame   0x00000fe4      0x150 build/default/production/_ext/24337685/osal_freertos.o
 .debug_frame   0x00001134       0xe8 build/default/production/_ext/1271179505/sys_devcon.o
 .debug_frame   0x0000121c       0x28 build/default/production/_ext/1271179505/sys_devcon_pic32mx.o
 .debug_frame   0x00001244       0x90 build/default/production/_ext/122796885/sys_int_pic32.o
 .debug_frame   0x000012d4       0x5c build/default/production/_ext/1856876499/heap_1.o
 .debug_frame   0x00001330       0xc0 build/default/production/_ext/12131622/port.o
 .debug_frame   0x000013f0       0x60 build/default/production/_ext/1128951024/list.o
 .debug_frame   0x00001450      0x214 build/default/production/_ext/1128951024/queue.o
 .debug_frame   0x00001664      0x444 build/default/production/_ext/1128951024/tasks.o
 .debug_frame   0x00001aa8      0x108 build/default/production/_ext/1128951024/event_groups.o
 .debug_frame   0x00001bb0       0x2c c:/program files/microchip/xc32/v1.42/bin/bin/../../lib/gcc/pic32mx/4.8.3/../../../../pic32mx/lib\libpic32.a(default-bootstrap-exception-handler.o)
 .debug_frame   0x00001bdc       0x20 c:/program files/microchip/xc32/v1.42/bin/bin/../../lib/gcc/pic32mx/4.8.3/../../../../pic32mx/lib\libpic32.a(default-on-reset.o)
 .debug_frame   0x00001bfc       0x20 c:/program files/microchip/xc32/v1.42/bin/bin/../../lib/gcc/pic32mx/4.8.3/../../../../pic32mx/lib\libpic32.a(default-on-bootstrap.o)
 .debug_frame   0x00001c1c       0x20 c:/program files/microchip/xc32/v1.42/bin/bin/../../lib/gcc/pic32mx/4.8.3/../../../../pic32mx/lib\libpic32.a(defaultinterrupt.o)
 .debug_frame   0x00001c3c       0x28 c:/program files/microchip/xc32/v1.42/bin/bin/../../lib/gcc/pic32mx/4.8.3/../../../../pic32mx/lib\libm.a(w_sqrtf.o)
 .debug_frame   0x00001c64       0x20 c:/program files/microchip/xc32/v1.42/bin/bin/../../lib/gcc/pic32mx/4.8.3/../../../../pic32mx/lib\libc.a(strchr.o)
 .debug_frame   0x00001c84       0x20 c:/program files/microchip/xc32/v1.42/bin/bin/../../lib/gcc/pic32mx/4.8.3/../../../../pic32mx/lib\libc.a(strncpy.o)
 .debug_frame   0x00001ca4       0x40 c:/program files/microchip/xc32/v1.42/bin/bin/../../lib/gcc/pic32mx/4.8.3/../../../../pic32mx/lib\libc.a(strtof.o)
 .debug_frame   0x00001ce4       0x2c c:/program files/microchip/xc32/v1.42/bin/bin/../../lib/gcc/pic32mx/4.8.3/../../../../pic32mx/lib\libc.a(strtok.o)
 .debug_frame   0x00001d10       0x2c c:/program files/microchip/xc32/v1.42/bin/bin/../../lib/gcc/pic32mx/4.8.3/../../../../pic32mx/lib\libc.a(strcspn.o)
 .debug_frame   0x00001d3c       0x2c c:/program files/microchip/xc32/v1.42/bin/bin/../../lib/gcc/pic32mx/4.8.3/../../../../pic32mx/lib\libc.a(strspn.o)
 .debug_frame   0x00001d68       0x38 c:/program files/microchip/xc32/v1.42/bin/bin/../../lib/gcc/pic32mx/4.8.3/../../../../pic32mx/lib\libm.a(__strtof.o)
 .debug_frame   0x00001da0       0x20 c:/program files/microchip/xc32/v1.42/bin/bin/../../lib/gcc/pic32mx/4.8.3/../../../../pic32mx/lib\libe.a(_ldexpf.o)

.debug_str      0x00000000      0xb54
 *(.debug_str)
 .debug_str     0x00000000       0x59 build/default/production/_ext/977502197/drv_spi_tasks.o
 .debug_str     0x00000059       0xc5 build/default/production/_ext/977502197/drv_spi_api.o
 .debug_str     0x0000011e       0x49 build/default/production/_ext/977502197/drv_spi_master_ebm_tasks.o
 .debug_str     0x00000167       0x39 build/default/production/_ext/639803181/sys_clk_static.o
 .debug_str     0x000001a0       0x55 build/default/production/_ext/822048611/sys_ports_static.o
 .debug_str     0x000001f5       0x32 build/default/production/_ext/1688732426/insgps16state_v1.o
 .debug_str     0x00000227       0x36 build/default/production/_ext/1688732426/system_init.o
 .debug_str     0x0000025d       0x19 build/default/production/_ext/1688732426/system_interrupt.o
 .debug_str     0x00000276        0x0 build/default/production/_ext/1688732426/system_exceptions.o
 .debug_str     0x00000276        0xd build/default/production/_ext/1688732426/system_tasks.o
 .debug_str     0x00000283        0x9 build/default/production/_ext/1688732426/rtos_hooks.o
 .debug_str     0x0000028c        0x0 build/default/production/_ext/1360937237/app.o
 .debug_str     0x0000028c        0x0 build/default/production/_ext/1360937237/main.o
 .debug_str     0x0000028c       0x15 build/default/production/_ext/1890346972/bsp_sys_init.o
 .debug_str     0x000002a1      0x140 build/default/production/_ext/568870469/drv_spi.o
 .debug_str     0x000003e1      0x11f build/default/production/_ext/465164171/drv_spi_sys_queue_fifo.o
 .debug_str     0x00000500      0x195 build/default/production/_ext/260586732/drv_usart.o
 .debug_str     0x00000695       0x46 build/default/production/_ext/260586732/drv_usart_read_write.o
 .debug_str     0x000006db       0x40 build/default/production/_ext/24337685/osal_freertos.o
 .debug_str     0x0000071b       0x16 build/default/production/_ext/1271179505/sys_devcon.o
 .debug_str     0x00000731        0x6 build/default/production/_ext/1271179505/sys_devcon_pic32mx.o
 .debug_str     0x00000737       0x2d build/default/production/_ext/122796885/sys_int_pic32.o
 .debug_str     0x00000764       0x1d build/default/production/_ext/1856876499/heap_1.o
 .debug_str     0x00000781       0x37 build/default/production/_ext/12131622/port.o
 .debug_str     0x000007b8        0x0 build/default/production/_ext/1128951024/croutine.o
 .debug_str     0x000007b8       0x2b build/default/production/_ext/1128951024/list.o
 .debug_str     0x000007e3       0xf1 build/default/production/_ext/1128951024/queue.o
 .debug_str     0x000008d4      0x191 build/default/production/_ext/1128951024/tasks.o
 .debug_str     0x00000a65        0x0 build/default/production/_ext/1128951024/timers.o
 .debug_str     0x00000a65       0xe6 build/default/production/_ext/1128951024/event_groups.o
 .debug_str     0x00000b4b        0x0 c:/program files/microchip/xc32/v1.42/bin/bin/../../lib/gcc/pic32mx/4.8.3/../../../../pic32mx/lib\libpic32.a(default-bootstrap-exception-handler.o)
 .debug_str     0x00000b4b        0x0 c:/program files/microchip/xc32/v1.42/bin/bin/../../lib/gcc/pic32mx/4.8.3/../../../../pic32mx/lib\libpic32.a(default-on-reset.o)
 .debug_str     0x00000b4b        0x0 c:/program files/microchip/xc32/v1.42/bin/bin/../../lib/gcc/pic32mx/4.8.3/../../../../pic32mx/lib\libpic32.a(default-on-bootstrap.o)
 .debug_str     0x00000b4b        0x0 c:/program files/microchip/xc32/v1.42/bin/bin/../../lib/gcc/pic32mx/4.8.3/../../../../pic32mx/lib\libpic32.a(defaultinterrupt.o)
 .debug_str     0x00000b4b        0x0 c:/program files/microchip/xc32/v1.42/bin/bin/../../lib/gcc/pic32mx/4.8.3/../../../../pic32mx/lib\libm.a(w_sqrtf.o)
 .debug_str     0x00000b4b        0x0 c:/program files/microchip/xc32/v1.42/bin/bin/../../lib/gcc/pic32mx/4.8.3/../../../../pic32mx/lib\libm.a(s_lib_ver.o)
 .debug_str     0x00000b4b        0x0 c:/program files/microchip/xc32/v1.42/bin/bin/../../lib/gcc/pic32mx/4.8.3/../../../../pic32mx/lib\libc.a(errno.o)
 .debug_str     0x00000b4b        0x0 c:/program files/microchip/xc32/v1.42/bin/bin/../../lib/gcc/pic32mx/4.8.3/../../../../pic32mx/lib\libc.a(strchr.o)
 .debug_str     0x00000b4b        0x0 c:/program files/microchip/xc32/v1.42/bin/bin/../../lib/gcc/pic32mx/4.8.3/../../../../pic32mx/lib\libc.a(strncpy.o)
 .debug_str     0x00000b4b        0x9 c:/program files/microchip/xc32/v1.42/bin/bin/../../lib/gcc/pic32mx/4.8.3/../../../../pic32mx/lib\libc.a(strtof.o)
 .debug_str     0x00000b54        0x0 c:/program files/microchip/xc32/v1.42/bin/bin/../../lib/gcc/pic32mx/4.8.3/../../../../pic32mx/lib\libc.a(strtok.o)
 .debug_str     0x00000b54        0x0 c:/program files/microchip/xc32/v1.42/bin/bin/../../lib/gcc/pic32mx/4.8.3/../../../../pic32mx/lib\libc.a(strcspn.o)
 .debug_str     0x00000b54        0x0 c:/program files/microchip/xc32/v1.42/bin/bin/../../lib/gcc/pic32mx/4.8.3/../../../../pic32mx/lib\libc.a(strspn.o)
 .debug_str     0x00000b54        0x0 c:/program files/microchip/xc32/v1.42/bin/bin/../../lib/gcc/pic32mx/4.8.3/../../../../pic32mx/lib\libm.a(__strtof.o)
 .debug_str     0x00000b54        0x0 c:/program files/microchip/xc32/v1.42/bin/bin/../../lib/gcc/pic32mx/4.8.3/../../../../pic32mx/lib\libe.a(_ldexpf.o)
 .debug_str     0x00000b54        0x0 c:/program files/microchip/xc32/v1.42/bin/bin/../../lib/gcc/pic32mx/4.8.3/../../../../pic32mx/lib\libc.a(ctype.o)

.debug_loc      0x00000000    0x11c3a
 *(.debug_loc)
 .debug_loc     0x00000000      0xafa build/default/production/_ext/977502197/drv_spi_tasks.o
 .debug_loc     0x00000afa     0x2a4f build/default/production/_ext/977502197/drv_spi_api.o
 .debug_loc     0x00003549      0x92b build/default/production/_ext/977502197/drv_spi_master_ebm_tasks.o
 .debug_loc     0x00003e74       0x49 build/default/production/_ext/639803181/sys_clk_static.o
 .debug_loc     0x00003ebd      0xecf build/default/production/_ext/822048611/sys_ports_static.o
 .debug_loc     0x00004d8c      0xe82 build/default/production/_ext/1688732426/insgps16state_v1.o
 .debug_loc     0x00005c0e       0x21 build/default/production/_ext/1688732426/system_init.o
 .debug_loc     0x00005c2f       0x48 build/default/production/_ext/1688732426/system_interrupt.o
 .debug_loc     0x00005c77      0x16c build/default/production/_ext/1688732426/system_tasks.o
 .debug_loc     0x00005de3       0x34 build/default/production/_ext/1688732426/rtos_hooks.o
 .debug_loc     0x00005e17      0x14e build/default/production/_ext/1360937237/app.o
 .debug_loc     0x00005f65      0x11b build/default/production/_ext/1890346972/bsp_sys_init.o
 .debug_loc     0x00006080     0x1b4f build/default/production/_ext/568870469/drv_spi.o
 .debug_loc     0x00007bcf      0xa8d build/default/production/_ext/465164171/drv_spi_sys_queue_fifo.o
 .debug_loc     0x0000865c     0x5555 build/default/production/_ext/260586732/drv_usart.o
 .debug_loc     0x0000dbb1      0xe09 build/default/production/_ext/260586732/drv_usart_read_write.o
 .debug_loc     0x0000e9ba      0x40c build/default/production/_ext/24337685/osal_freertos.o
 .debug_loc     0x0000edc6       0xf0 build/default/production/_ext/1271179505/sys_devcon.o
 .debug_loc     0x0000eeb6       0xec build/default/production/_ext/1271179505/sys_devcon_pic32mx.o
 .debug_loc     0x0000efa2       0x8d build/default/production/_ext/122796885/sys_int_pic32.o
 .debug_loc     0x0000f02f       0x49 build/default/production/_ext/1856876499/heap_1.o
 .debug_loc     0x0000f078       0xea build/default/production/_ext/12131622/port.o
 .debug_loc     0x0000f162       0x31 build/default/production/_ext/1128951024/list.o
 .debug_loc     0x0000f193      0xc93 build/default/production/_ext/1128951024/queue.o
 .debug_loc     0x0000fe26     0x152a build/default/production/_ext/1128951024/tasks.o
 .debug_loc     0x00011350      0x8ea build/default/production/_ext/1128951024/event_groups.o

.debug_macinfo
 *(.debug_macinfo)

.debug_weaknames
 *(.debug_weaknames)

.debug_funcnames
 *(.debug_funcnames)

.debug_typenames
 *(.debug_typenames)

.debug_varnames
 *(.debug_varnames)

.debug_pubtypes
 *(.debug_pubtypes)

.debug_ranges   0x00000000     0x2dc0
 *(.debug_ranges)
 .debug_ranges  0x00000000      0x228 build/default/production/_ext/977502197/drv_spi_tasks.o
 .debug_ranges  0x00000228      0x948 build/default/production/_ext/977502197/drv_spi_api.o
 .debug_ranges  0x00000b70      0x340 build/default/production/_ext/977502197/drv_spi_master_ebm_tasks.o
 .debug_ranges  0x00000eb0       0x40 build/default/production/_ext/639803181/sys_clk_static.o
 .debug_ranges  0x00000ef0       0xf8 build/default/production/_ext/822048611/sys_ports_static.o
 .debug_ranges  0x00000fe8       0xe0 build/default/production/_ext/1688732426/insgps16state_v1.o
 .debug_ranges  0x000010c8       0x10 build/default/production/_ext/1688732426/system_init.o
 .debug_ranges  0x000010d8       0x28 build/default/production/_ext/1688732426/system_interrupt.o
 .debug_ranges  0x00001100       0x10 build/default/production/_ext/1688732426/system_exceptions.o
 .debug_ranges  0x00001110       0x38 build/default/production/_ext/1688732426/system_tasks.o
 .debug_ranges  0x00001148       0x50 build/default/production/_ext/1688732426/system_interrupt_a.o
 .debug_ranges  0x00001198       0x18 build/default/production/_ext/1688732426/rtos_hooks.o
 .debug_ranges  0x000011b0       0x38 build/default/production/_ext/1360937237/app.o
 .debug_ranges  0x000011e8       0x10 build/default/production/_ext/1360937237/main.o
 .debug_ranges  0x000011f8       0x50 build/default/production/_ext/1890346972/bsp_sys_init.o
 .debug_ranges  0x00001248      0x268 build/default/production/_ext/568870469/drv_spi.o
 .debug_ranges  0x000014b0       0xc8 build/default/production/_ext/465164171/drv_spi_sys_queue_fifo.o
 .debug_ranges  0x00001578      0xee0 build/default/production/_ext/260586732/drv_usart.o
 .debug_ranges  0x00002458      0x3d0 build/default/production/_ext/260586732/drv_usart_read_write.o
 .debug_ranges  0x00002828       0x78 build/default/production/_ext/24337685/osal_freertos.o
 .debug_ranges  0x000028a0       0x68 build/default/production/_ext/1271179505/sys_devcon.o
 .debug_ranges  0x00002908       0x10 build/default/production/_ext/1271179505/sys_devcon_pic32mx.o
 .debug_ranges  0x00002918       0x50 build/default/production/_ext/122796885/sys_int_pic32.o
 .debug_ranges  0x00002968       0x28 build/default/production/_ext/1856876499/heap_1.o
 .debug_ranges  0x00002990       0x48 build/default/production/_ext/12131622/port.o
 .debug_ranges  0x000029d8       0x30 build/default/production/_ext/1128951024/list.o
 .debug_ranges  0x00002a08       0xa0 build/default/production/_ext/1128951024/queue.o
 .debug_ranges  0x00002aa8      0x1a8 build/default/production/_ext/1128951024/tasks.o
 .debug_ranges  0x00002c50       0x98 build/default/production/_ext/1128951024/event_groups.o
 .debug_ranges  0x00002ce8       0x10 c:/program files/microchip/xc32/v1.42/bin/bin/../../lib/gcc/pic32mx/4.8.3/../../../../pic32mx/lib\libpic32.a(default-bootstrap-exception-handler.o)
 .debug_ranges  0x00002cf8       0x10 c:/program files/microchip/xc32/v1.42/bin/bin/../../lib/gcc/pic32mx/4.8.3/../../../../pic32mx/lib\libpic32.a(default-on-reset.o)
 .debug_ranges  0x00002d08       0x10 c:/program files/microchip/xc32/v1.42/bin/bin/../../lib/gcc/pic32mx/4.8.3/../../../../pic32mx/lib\libpic32.a(default-on-bootstrap.o)
 .debug_ranges  0x00002d18       0x10 c:/program files/microchip/xc32/v1.42/bin/bin/../../lib/gcc/pic32mx/4.8.3/../../../../pic32mx/lib\libpic32.a(defaultinterrupt.o)
 .debug_ranges  0x00002d28       0x10 c:/program files/microchip/xc32/v1.42/bin/bin/../../lib/gcc/pic32mx/4.8.3/../../../../pic32mx/lib\libm.a(w_sqrtf.o)
 .debug_ranges  0x00002d38       0x10 c:/program files/microchip/xc32/v1.42/bin/bin/../../lib/gcc/pic32mx/4.8.3/../../../../pic32mx/lib\libc.a(strchr.o)
 .debug_ranges  0x00002d48       0x10 c:/program files/microchip/xc32/v1.42/bin/bin/../../lib/gcc/pic32mx/4.8.3/../../../../pic32mx/lib\libc.a(strncpy.o)
 .debug_ranges  0x00002d58       0x18 c:/program files/microchip/xc32/v1.42/bin/bin/../../lib/gcc/pic32mx/4.8.3/../../../../pic32mx/lib\libc.a(strtof.o)
 .debug_ranges  0x00002d70       0x10 c:/program files/microchip/xc32/v1.42/bin/bin/../../lib/gcc/pic32mx/4.8.3/../../../../pic32mx/lib\libc.a(strtok.o)
 .debug_ranges  0x00002d80       0x10 c:/program files/microchip/xc32/v1.42/bin/bin/../../lib/gcc/pic32mx/4.8.3/../../../../pic32mx/lib\libc.a(strcspn.o)
 .debug_ranges  0x00002d90       0x10 c:/program files/microchip/xc32/v1.42/bin/bin/../../lib/gcc/pic32mx/4.8.3/../../../../pic32mx/lib\libc.a(strspn.o)
 .debug_ranges  0x00002da0       0x10 c:/program files/microchip/xc32/v1.42/bin/bin/../../lib/gcc/pic32mx/4.8.3/../../../../pic32mx/lib\libm.a(__strtof.o)
 .debug_ranges  0x00002db0       0x10 c:/program files/microchip/xc32/v1.42/bin/bin/../../lib/gcc/pic32mx/4.8.3/../../../../pic32mx/lib\libe.a(_ldexpf.o)

.gnu.attributes
                0x00000000       0x10
 *(.gnu.attributes)
 .gnu.attributes
                0x00000000       0x10 build/default/production/_ext/977502197/drv_spi_tasks.o
 .gnu.attributes
                0x00000010       0x10 build/default/production/_ext/977502197/drv_spi_api.o
 .gnu.attributes
                0x00000020       0x10 build/default/production/_ext/977502197/drv_spi_master_ebm_tasks.o
 .gnu.attributes
                0x00000030       0x10 build/default/production/_ext/639803181/sys_clk_static.o
 .gnu.attributes
                0x00000040       0x10 build/default/production/_ext/822048611/sys_ports_static.o
 .gnu.attributes
                0x00000050       0x10 build/default/production/_ext/1688732426/insgps16state_v1.o
 .gnu.attributes
                0x00000060       0x10 build/default/production/_ext/1688732426/system_init.o
 .gnu.attributes
                0x00000070       0x10 build/default/production/_ext/1688732426/system_interrupt.o
 .gnu.attributes
                0x00000080       0x10 build/default/production/_ext/1688732426/system_exceptions.o
 .gnu.attributes
                0x00000090       0x10 build/default/production/_ext/1688732426/system_tasks.o
 .gnu.attributes
                0x000000a0       0x10 build/default/production/_ext/1688732426/rtos_hooks.o
 .gnu.attributes
                0x000000b0       0x10 build/default/production/_ext/1360937237/app.o
 .gnu.attributes
                0x000000c0       0x10 build/default/production/_ext/1360937237/main.o
 .gnu.attributes
                0x000000d0       0x10 build/default/production/_ext/1890346972/bsp_sys_init.o
 .gnu.attributes
                0x000000e0       0x10 build/default/production/_ext/568870469/drv_spi.o
 .gnu.attributes
                0x000000f0       0x10 build/default/production/_ext/465164171/drv_spi_sys_queue_fifo.o
 .gnu.attributes
                0x00000100       0x10 build/default/production/_ext/260586732/drv_usart.o
 .gnu.attributes
                0x00000110       0x10 build/default/production/_ext/260586732/drv_usart_read_write.o
 .gnu.attributes