
Optional file libmchp_peripheral.a not found

Optional file libmchp_peripheral_32MX795F512L.a not found
Archive member included because of file (symbol)

c:/program files/microchip/xc32/v1.42/bin/bin/../../lib/gcc/pic32mx/4.8.3/../../../../pic32mx/lib\libpic32.a(memcpy.o)
                              build/default/debug/_ext/1128951024/queue.o (memcpy)
c:/program files/microchip/xc32/v1.42/bin/bin/../../lib/gcc/pic32mx/4.8.3/../../../../pic32mx/lib\libpic32.a(memset.o)
                              build/default/debug/_ext/568870469/drv_spi.o (memset)
c:/program files/microchip/xc32/v1.42/bin/bin/../../lib/gcc/pic32mx/4.8.3/../../../../pic32mx/lib\libpic32.a(default-bootstrap-exception-handler.o)
                              c:/program files/microchip/xc32/v1.42/bin/bin/../../lib/gcc/pic32mx/4.8.3/../../../../pic32mx/lib/./proc/32MX795F512L/crt0_mips32r2.o (_bootstrap_exception_handler)
c:/program files/microchip/xc32/v1.42/bin/bin/../../lib/gcc/pic32mx/4.8.3/../../../../pic32mx/lib\libpic32.a(default-on-reset.o)
                              c:/program files/microchip/xc32/v1.42/bin/bin/../../lib/gcc/pic32mx/4.8.3/../../../../pic32mx/lib/./proc/32MX795F512L/crt0_mips32r2.o (_on_reset)
c:/program files/microchip/xc32/v1.42/bin/bin/../../lib/gcc/pic32mx/4.8.3/../../../../pic32mx/lib\libpic32.a(default-on-bootstrap.o)
                              c:/program files/microchip/xc32/v1.42/bin/bin/../../lib/gcc/pic32mx/4.8.3/../../../../pic32mx/lib/./proc/32MX795F512L/crt0_mips32r2.o (_on_bootstrap)
c:/program files/microchip/xc32/v1.42/bin/bin/../../lib/gcc/pic32mx/4.8.3/../../../../pic32mx/lib\libpic32.a(default-nmi-handler.o)
                              c:/program files/microchip/xc32/v1.42/bin/bin/../../lib/gcc/pic32mx/4.8.3/../../../../pic32mx/lib/./proc/32MX795F512L/crt0_mips32r2.o (_nmi_handler)
c:/program files/microchip/xc32/v1.42/bin/bin/../../lib/gcc/pic32mx/4.8.3/../../../../pic32mx/lib\libpic32.a(general-exception.o)
                              c:/program files/microchip/xc32/v1.42/bin/bin/../../lib/gcc/pic32mx/4.8.3/../../../../pic32mx/lib/./proc/32MX795F512L/crt0_mips32r2.o (_general_exception_context)
c:/program files/microchip/xc32/v1.42/bin/bin/../../lib/gcc/pic32mx/4.8.3/../../../../pic32mx/lib\libpic32.a(vector0.o)
                              c:/program files/microchip/xc32/v1.42/bin/bin/../../lib/gcc/pic32mx/4.8.3/../../../../pic32mx/lib/./proc/32MX795F512L\default_isr_vectors.o (__vector_dispatch_0)
c:/program files/microchip/xc32/v1.42/bin/bin/../../lib/gcc/pic32mx/4.8.3/../../../../pic32mx/lib\libpic32.a(vector2.o)
                              c:/program files/microchip/xc32/v1.42/bin/bin/../../lib/gcc/pic32mx/4.8.3/../../../../pic32mx/lib/./proc/32MX795F512L\default_isr_vectors.o (__vector_dispatch_2)
c:/program files/microchip/xc32/v1.42/bin/bin/../../lib/gcc/pic32mx/4.8.3/../../../../pic32mx/lib\libpic32.a(vector3.o)
                              c:/program files/microchip/xc32/v1.42/bin/bin/../../lib/gcc/pic32mx/4.8.3/../../../../pic32mx/lib/./proc/32MX795F512L\default_isr_vectors.o (__vector_dispatch_3)
c:/program files/microchip/xc32/v1.42/bin/bin/../../lib/gcc/pic32mx/4.8.3/../../../../pic32mx/lib\libpic32.a(vector5.o)
                              c:/program files/microchip/xc32/v1.42/bin/bin/../../lib/gcc/pic32mx/4.8.3/../../../../pic32mx/lib/./proc/32MX795F512L\default_isr_vectors.o (__vector_dispatch_5)
c:/program files/microchip/xc32/v1.42/bin/bin/../../lib/gcc/pic32mx/4.8.3/../../../../pic32mx/lib\libpic32.a(vector6.o)
                              c:/program files/microchip/xc32/v1.42/bin/bin/../../lib/gcc/pic32mx/4.8.3/../../../../pic32mx/lib/./proc/32MX795F512L\default_isr_vectors.o (__vector_dispatch_6)
c:/program files/microchip/xc32/v1.42/bin/bin/../../lib/gcc/pic32mx/4.8.3/../../../../pic32mx/lib\libpic32.a(vector8.o)
                              c:/program files/microchip/xc32/v1.42/bin/bin/../../lib/gcc/pic32mx/4.8.3/../../../../pic32mx/lib/./proc/32MX795F512L\default_isr_vectors.o (__vector_dispatch_8)
c:/program files/microchip/xc32/v1.42/bin/bin/../../lib/gcc/pic32mx/4.8.3/../../../../pic32mx/lib\libpic32.a(vector9.o)
                              c:/program files/microchip/xc32/v1.42/bin/bin/../../lib/gcc/pic32mx/4.8.3/../../../../pic32mx/lib/./proc/32MX795F512L\default_isr_vectors.o (__vector_dispatch_9)
c:/program files/microchip/xc32/v1.42/bin/bin/../../lib/gcc/pic32mx/4.8.3/../../../../pic32mx/lib\libpic32.a(vector10.o)
                              c:/program files/microchip/xc32/v1.42/bin/bin/../../lib/gcc/pic32mx/4.8.3/../../../../pic32mx/lib/./proc/32MX795F512L\default_isr_vectors.o (__vector_dispatch_10)
c:/program files/microchip/xc32/v1.42/bin/bin/../../lib/gcc/pic32mx/4.8.3/../../../../pic32mx/lib\libpic32.a(vector12.o)
[...]
Memory Configuration

Name             Origin             Length             Attributes
kseg0_program_mem 0x9d000000         0x00080000         xr
kseg0_boot_mem   0x9fc00490         0x00000970
exception_mem    0x9fc01000         0x00001000
kseg1_boot_mem   0xbfc00000         0x00000490
debug_exec_mem   0xbfc02000         0x00000ff0
config3          0xbfc02ff0         0x00000004
config2          0xbfc02ff4         0x00000004
config1          0xbfc02ff8         0x00000004
config0          0xbfc02ffc         0x00000004
kseg1_data_mem   0xa0000000         0x00020000         w !x
sfrs             0xbf800000         0x00100000
configsfrs       0xbfc02ff0         0x00000010
*default*        0x00000000         0xffffffff

Linker script and memory map

LOAD c:/program files/microchip/xc32/v1.42/bin/bin/../../lib/gcc/pic32mx/4.8.3/../../../../pic32mx/lib/./proc/32MX795F512L/crt0_mips32r2.o
LOAD c:/program files/microchip/xc32/v1.42/bin/bin/../../lib/gcc/pic32mx/4.8.3/../../../../pic32mx/lib\software-debug-break.o
                0x00000001                _DEBUGGER = 0x1
LOAD build/default/debug/_ext/977502197/drv_spi_tasks.o
LOAD build/default/debug/_ext/977502197/drv_spi_api.o
LOAD build/default/debug/_ext/977502197/drv_spi_master_rm_tasks.o
LOAD build/default/debug/_ext/639803181/sys_clk_static.o
LOAD build/default/debug/_ext/822048611/sys_ports_static.o
LOAD build/default/debug/_ext/1688732426/insgps16state_v1.o
LOAD build/default/debug/_ext/1688732426/system_init.o
LOAD build/default/debug/_ext/1688732426/system_interrupt.o
LOAD build/default/debug/_ext/1688732426/system_exceptions.o
LOAD build/default/debug/_ext/1688732426/system_tasks.o
LOAD build/default/debug/_ext/1688732426/system_interrupt_a.o
LOAD build/default/debug/_ext/1688732426/rtos_hooks.o
LOAD build/default/debug/_ext/1360937237/app.o
LOAD build/default/debug/_ext/1360937237/main.o
LOAD build/default/debug/_ext/1890346972/bsp_sys_init.o
LOAD build/default/debug/_ext/568870469/drv_spi.o
LOAD build/default/debug/_ext/465164171/drv_spi_sys_queue_fifo.o
LOAD build/default/debug/_ext/260586732/drv_usart.o
LOAD build/default/debug/_ext/260586732/drv_usart_read_write.o
LOAD build/default/debug/_ext/24337685/osal_freertos.o
LOAD build/default/debug/_ext/1271179505/sys_devcon.o
LOAD build/default/debug/_ext/1271179505/sys_devcon_pic32mx.o
LOAD build/default/debug/_ext/122796885/sys_int_pic32.o
LOAD build/default/debug/_ext/1856876499/heap_1.o
LOAD build/default/debug/_ext/12131622/port.o
LOAD build/default/debug/_ext/12131622/port_asm.o
LOAD build/default/debug/_ext/1128951024/croutine.o
LOAD build/default/debug/_ext/1128951024/list.o
LOAD build/default/debug/_ext/1128951024/queue.o
LOAD build/default/debug/_ext/1128951024/tasks.o
LOAD build/default/debug/_ext/1128951024/timers.o
LOAD build/default/debug/_ext/1128951024/event_groups.o
LOAD ..\..\..\..\bin\framework\peripheral\PIC32MX795F512L_peripherals.a
LOAD ..\..\..\..\framework\tcpip\src\crypto\aes_pic32mx.a
                0x00000001                __MPLAB_BUILD = 0x1
                0x00000001                __MPLAB_DEBUG = 0x1
                0x00000001                __DEBUG = 0x1
                0x00000001                __MPLAB_DEBUGGER_PIC32MXSK = 0x1
                0x00000000                _min_heap_size = 0x0
LOAD c:/program files/microchip/xc32/v1.42/bin/bin/../../lib/gcc/pic32mx/4.8.3/../../../../pic32mx/lib/./proc/32MX795F512L\default_isr_vectors.o
LOAD c:/program files/microchip/xc32/v1.42/bin/bin/../../lib/gcc/pic32mx/4.8.3/../../../../pic32mx/lib\pic32_software_reset.o
                0x00000400                PROVIDE (_min_stack_size, 0x400)
LOAD c:/program files/microchip/xc32/v1.42/bin/bin/../../lib/gcc/pic32mx/4.8.3/../../../../pic32mx/lib/./proc/32MX795F512L\processor.o
START GROUP
LOAD libmchp_peripheral.a
END GROUP
START GROUP
LOAD libmchp_peripheral_32MX795F512L.a
END GROUP
                0x00000001                PROVIDE (_vector_spacing, 0x1)
                0x9fc01000                PROVIDE (_ebase_address, 0x9fc01000)
                0xbfc00000                _RESET_ADDR = 0xbfc00000
                0xbfc00380                _BEV_EXCPT_ADDR = 0xbfc00380
                0xbfc00480                _DBG_EXCPT_ADDR = 0xbfc00480
                0xbfc02000                _DBG_CODE_ADDR = 0xbfc02000
                0x00000ff0                _DBG_CODE_SIZE = 0xff0
                0x9fc01180                _GEN_EXCPT_ADDR = (_ebase_address + 0x180)

.config_BFC02FF0
                0xbfc02ff0        0x4
 *(.config_BFC02FF0)
 .config_BFC02FF0
                0xbfc02ff0        0x4 build/default/debug/_ext/1688732426/system_init.o

.config_BFC02FF4
                0xbfc02ff4        0x4
 *(.config_BFC02FF4)
 .config_BFC02FF4
                0xbfc02ff4        0x4 build/default/debug/_ext/1688732426/system_init.o

.config_BFC02FF8
                0xbfc02ff8        0x4
 *(.config_BFC02FF8)
 .config_BFC02FF8
                0xbfc02ff8        0x4 build/default/debug/_ext/1688732426/system_init.o

.config_BFC02FFC
                0xbfc02ffc        0x4
 *(.config_BFC02FFC)
 .config_BFC02FFC
                0xbfc02ffc        0x4 build/default/debug/_ext/1688732426/system_init.o
                0xbfc02000                PROVIDE (_DBG_CODE_ADDR, 0xbfc02000)
                0x00000ff0                PROVIDE (_DBG_CODE_SIZE, 0xff0)

.reset          0xbfc00000      0x208
 *(.reset)
 .reset         0xbfc00000        0x8 c:/program files/microchip/xc32/v1.42/bin/bin/../../lib/gcc/pic32mx/4.8.3/../../../../pic32mx/lib/./proc/32MX795F512L/crt0_mips32r2.o
                0xbfc00000                _reset
 *(.reset.startup)
 .reset.startup
                0xbfc00008      0x200 c:/program files/microchip/xc32/v1.42/bin/bin/../../lib/gcc/pic32mx/4.8.3/../../../../pic32mx/lib/./proc/32MX795F512L/crt0_mips32r2.o

.bev_excpt      0xbfc00380       0x10
 *(.bev_handler)
 .bev_handler   0xbfc00380       0x10 c:/program files/microchip/xc32/v1.42/bin/bin/../../lib/gcc/pic32mx/4.8.3/../../../../pic32mx/lib/./proc/32MX795F512L/crt0_mips32r2.o

.dbg_excpt      0xbfc00480        0x8
                0xbfc00480                . = (. + DEFINED (_DEBUGGER)?0x8:0x0)
 *fill*         0xbfc00480        0x8 

.dbg_code       0xbfc02000      0xff0
                0xbfc02000                . = (. + DEFINED (_DEBUGGER)?_DBG_CODE_SIZE:0x0)
 *fill*         0xbfc02000      0xff0 

.app_excpt      0x9fc01180       0x10
 *(.gen_handler)
 .gen_handler   0x9fc01180       0x10 c:/program files/microchip/xc32/v1.42/bin/bin/../../lib/gcc/pic32mx/4.8.3/../../../../pic32mx/lib/./proc/32MX795F512L/crt0_mips32r2.o

.vector_0       0x9fc01200        0x8
 *(.vector_0)
 .vector_0      0x9fc01200        0x8 c:/program files/microchip/xc32/v1.42/bin/bin/../../lib/gcc/pic32mx/4.8.3/../../../../pic32mx/lib\libpic32.a(vector0.o)
                0x9fc01200                __vector_dispatch_0
                0x00000001                ASSERT (((_vector_spacing == 0x0) || (SIZEOF (.vector_0) <= (_vector_spacing << 0x5))), function at exception vector 0 too large)

.vector_1       0x9fc01220        0x8
 *(.vector_1)
 .vector_1      0x9fc01220        0x8 build/default/debug/_ext/12131622/port.o
                0x9fc01220                __vector_dispatch_1
                0x00000001                ASSERT (((_vector_spacing == 0x0) || (SIZEOF (.vector_1) <= (_vector_spacing << 0x5))), function at exception vector 1 too large)

.vector_2       0x9fc01240        0x8
 *(.vector_2)
 .vector_2      0x9fc01240        0x8 c:/program files/microchip/xc32/v1.42/bin/bin/../../lib/gcc/pic32mx/4.8.3/../../../../pic32mx/lib\libpic32.a(vector2.o)
                0x9fc01240                __vector_dispatch_2
                0x00000001                ASSERT (((_vector_spacing == 0x0) || (SIZEOF (.vector_2) <= (_vector_spacing << 0x5))), function at exception vector 2 too large)

.vector_3       0x9fc01260        0x8
 *(.vector_3)
 .vector_3      0x9fc01260        0x8 c:/program files/microchip/xc32/v1.42/bin/bin/../../lib/gcc/pic32mx/4.8.3/../../../../pic32mx/lib\libpic32.a(vector3.o)
                0x9fc01260                __vector_dispatch_3
                0x00000001                ASSERT (((_vector_spacing == 0x0) || (SIZEOF (.vector_3) <= (_vector_spacing << 0x5))), function at exception vector 3 too large)

.vector_4       0x9fc01280        0x8
 *(.vector_4)
 .vector_4      0x9fc01280        0x8 build/default/debug/_ext/12131622/port.o
                0x9fc01280                __vector_dispatch_4
                0x00000001                ASSERT (((_vector_spacing == 0x0) || (SIZEOF (.vector_4) <= (_vector_spacing << 0x5))), function at exception vector 4 too large)

.vector_5       0x9fc012a0        0x8
 *(.vector_5)
 .vector_5      0x9fc012a0        0x8 c:/program files/microchip/xc32/v1.42/bin/bin/../../lib/gcc/pic32mx/4.8.3/../../../../pic32mx/lib\libpic32.a(vector5.o)
                0x9fc012a0                __vector_dispatch_5
                0x00000001                ASSERT (((_vector_spacing == 0x0) || (SIZEOF (.vector_5) <= (_vector_spacing << 0x5))), function at exception vector 5 too large)

.vector_6       0x9fc012c0        0x8
 *(.vector_6)
 .vector_6      0x9fc012c0        0x8 c:/program files/microchip/xc32/v1.42/bin/bin/../../lib/gcc/pic32mx/4.8.3/../../../../pic32mx/lib\libpic32.a(vector6.o)
                0x9fc012c0                __vector_dispatch_6
                0x00000001                ASSERT (((_vector_spacing == 0x0) || (SIZEOF (.vector_6) <= (_vector_spacing << 0x5))), function at exception vector 6 too large)

.vector_7       0x9fc012e0       0x10
 *(.vector_7)
 .vector_7      0x9fc012e0       0x10 build/default/debug/_ext/1688732426/system_interrupt_a.o
                0x9fc012e0                __vector_dispatch_7
                0x00000001                ASSERT (((_vector_spacing == 0x0) || (SIZEOF (.vector_7) <= (_vector_spacing << 0x5))), function at exception vector 7 too large)

.vector_8       0x9fc01300        0x8
 *(.vector_8)
 .vector_8      0x9fc01300        0x8 c:/program files/microchip/xc32/v1.42/bin/bin/../../lib/gcc/pic32mx/4.8.3/../../../../pic32mx/lib\libpic32.a(vector8.o)
                0x9fc01300                __vector_dispatch_8
                0x00000001                ASSERT (((_vector_spacing == 0x0) || (SIZEOF (.vector_8) <= (_vector_spacing << 0x5))), function at exception vector 8 too large)

.vector_9       0x9fc01320        0x8
 *(.vector_9)
 .vector_9      0x9fc01320        0x8 c:/program files/microchip/xc32/v1.42/bin/bin/../../lib/gcc/pic32mx/4.8.3/../../../../pic32mx/lib\libpic32.a(vector9.o)
                0x9fc01320                __vector_dispatch_9
                0x00000001                ASSERT (((_vector_spacing == 0x0) || (SIZEOF (.vector_9) <= (_vector_spacing << 0x5))), function at exception vector 9 too large)

.vector_10      0x9fc01340        0x8
 *(.vector_10)
 .vector_10     0x9fc01340        0x8 c:/program files/microchip/xc32/v1.42/bin/bin/../../lib/gcc/pic32mx/4.8.3/../../../../pic32mx/lib\libpic32.a(vector10.o)
                0x9fc01340                __vector_dispatch_10
                0x00000001                ASSERT (((_vector_spacing == 0x0) || (SIZEOF (.vector_10) <= (_vector_spacing << 0x5))), function at exception vector 10 too large)

.vector_11      0x9fc01360       0x10
 *(.vector_11)
 .vector_11     0x9fc01360       0x10 build/default/debug/_ext/1688732426/system_interrupt_a.o
                0x9fc01360                __vector_dispatch_11
                0x00000001                ASSERT (((_vector_spacing == 0x0) || (SIZEOF (.vector_11) <= (_vector_spacing << 0x5))), function at exception vector 11 too large)

.vector_12      0x9fc01380        0x8
 *(.vector_12)
 .vector_12     0x9fc01380        0x8 c:/program files/microchip/xc32/v1.42/bin/bin/../../lib/gcc/pic32mx/4.8.3/../../../../pic32mx/lib\libpic32.a(vector12.o)
                0x9fc01380                __vector_dispatch_12
                0x00000001                ASSERT (((_vector_spacing == 0x0) || (SIZEOF (.vector_12) <= (_vector_spacing << 0x5))), function at exception vector 12 too large)

.vector_13      0x9fc013a0        0x8
 *(.vector_13)
 .vector_13     0x9fc013a0        0x8 c:/program files/microchip/xc32/v1.42/bin/bin/../../lib/gcc/pic32mx/4.8.3/../../../../pic32mx/lib\libpic32.a(vector13.o)
                0x9fc013a0                __vector_dispatch_13
                0x00000001                ASSERT (((_vector_spacing == 0x0) || (SIZEOF (.vector_13) <= (_vector_spacing << 0x5))), function at exception vector 13 too large)

.vector_14      0x9fc013c0        0x8
 *(.vector_14)
 .vector_14     0x9fc013c0        0x8 c:/program files/microchip/xc32/v1.42/bin/bin/../../lib/gcc/pic32mx/4.8.3/../../../../pic32mx/lib\libpic32.a(vector14.o)
                0x9fc013c0                __vector_dispatch_14
                0x00000001                ASSERT (((_vector_spacing == 0x0) || (SIZEOF (.vector_14) <= (_vector_spacing << 0x5))), function at exception vector 14 too large)

.vector_15      0x9fc013e0        0x8
 *(.vector_15)
 .vector_15     0x9fc013e0        0x8 c:/program files/microchip/xc32/v1.42/bin/bin/../../lib/gcc/pic32mx/4.8.3/../../../../pic32mx/lib\libpic32.a(vector15.o)
                0x9fc013e0                __vector_dispatch_15
                0x00000001                ASSERT (((_vector_spacing == 0x0) || (SIZEOF (.vector_15) <= (_vector_spacing << 0x5))), function at exception vector 15 too large)

.vector_16      0x9fc01400        0x8
 *(.vector_16)
 .vector_16     0x9fc01400        0x8 c:/program files/microchip/xc32/v1.42/bin/bin/../../lib/gcc/pic32mx/4.8.3/../../../../pic32mx/lib\libpic32.a(vector16.o)
                0x9fc01400                __vector_dispatch_16
                0x00000001                ASSERT (((_vector_spacing == 0x0) || (SIZEOF (.vector_16) <= (_vector_spacing << 0x5))), function at exception vector 16 too large)

.vector_17      0x9fc01420        0x8
 *(.vector_17)
 .vector_17     0x9fc01420        0x8 c:/program files/microchip/xc32/v1.42/bin/bin/../../lib/gcc/pic32mx/4.8.3/../../../../pic32mx/lib\libpic32.a(vector17.o)
                0x9fc01420                __vector_dispatch_17
                0x00000001                ASSERT (((_vector_spacing == 0x0) || (SIZEOF (.vector_17) <= (_vector_spacing << 0x5))), function at exception vector 17 too large)

.vector_18      0x9fc01440        0x8
 *(.vector_18)
 .vector_18     0x9fc01440        0x8 c:/program files/microchip/xc32/v1.42/bin/bin/../../lib/gcc/pic32mx/4.8.3/../../../../pic32mx/lib\libpic32.a(vector18.o)
                0x9fc01440                __vector_dispatch_18
                0x00000001                ASSERT (((_vector_spacing == 0x0) || (SIZEOF (.vector_18) <= (_vector_spacing << 0x5))), function at exception vector 18 too large)

.vector_19      0x9fc01460        0x8
 *(.vector_19)
 .vector_19     0x9fc01460        0x8 c:/program files/microchip/xc32/v1.42/bin/bin/../../lib/gcc/pic32mx/4.8.3/../../../../pic32mx/lib\libpic32.a(vector19.o)
                0x9fc01460                __vector_dispatch_19
                0x00000001                ASSERT (((_vector_spacing == 0x0) || (SIZEOF (.vector_19) <= (_vector_spacing << 0x5))), function at exception vector 19 too large)

.vector_20      0x9fc01480        0x8
 *(.vector_20)
 .vector_20     0x9fc01480        0x8 c:/program files/microchip/xc32/v1.42/bin/bin/../../lib/gcc/pic32mx/4.8.3/../../../../pic32mx/lib\libpic32.a(vector20.o)
                0x9fc01480                __vector_dispatch_20
                0x00000001                ASSERT (((_vector_spacing == 0x0) || (SIZEOF (.vector_20) <= (_vector_spacing << 0x5))), function at exception vector 20 too large)

.vector_21      0x9fc014a0        0x8
 *(.vector_21)
 .vector_21     0x9fc014a0        0x8 c:/program files/microchip/xc32/v1.42/bin/bin/../../lib/gcc/pic32mx/4.8.3/../../../../pic32mx/lib\libpic32.a(vector21.o)
                0x9fc014a0                __vector_dispatch_21
                0x00000001                ASSERT (((_vector_spacing == 0x0) || (SIZEOF (.vector_21) <= (_vector_spacing << 0x5))), function at exception vector 21 too large)

.vector_22      0x9fc014c0        0x8
 *(.vector_22)
 .vector_22     0x9fc014c0        0x8 c:/program files/microchip/xc32/v1.42/bin/bin/../../lib/gcc/pic32mx/4.8.3/../../../../pic32mx/lib\libpic32.a(vector22.o)
                0x9fc014c0                __vector_dispatch_22
                0x00000001                ASSERT (((_vector_spacing == 0x0) || (SIZEOF (.vector_22) <= (_vector_spacing << 0x5))), function at exception vector 22 too large)

.vector_23      0x9fc014e0       0x10
 *(.vector_23)
 .vector_23     0x9fc014e0       0x10 build/default/debug/_ext/1688732426/system_interrupt_a.o
                0x9fc014e0                __vector_dispatch_23
                0x00000001                ASSERT (((_vector_spacing == 0x0) || (SIZEOF (.vector_23) <= (_vector_spacing << 0x5))), function at exception vector 23 too large)

.vector_24      0x9fc01500       0x10
 *(.vector_24)
 .vector_24     0x9fc01500       0x10 build/default/debug/_ext/1688732426/system_interrupt_a.o
                0x9fc01500                __vector_dispatch_24
                0x00000001                ASSERT (((_vector_spacing == 0x0) || (SIZEOF (.vector_24) <= (_vector_spacing << 0x5))), function at exception vector 24 too large)

.vector_25      0x9fc01520        0x8
 *(.vector_25)
 .vector_25     0x9fc01520        0x8 c:/program files/microchip/xc32/v1.42/bin/bin/../../lib/gcc/pic32mx/4.8.3/../../../../pic32mx/lib\libpic32.a(vector25.o)
                0x9fc01520                __vector_dispatch_25
                0x00000001                ASSERT (((_vector_spacing == 0x0) || (SIZEOF (.vector_25) <= (_vector_spacing << 0x5))), function at exception vector 25 too large)

.vector_26      0x9fc01540        0x8
 *(.vector_26)
 .vector_26     0x9fc01540        0x8 c:/program files/microchip/xc32/v1.42/bin/bin/../../lib/gcc/pic32mx/4.8.3/../../../../pic32mx/lib\libpic32.a(vector26.o)
                0x9fc01540                __vector_dispatch_26
                0x00000001                ASSERT (((_vector_spacing == 0x0) || (SIZEOF (.vector_26) <= (_vector_spacing << 0x5))), function at exception vector 26 too large)

.vector_27      0x9fc01560        0x8
 *(.vector_27)
 .vector_27     0x9fc01560        0x8 c:/program files/microchip/xc32/v1.42/bin/bin/../../lib/gcc/pic32mx/4.8.3/../../../../pic32mx/lib\libpic32.a(vector27.o)
                0x9fc01560                __vector_dispatch_27
                0x00000001                ASSERT (((_vector_spacing == 0x0) || (SIZEOF (.vector_27) <= (_vector_spacing << 0x5))), function at exception vector 27 too large)

.vector_28      0x9fc01580        0x8
 *(.vector_28)
 .vector_28     0x9fc01580        0x8 c:/program files/microchip/xc32/v1.42/bin/bin/../../lib/gcc/pic32mx/4.8.3/../../../../pic32mx/lib\libpic32.a(vector28.o)
                0x9fc01580                __vector_dispatch_28
                0x00000001                ASSERT (((_vector_spacing == 0x0) || (SIZEOF (.vector_28) <= (_vector_spacing << 0x5))), function at exception vector 28 too large)

.vector_29      0x9fc015a0        0x8
 *(.vector_29)
 .vector_29     0x9fc015a0        0x8 c:/program files/microchip/xc32/v1.42/bin/bin/../../lib/gcc/pic32mx/4.8.3/../../../../pic32mx/lib\libpic32.a(vector29.o)
                0x9fc015a0                __vector_dispatch_29
                0x00000001                ASSERT (((_vector_spacing == 0x0) || (SIZEOF (.vector_29) <= (_vector_spacing << 0x5))), function at exception vector 29 too large)

.vector_30      0x9fc015c0        0x8
 *(.vector_30)
 .vector_30     0x9fc015c0        0x8 c:/program files/microchip/xc32/v1.42/bin/bin/../../lib/gcc/pic32mx/4.8.3/../../../../pic32mx/lib\libpic32.a(vector30.o)
                0x9fc015c0                __vector_dispatch_30
                0x00000001                ASSERT (((_vector_spacing == 0x0) || (SIZEOF (.vector_30) <= (_vector_spacing << 0x5))), function at exception vector 30 too large)

.vector_31      0x9fc015e0        0x8
 *(.vector_31)
 .vector_31     0x9fc015e0        0x8 c:/program files/microchip/xc32/v1.42/bin/bin/../../lib/gcc/pic32mx/4.8.3/../../../../pic32mx/lib\libpic32.a(vector31.o)
                0x9fc015e0                __vector_dispatch_31
                0x00000001                ASSERT (((_vector_spacing == 0x0) || (SIZEOF (.vector_31) <= (_vector_spacing << 0x5))), function at exception vector 31 too large)

.vector_32      0x9fc01600        0x8
 *(.vector_32)
 .vector_32     0x9fc01600        0x8 c:/program files/microchip/xc32/v1.42/bin/bin/../../lib/gcc/pic32mx/4.8.3/../../../../pic32mx/lib\libpic32.a(vector32.o)
                0x9fc01600                __vector_dispatch_32
                0x00000001                ASSERT (((_vector_spacing == 0x0) || (SIZEOF (.vector_32) <= (_vector_spacing << 0x5))), function at exception vector 32 too large)

.vector_33      0x9fc01620        0x8
 *(.vector_33)
 .vector_33     0x9fc01620        0x8 c:/program files/microchip/xc32/v1.42/bin/bin/../../lib/gcc/pic32mx/4.8.3/../../../../pic32mx/lib\libpic32.a(vector33.o)
                0x9fc01620                __vector_dispatch_33
                0x00000001                ASSERT (((_vector_spacing == 0x0) || (SIZEOF (.vector_33) <= (_vector_spacing << 0x5))), function at exception vector 33 too large)

.vector_34      0x9fc01640        0x8
 *(.vector_34)
 .vector_34     0x9fc01640        0x8 c:/program files/microchip/xc32/v1.42/bin/bin/../../lib/gcc/pic32mx/4.8.3/../../../../pic32mx/lib\libpic32.a(vector34.o)
                0x9fc01640                __vector_dispatch_34
                0x00000001                ASSERT (((_vector_spacing == 0x0) || (SIZEOF (.vector_34) <= (_vector_spacing << 0x5))), function at exception vector 34 too large)

.vector_35      0x9fc01660        0x8
 *(.vector_35)
 .vector_35     0x9fc01660        0x8 c:/program files/microchip/xc32/v1.42/bin/bin/../../lib/gcc/pic32mx/4.8.3/../../../../pic32mx/lib\libpic32.a(vector35.o)
                0x9fc01660                __vector_dispatch_35
                0x00000001                ASSERT (((_vector_spacing == 0x0) || (SIZEOF (.vector_35) <= (_vector_spacing << 0x5))), function at exception vector 35 too large)

.vector_36      0x9fc01680        0x8
 *(.vector_36)
 .vector_36     0x9fc01680        0x8 c:/program files/microchip/xc32/v1.42/bin/bin/../../lib/gcc/pic32mx/4.8.3/../../../../pic32mx/lib\libpic32.a(vector36.o)
                0x9fc01680                __vector_dispatch_36
                0x00000001                ASSERT (((_vector_spacing == 0x0) || (SIZEOF (.vector_36) <= (_vector_spacing << 0x5))), function at exception vector 36 too large)

.vector_37      0x9fc016a0        0x8
 *(.vector_37)
 .vector_37     0x9fc016a0        0x8 c:/program files/microchip/xc32/v1.42/bin/bin/../../lib/gcc/pic32mx/4.8.3/../../../../pic32mx/lib\libpic32.a(vector37.o)
                0x9fc016a0                __vector_dispatch_37
                0x00000001                ASSERT (((_vector_spacing == 0x0) || (SIZEOF (.vector_37) <= (_vector_spacing << 0x5))), function at exception vector 37 too large)

.vector_38      0x9fc016c0        0x8
 *(.vector_38)
 .vector_38     0x9fc016c0        0x8 c:/program files/microchip/xc32/v1.42/bin/bin/../../lib/gcc/pic32mx/4.8.3/../../../../pic32mx/lib\libpic32.a(vector38.o)
                0x9fc016c0                __vector_dispatch_38
                0x00000001                ASSERT (((_vector_spacing == 0x0) || (SIZEOF (.vector_38) <= (_vector_spacing << 0x5))), function at exception vector 38 too large)

.vector_39      0x9fc016e0        0x8
 *(.vector_39)
 .vector_39     0x9fc016e0        0x8 c:/program files/microchip/xc32/v1.42/bin/bin/../../lib/gcc/pic32mx/4.8.3/../../../../pic32mx/lib\libpic32.a(vector39.o)
                0x9fc016e0                __vector_dispatch_39
                0x00000001                ASSERT (((_vector_spacing == 0x0) || (SIZEOF (.vector_39) <= (_vector_spacing << 0x5))), function at exception vector 39 too large)

.vector_40      0x9fc01700        0x8
 *(.vector_40)
 .vector_40     0x9fc01700        0x8 c:/program files/microchip/xc32/v1.42/bin/bin/../../lib/gcc/pic32mx/4.8.3/../../../../pic32mx/lib\libpic32.a(vector40.o)
                0x9fc01700                __vector_dispatch_40
                0x00000001                ASSERT (((_vector_spacing == 0x0) || (SIZEOF (.vector_40) <= (_vector_spacing << 0x5))), function at exception vector 40 too large)

.vector_41      0x9fc01720        0x8
 *(.vector_41)
 .vector_41     0x9fc01720        0x8 c:/program files/microchip/xc32/v1.42/bin/bin/../../lib/gcc/pic32mx/4.8.3/../../../../pic32mx/lib\libpic32.a(vector41.o)
                0x9fc01720                __vector_dispatch_41
                0x00000001                ASSERT (((_vector_spacing == 0x0) || (SIZEOF (.vector_41) <= (_vector_spacing << 0x5))), function at exception vector 41 too large)

.vector_42      0x9fc01740        0x8
 *(.vector_42)
 .vector_42     0x9fc01740        0x8 c:/program files/microchip/xc32/v1.42/bin/bin/../../lib/gcc/pic32mx/4.8.3/../../../../pic32mx/lib\libpic32.a(vector42.o)
                0x9fc01740                __vector_dispatch_42
                0x00000001                ASSERT (((_vector_spacing == 0x0) || (SIZEOF (.vector_42) <= (_vector_spacing << 0x5))), function at exception vector 42 too large)

.vector_43      0x9fc01760        0x8
 *(.vector_43)
 .vector_43     0x9fc01760        0x8 c:/program files/microchip/xc32/v1.42/bin/bin/../../lib/gcc/pic32mx/4.8.3/../../../../pic32mx/lib\libpic32.a(vector43.o)
                0x9fc01760                __vector_dispatch_43
                0x00000001                ASSERT (((_vector_spacing == 0x0) || (SIZEOF (.vector_43) <= (_vector_spacing << 0x5))), function at exception vector 43 too large)

.vector_44      0x9fc01780        0x8
 *(.vector_44)
 .vector_44     0x9fc01780        0x8 c:/program files/microchip/xc32/v1.42/bin/bin/../../lib/gcc/pic32mx/4.8.3/../../../../pic32mx/lib\libpic32.a(vector44.o)
                0x9fc01780                __vector_dispatch_44
                0x00000001                ASSERT (((_vector_spacing == 0x0) || (SIZEOF (.vector_44) <= (_vector_spacing << 0x5))), function at exception vector 44 too large)

.vector_45      0x9fc017a0        0x8
 *(.vector_45)
 .vector_45     0x9fc017a0        0x8 c:/program files/microchip/xc32/v1.42/bin/bin/../../lib/gcc/pic32mx/4.8.3/../../../../pic32mx/lib\libpic32.a(vector45.o)
                0x9fc017a0                __vector_dispatch_45
                0x00000001                ASSERT (((_vector_spacing == 0x0) || (SIZEOF (.vector_45) <= (_vector_spacing << 0x5))), function at exception vector 45 too large)

.vector_46      0x9fc017c0        0x8
 *(.vector_46)
 .vector_46     0x9fc017c0        0x8 c:/program files/microchip/xc32/v1.42/bin/bin/../../lib/gcc/pic32mx/4.8.3/../../../../pic32mx/lib\libpic32.a(vector46.o)
                0x9fc017c0                __vector_dispatch_46
                0x00000001                ASSERT (((_vector_spacing == 0x0) || (SIZEOF (.vector_46) <= (_vector_spacing << 0x5))), function at exception vector 46 too large)

.vector_47      0x9fc017e0        0x8
 *(.vector_47)
 .vector_47     0x9fc017e0        0x8 c:/program files/microchip/xc32/v1.42/bin/bin/../../lib/gcc/pic32mx/4.8.3/../../../../pic32mx/lib\libpic32.a(vector47.o)
                0x9fc017e0                __vector_dispatch_47
                0x00000001                ASSERT (((_vector_spacing == 0x0) || (SIZEOF (.vector_47) <= (_vector_spacing << 0x5))), function at exception vector 47 too large)

.vector_48      0x9fc01800        0x8
 *(.vector_48)
 .vector_48     0x9fc01800        0x8 c:/program files/microchip/xc32/v1.42/bin/bin/../../lib/gcc/pic32mx/4.8.3/../../../../pic32mx/lib\libpic32.a(vector48.o)
                0x9fc01800                __vector_dispatch_48
                0x00000001                ASSERT (((_vector_spacing == 0x0) || (SIZEOF (.vector_48) <= (_vector_spacing << 0x5))), function at exception vector 48 too large)

.vector_49      0x9fc01820        0x8
 *(.vector_49)
 .vector_49     0x9fc01820        0x8 c:/program files/microchip/xc32/v1.42/bin/bin/../../lib/gcc/pic32mx/4.8.3/../../../../pic32mx/lib\libpic32.a(vector49.o)
                0x9fc01820                __vector_dispatch_49
                0x00000001                ASSERT (((_vector_spacing == 0x0) || (SIZEOF (.vector_49) <= (_vector_spacing << 0x5))), function at exception vector 49 too large)

.vector_50      0x9fc01840        0x8
 *(.vector_50)
 .vector_50     0x9fc01840        0x8 c:/program files/microchip/xc32/v1.42/bin/bin/../../lib/gcc/pic32mx/4.8.3/../../../../pic32mx/lib\libpic32.a(vector50.o)
                0x9fc01840                __vector_dispatch_50
                0x00000001                ASSERT (((_vector_spacing == 0x0) || (SIZEOF (.vector_50) <= (_vector_spacing << 0x5))), function at exception vector 50 too large)

.vector_51      0x9fc01860        0x8
 *(.vector_51)
 .vector_51     0x9fc01860        0x8 c:/program files/microchip/xc32/v1.42/bin/bin/../../lib/gcc/pic32mx/4.8.3/../../../../pic32mx/lib\libpic32.a(vector51.o)
                0x9fc01860                __vector_dispatch_51
                0x00000001                ASSERT (((_vector_spacing == 0x0) || (SIZEOF (.vector_51) <= (_vector_spacing << 0x5))), function at exception vector 51 too large)

.vector_52      0x9fc01880        0x0
 *(.vector_52)
                0x00000001                ASSERT (((_vector_spacing == 0x0) || (SIZEOF (.vector_52) <= (_vector_spacing << 0x5))), function at exception vector 52 too large)

.vector_53      0x9fc018a0        0x0
 *(.vector_53)
                0x00000001                ASSERT (((_vector_spacing == 0x0) || (SIZEOF (.vector_53) <= (_vector_spacing << 0x5))), function at exception vector 53 too large)

.vector_54      0x9fc018c0        0x0
 *(.vector_54)
                0x00000001                ASSERT (((_vector_spacing == 0x0) || (SIZEOF (.vector_54) <= (_vector_spacing << 0x5))), function at exception vector 54 too large)

.vector_55      0x9fc018e0        0x0
 *(.vector_55)
                0x00000001                ASSERT (((_vector_spacing == 0x0) || (SIZEOF (.vector_55) <= (_vector_spacing << 0x5))), function at exception vector 55 too large)

.vector_56      0x9fc01900        0x0
 *(.vector_56)
                0x00000001                ASSERT (((_vector_spacing == 0x0) || (SIZEOF (.vector_56) <= (_vector_spacing << 0x5))), function at exception vector 56 too large)

.vector_57      0x9fc01920        0x0
 *(.vector_57)
                0x00000001                ASSERT (((_vector_spacing == 0x0) || (SIZEOF (.vector_57) <= (_vector_spacing << 0x5))), function at exception vector 57 too large)

.vector_58      0x9fc01940        0x0
 *(.vector_58)
                0x00000001                ASSERT (((_vector_spacing == 0x0) || (SIZEOF (.vector_58) <= (_vector_spacing << 0x5))), function at exception vector 58 too large)

.vector_59      0x9fc01960        0x0
 *(.vector_59)
                0x00000001                ASSERT (((_vector_spacing == 0x0) || (SIZEOF (.vector_59) <= (_vector_spacing << 0x5))), function at exception vector 59 too large)

.vector_60      0x9fc01980        0x0
 *(.vector_60)
                0x00000001                ASSERT (((_vector_spacing == 0x0) || (SIZEOF (.vector_60) <= (_vector_spacing << 0x5))), function at exception vector 60 too large)

.vector_61      0x9fc019a0        0x0
 *(.vector_61)
                0x00000001                ASSERT (((_vector_spacing == 0x0) || (SIZEOF (.vector_61) <= (_vector_spacing << 0x5))), function at exception vector 61 too large)

.vector_62      0x9fc019c0        0x0
 *(.vector_62)
                0x00000001                ASSERT (((_vector_spacing == 0x0) || (SIZEOF (.vector_62) <= (_vector_spacing << 0x5))), function at exception vector 62 too large)

.vector_63      0x9fc019e0        0x0
 *(.vector_63)
                0x00000001                ASSERT (((_vector_spacing == 0x0) || (SIZEOF (.vector_63) <= (_vector_spacing << 0x5))), function at exception vector 63 too large)

.startup
 *(.startup)

.text           0x9d000000        0x0
 *(.stub .gnu.linkonce.t.*)
 *(.text.*personality*)
 *(.mips16.fn.*)
 *(.mips16.call.*)
 *(.gnu.warning)
                0x9d000000                . = ALIGN (0x4)

.init           0x9d000000        0x0
 *crti.o(.init)
 *crtbegin.o(.init)
 *(EXCLUDE_FILE(*crtn.o *crtend?.o *crtend.o) .init)
 *crtend.o(.init)
 *crtn.o(.init)
                0x9d000000                . = ALIGN (0x4)

.fini           0x9d000000        0x0
 *(.fini)
                0x9d000000                . = ALIGN (0x4)

.preinit_array  0x9d000000        0x0
                0x9d000000                PROVIDE (__preinit_array_start, .)
 *(.preinit_array)
                0x9d000000                PROVIDE (__preinit_array_end, .)
                0x9d000000                . = ALIGN (0x4)

.init_array     0x9d000000        0x0
                0x9d000000                PROVIDE (__init_array_start, .)
 *(SORT(.init_array.*))
 *(.init_array)
                0x9d000000                PROVIDE (__init_array_end, .)
                0x9d000000                . = ALIGN (0x4)

.fini_array     0x9d000000        0x0
                0x9d000000                PROVIDE (__fini_array_start, .)
 *(SORT(.fini_array.*))
 *(.fini_array)
                0x9d000000                PROVIDE (__fini_array_end, .)
                0x9d000000                . = ALIGN (0x4)

.ctors          0x9d000000        0x0
 *crtbegin.o(.ctors)
 *crtbegin?.o(.ctors)
 *(EXCLUDE_FILE(*crtend?.o *crtend.o) .ctors)
 *(SORT(.ctors.*))
 *(.ctors)
                0x9d000000                . = ALIGN (0x4)

.dtors          0x9d000000        0x0
 *crtbegin.o(.dtors)
 *crtbegin?.o(.dtors)
 *(EXCLUDE_FILE(*crtend?.o *crtend.o) .dtors)
 *(SORT(.dtors.*))
 *(.dtors)
                0x9d000000                . = ALIGN (0x4)

.rodata         0x9d000000        0x0
 *(.gnu.linkonce.r.*)
 *(.rodata1)
                0x9d000000                . = ALIGN (0x4)

.sdata2         0x9fc00490        0x0
 *(.sdata2 .sdata2.* .gnu.linkonce.s2.*)
                0x9fc00490                . = ALIGN (0x4)

.sbss2          0x9fc00490        0x0
 *(.sbss2 .sbss2.* .gnu.linkonce.sb2.*)
                0x9fc00490                . = ALIGN (0x4)

.eh_frame_hdr
 *(.eh_frame_hdr)
                0x9fc00490                . = ALIGN (0x4)

.eh_frame
 *(.eh_frame)
                0x9fc00490                . = ALIGN (0x4)

.gcc_except_table
 *(.gcc_except_table .gcc_except_table.*)
                0x9fc00490                . = ALIGN (0x4)

.dbg_data       0xa0000000      0x200
                0xa0000000                . = (. + DEFINED (_DEBUGGER)?0x200:0x0)
 *fill*         0xa0000000      0x200 

.jcr            0xa0000200        0x0
 *(.jcr)
                0xa0000200                . = ALIGN (0x4)

.eh_frame
 *(.eh_frame)
                0xa0000200                . = ALIGN (0x4)

.gcc_except_table
 *(.gcc_except_table .gcc_except_table.*)
                0xa0000200                . = ALIGN (0x4)

.persist        0xa0000200        0x0
                0xa0000200                _persist_begin = .
 *(.persist .persist.*)
 *(.pbss .pbss.*)
                0xa0000200                . = ALIGN (0x4)
                0xa0000200                _persist_end = .

.data           0xa0000200        0x0
 *(.gnu.linkonce.d.*)
 *(.data1)
                0xa0000200                . = ALIGN (0x4)
                0xa0000200                . = .
                0xa00081f0                _gp = (ALIGN (0x10) + 0x7ff0)

.got            0xa0000200        0x0
 *(.got.plt)
 *(.got)
                0xa0000200                . = ALIGN (0x4)

.sdata          0xa0000200        0x4
                0xa0000200                _sdata_begin = .
 *(.sdata .sdata.* .gnu.linkonce.s.*)
 .sdata         0xa0000200        0x4 build/default/debug/_ext/12131622/port.o
                0xa0000200                uxInterruptNesting
                0xa0000204                . = ALIGN (0x4)
                0xa0000204                _sdata_end = .

.lit8
 *(.lit8)

.lit4
 *(.lit4)
                0xa0000204                . = ALIGN (0x4)
                0xa0000204                _data_end = .
                0xa0000204                _bss_begin = .

.sbss           0xa0000204       0x80
                0xa0000204                _sbss_begin = .
 *(.dynsbss)
 *(.sbss .sbss.* .gnu.linkonce.sb.*)
 .sbss          0xa0000204        0xc build/default/debug/_ext/1688732426/system_exceptions.o
 .sbss          0xa0000210        0x1 build/default/debug/_ext/568870469/drv_spi.o
 *fill*         0xa0000211        0x3 
 .sbss          0xa0000214        0x8 build/default/debug/_ext/1856876499/heap_1.o
 .sbss          0xa000021c        0x4 build/default/debug/_ext/12131622/port.o
                0xa000021c                uxSavedTaskStackPointer
 .sbss          0xa0000220       0x30 build/default/debug/_ext/1128951024/tasks.o
                0xa0000220                uxSchedulerSuspended
                0xa0000224                xNextTaskUnblockTime
                0xa0000228                uxTaskNumber
                0xa000022c                xNumOfOverflows
                0xa0000230                xYieldPending
                0xa0000234                uxPendedTicks
                0xa0000238                xSchedulerRunning
                0xa000023c                uxTopReadyPriority
                0xa0000240                xTickCount
                0xa0000244                uxCurrentNumberOfTasks
                0xa0000248                uxTasksDeleted
                0xa000024c                pxCurrentTCB
 *(.scommon)
 .scommon       0xa0000250       0x18 build/default/debug/_ext/639803181/sys_clk_static.o
                0xa0000250                pxTaskNavCorrectionHandle
                0xa0000254                appData
                0xa000025c                px_APP_TasksHandle
                0xa0000260                pxTaskNavPredictionHandle
                0xa0000264                BaroAlt
 .scommon       0xa0000268        0x0 build/default/debug/_ext/1688732426/system_init.o
 .scommon       0xa0000268        0x0 build/default/debug/_ext/1688732426/system_interrupt.o
 .scommon       0xa0000268        0x0 build/default/debug/_ext/1688732426/system_exceptions.o
 .scommon       0xa0000268        0x0 build/default/debug/_ext/1688732426/system_tasks.o
 .scommon       0xa0000268        0xc build/default/debug/_ext/1360937237/app.o
                0xa0000268                SPI_handle
                0xa000026c                spi_status
                0xa0000270                SPI_bufferHandle
 .scommon       0xa0000274        0x8 build/default/debug/_ext/1271179505/sys_devcon.o
                0xa0000274                sysDevconObj
 .scommon       0xa000027c        0x8 build/default/debug/_ext/1128951024/tasks.o
                0xa000027c                pxDelayedTaskList
                0xa0000280                pxOverflowDelayedTaskList
                0xa0000284                _sbss_end = .
                0xa0000284                . = ALIGN (0x4)

.bss            0xa0000284     0x12ac
 *(.dynbss)
 *(COMMON)
 COMMON         0xa0000284       0x24 build/default/debug/_ext/639803181/sys_clk_static.o
                0xa0000284                Vel
                0xa0000290                Pos
                0xa000029c                mag_data
 COMMON         0xa00002a8     0x10e4 build/default/debug/_ext/1688732426/insgps16state_v1.o
                0xa00002a8                G
                0xa00005a8                K
                0xa0000828                H
                0xa0000aa8                F
                0xa0000ea8                P
                0xa00012a8                R
                0xa00012d0                Q
                0xa0001300                X
                0xa0001340                Nav
                0xa0001380                Be
 COMMON         0xa000138c        0xc build/default/debug/_ext/1688732426/system_init.o
                0xa000138c                sysObj
 COMMON         0xa0001398       0x16 build/default/debug/_ext/1360937237/app.o
                0xa0001398                SPI_ReadBuffer
                0xa00013a4                SPI_WriteBuffer
 *fill*         0xa00013ae        0x2 
 COMMON         0xa00013b0       0xb8 build/default/debug/_ext/260586732/drv_usart.o
                0xa00013b0                gDrvUSARTCommonDataObj
                0xa00013bc                gDrvUSARTClientObj
                0xa0001408                gDrvUSARTObj
 COMMON         0xa0001468       0xc8 build/default/debug/_ext/1128951024/tasks.o
                0xa0001468                pxReadyTasksLists
                0xa00014cc                xPendingReadyList
                0xa00014e0                xTasksWaitingTermination
                0xa00014f4                xSuspendedTaskList
                0xa0001508                xDelayedTaskList2
                0xa000151c                xDelayedTaskList1
                0xa0001530                . = ALIGN ((. != 0x0)?0x4:0x1)
                0xa0001530                . = ALIGN (0x4)
                0xa0001530                _end = .
                0xa0001530                _bss_end = .
                0x00020000                _bmxdudba_address = 0x20000
                0x00020000                _bmxdupba_address = 0x20000

/DISCARD/
 *(.pdr)
 *(.rel.dyn)
 *(.note.GNU-stack)
 *(.note.GNU-stack)
 *(.gnu_debuglink)
 *(.gnu.lto_*)
 *(.discard)

.gptab.sdata
 *(.gptab.data)
 *(.gptab.sdata)

.gptab.sbss
 *(.gptab.bss)
 *(.gptab.sbss)

.mdebug.abi32   0xa0001530        0x0
 *(.mdebug.abi32)
 .mdebug.abi32  0xa0001530        0x0 c:/program files/microchip/xc32/v1.42/bin/bin/../../lib/gcc/pic32mx/4.8.3/../../../../pic32mx/lib\software-debug-break.o
 .mdebug.abi32  0xa0001530        0x0 build/default/debug/_ext/977502197/drv_spi_tasks.o
 .mdebug.abi32  0xa0001530        0x0 build/default/debug/_ext/977502197/drv_spi_api.o
 .mdebug.abi32  0xa0001530        0x0 build/default/debug/_ext/977502197/drv_spi_master_rm_tasks.o
 .mdebug.abi32  0xa0001530        0x0 build/default/debug/_ext/639803181/sys_clk_static.o
 .mdebug.abi32  0xa0001530        0x0 build/default/debug/_ext/822048611/sys_ports_static.o
 .mdebug.abi32  0xa0001530        0x0 build/default/debug/_ext/1688732426/insgps16state_v1.o
 .mdebug.abi32  0xa0001530        0x0 build/default/debug/_ext/1688732426/system_init.o
 .mdebug.abi32  0xa0001530        0x0 build/default/debug/_ext/1688732426/system_interrupt.o
 .mdebug.abi32  0xa0001530        0x0 build/default/debug/_ext/1688732426/system_exceptions.o
 .mdebug.abi32  0xa0001530        0x0 build/default/debug/_ext/1688732426/system_tasks.o
 .mdebug.abi32  0xa0001530        0x0 build/default/debug/_ext/1688732426/rtos_hooks.o
 .mdebug.abi32  0xa0001530        0x0 build/default/debug/_ext/1360937237/app.o
 .mdebug.abi32  0xa0001530        0x0 build/default/debug/_ext/1360937237/main.o
 .mdebug.abi32  0xa0001530        0x0 build/default/debug/_ext/1890346972/bsp_sys_init.o
 .mdebug.abi32  0xa0001530        0x0 build/default/debug/_ext/568870469/drv_spi.o
 .mdebug.abi32  0xa0001530        0x0 build/default/debug/_ext/465164171/drv_spi_sys_queue_fifo.o
 .mdebug.abi32  0xa0001530        0x0 build/default/debug/_ext/260586732/drv_usart.o
 .mdebug.abi32  0xa0001530        0x0 build/default/debug/_ext/260586732/drv_usart_read_write.o
 .mdebug.abi32  0xa0001530        0x0 build/default/debug/_ext/24337685/osal_freertos.o
 .mdebug.abi32  0xa0001530        0x0 build/default/debug/_ext/1271179505/sys_devcon.o
 .mdebug.abi32  0xa0001530        0x0 build/default/debug/_ext/1271179505/sys_devcon_pic32mx.o
 .mdebug.abi32  0xa0001530        0x0 build/default/debug/_ext/122796885/sys_int_pic32.o
 .mdebug.abi32  0xa0001530        0x0 build/default/debug/_ext/1856876499/heap_1.o
 .mdebug.abi32  0xa0001530        0x0 build/default/debug/_ext/12131622/port.o
 .mdebug.abi32  0xa0001530        0x0 build/default/debug/_ext/1128951024/croutine.o
 .mdebug.abi32  0xa0001530        0x0 build/default/debug/_ext/1128951024/list.o
 .mdebug.abi32  0xa0001530        0x0 build/default/debug/_ext/1128951024/queue.o
 .mdebug.abi32  0xa0001530        0x0 build/default/debug/_ext/1128951024/tasks.o
 .mdebug.abi32  0xa0001530        0x0 build/default/debug/_ext/1128951024/timers.o
 .mdebug.abi32  0xa0001530        0x0 build/default/debug/_ext/1128951024/event_groups.o
 .mdebug.abi32  0xa0001530        0x0 c:/program files/microchip/xc32/v1.42/bin/bin/../../lib/gcc/pic32mx/4.8.3/../../../../pic32mx/lib\libpic32.a(default-bootstrap-exception-handler.o)
 .mdebug.abi32  0xa0001530        0x0 c:/program files/microchip/xc32/v1.42/bin/bin/../../lib/gcc/pic32mx/4.8.3/../../../../pic32mx/lib\libpic32.a(default-on-reset.o)
 .mdebug.abi32  0xa0001530        0x0 c:/program files/microchip/xc32/v1.42/bin/bin/../../lib/gcc/pic32mx/4.8.3/../../../../pic32mx/lib\libpic32.a(default-on-bootstrap.o)
 .mdebug.abi32  0xa0001530        0x0 c:/program files/microchip/xc32/v1.42/bin/bin/../../lib/gcc/pic32mx/4.8.3/../../../../pic32mx/lib\libpic32.a(defaultinterrupt.o)
 .mdebug.abi32  0xa0001530        0x0 c:/program files/microchip/xc32/v1.42/bin/bin/../../lib/gcc/pic32mx/4.8.3/../../../../pic32mx/lib\libm.a(w_sqrtf.o)
 .mdebug.abi32  0xa0001530        0x0 c:/program files/microchip/xc32/v1.42/bin/bin/../../lib/gcc/pic32mx/4.8.3/../../../../pic32mx/lib\libm.a(s_lib_ver.o)
 .mdebug.abi32  0xa0001530        0x0 c:/program files/microchip/xc32/v1.42/bin/bin/../../lib/gcc/pic32mx/4.8.3/../../../../pic32mx/lib\libc.a(errno.o)
 .mdebug.abi32  0xa0001530        0x0 c:/program files/microchip/xc32/v1.42/bin/bin/../../lib/gcc/pic32mx/4.8.3/../../../../pic32mx/lib\libc.a(strchr.o)
 .mdebug.abi32  0xa0001530        0x0 c:/program files/microchip/xc32/v1.42/bin/bin/../../lib/gcc/pic32mx/4.8.3/../../../../pic32mx/lib\libc.a(strncpy.o)
 .mdebug.abi32  0xa0001530        0x0 c:/program files/microchip/xc32/v1.42/bin/bin/../../lib/gcc/pic32mx/4.8.3/../../../../pic32mx/lib\libc.a(strtof.o)
 .mdebug.abi32  0xa0001530        0x0 c:/program files/microchip/xc32/v1.42/bin/bin/../../lib/gcc/pic32mx/4.8.3/../../../../pic32mx/lib\libc.a(strtok.o)
 .mdebug.abi32  0xa0001530        0x0 c:/program files/microchip/xc32/v1.42/bin/bin/../../lib/gcc/pic32mx/4.8.3/../../../../pic32mx/lib\libc.a(strcspn.o)
 .mdebug.abi32  0xa0001530        0x0 c:/program files/microchip/xc32/v1.42/bin/bin/../../lib/gcc/pic32mx/4.8.3/../../../../pic32mx/lib\libc.a(strspn.o)
 .mdebug.abi32  0xa0001530        0x0 c:/program files/microchip/xc32/v1.42/bin/bin/../../lib/gcc/pic32mx/4.8.3/../../../../pic32mx/lib\libm.a(__strtof.o)
 .mdebug.abi32  0xa0001530        0x0 c:/program files/microchip/xc32/v1.42/bin/bin/../../lib/gcc/pic32mx/4.8.3/../../../../pic32mx/lib\libe.a(_ldexpf.o)
 .mdebug.abi32  0xa0001530        0x0 c:/program files/microchip/xc32/v1.42/bin/bin/../../lib/gcc/pic32mx/4.8.3/../../../../pic32mx/lib\libc.a(ctype.o)

.mdebug.abiN32
 *(.mdebug.abiN32)

.mdebug.abi64
 *(.mdebug.abi64)

.mdebug.abiO64
 *(.mdebug.abiO64)

.mdebug.eabi32
 *(.mdebug.eabi32)

.mdebug.eabi64
 *(.mdebug.eabi64)

.gcc_compiled_long32
 *(.gcc_compiled_long32)

.gcc_compiled_long64
 *(.gcc_compiled_long64)

.stab
 *(.stab)

.stabstr
 *(.stabstr)

.stab.excl
 *(.stab.excl)

.stab.exclstr
 *(.stab.exclstr)

.stab.index
 *(.stab.index)

.stab.indexstr
 *(.stab.indexstr)

.comment        0x00000000      0x18f
 *(.comment)
 .comment       0x00000000       0x3c c:/program files/microchip/xc32/v1.42/bin/bin/../../lib/gcc/pic32mx/4.8.3/../../../../pic32mx/lib\software-debug-break.o
                                 0x3d (size before relaxing)
 .comment       0x00000000       0x3d build/default/debug/_ext/977502197/drv_spi_tasks.o
 .comment       0x00000000       0x3d build/default/debug/_ext/977502197/drv_spi_api.o
 .comment       0x00000000       0x3d build/default/debug/_ext/977502197/drv_spi_master_rm_tasks.o
 .comment       0x00000000       0x3d build/default/debug/_ext/639803181/sys_clk_static.o
 .comment       0x00000000       0x3d build/default/debug/_ext/822048611/sys_ports_static.o
 .comment       0x00000000       0x3d build/default/debug/_ext/1688732426/insgps16state_v1.o
 .comment       0x00000000       0x3d build/default/debug/_ext/1688732426/system_init.o
 .comment       0x00000000       0x3d build/default/debug/_ext/1688732426/system_interrupt.o
 .comment       0x00000000       0x3d build/default/debug/_ext/1688732426/system_exceptions.o
 .comment       0x00000000       0x3d build/default/debug/_ext/1688732426/system_tasks.o
 .comment       0x00000000       0x3d build/default/debug/_ext/1688732426/rtos_hooks.o
 .comment       0x00000000       0x3d build/default/debug/_ext/1360937237/app.o
 .comment       0x00000000       0x3d build/default/debug/_ext/1360937237/main.o
 .comment       0x00000000       0x3d build/default/debug/_ext/1890346972/bsp_sys_init.o
 .comment       0x00000000       0x3d build/default/debug/_ext/568870469/drv_spi.o
 .comment       0x00000000       0x3d build/default/debug/_ext/465164171/drv_spi_sys_queue_fifo.o
 .comment       0x00000000       0x3d build/default/debug/_ext/260586732/drv_usart.o
 .comment       0x00000000       0x3d build/default/debug/_ext/260586732/drv_usart_read_write.o
 .comment       0x00000000       0x3d build/default/debug/_ext/24337685/osal_freertos.o
 .comment       0x00000000       0x3d build/default/debug/_ext/1271179505/sys_devcon.o
 .comment       0x00000000       0x3d build/default/debug/_ext/1271179505/sys_devcon_pic32mx.o
 .comment       0x00000000       0x3d build/default/debug/_ext/122796885/sys_int_pic32.o
 .comment       0x00000000       0x3d build/default/debug/_ext/1856876499/heap_1.o
 .comment       0x00000000       0x3d build/default/debug/_ext/12131622/port.o
 .comment       0x00000000       0x3d build/default/debug/_ext/1128951024/croutine.o
 .comment       0x00000000       0x3d build/default/debug/_ext/1128951024/list.o
 .comment       0x00000000       0x3d build/default/debug/_ext/1128951024/queue.o
 .comment       0x00000000       0x3d build/default/debug/_ext/1128951024/tasks.o
 .comment       0x00000000       0x3d build/default/debug/_ext/1128951024/timers.o
 .comment       0x00000000       0x3d build/default/debug/_ext/1128951024/event_groups.o
 .comment       0x0000003c       0x18 c:/program files/microchip/xc32/v1.42/bin/bin/../../lib/gcc/pic32mx/4.8.3/../../../../pic32mx/lib\libpic32.a(memset.o)
                                 0x19 (size before relaxing)
 .comment       0x00000000       0x3d c:/program files/microchip/xc32/v1.42/bin/bin/../../lib/gcc/pic32mx/4.8.3/../../../../pic32mx/lib\libpic32.a(default-bootstrap-exception-handler.o)
 .comment       0x00000000       0x3d c:/program files/microchip/xc32/v1.42/bin/bin/../../lib/gcc/pic32mx/4.8.3/../../../../pic32mx/lib\libpic32.a(default-on-reset.o)
 .comment       0x00000000       0x3d c:/program files/microchip/xc32/v1.42/bin/bin/../../lib/gcc/pic32mx/4.8.3/../../../../pic32mx/lib\libpic32.a(default-on-bootstrap.o)
 .comment       0x00000000       0x3d c:/program files/microchip/xc32/v1.42/bin/bin/../../lib/gcc/pic32mx/4.8.3/../../../../pic32mx/lib\libpic32.a(defaultinterrupt.o)
 .comment       0x00000000       0x3d c:/program files/microchip/xc32/v1.42/bin/bin/../../lib/gcc/pic32mx/4.8.3/../../../../pic32mx/lib\libm.a(w_sqrtf.o)
 .comment       0x00000000       0x3d c:/program files/microchip/xc32/v1.42/bin/bin/../../lib/gcc/pic32mx/4.8.3/../../../../pic32mx/lib\libm.a(s_lib_ver.o)
 .comment       0x00000000       0x3d c:/program files/microchip/xc32/v1.42/bin/bin/../../lib/gcc/pic32mx/4.8.3/../../../../pic32mx/lib\libc.a(errno.o)
 .comment       0x00000000       0x3d c:/program files/microchip/xc32/v1.42/bin/bin/../../lib/gcc/pic32mx/4.8.3/../../../../pic32mx/lib\libc.a(strchr.o)
 .comment       0x00000000       0x3d c:/program files/microchip/xc32/v1.42/bin/bin/../../lib/gcc/pic32mx/4.8.3/../../../../pic32mx/lib\libc.a(strncpy.o)
 .comment       0x00000000       0x3d c:/program files/microchip/xc32/v1.42/bin/bin/../../lib/gcc/pic32mx/4.8.3/../../../../pic32mx/lib\libc.a(strtof.o)
 .comment       0x00000000       0x3d c:/program files/microchip/xc32/v1.42/bin/bin/../../lib/gcc/pic32mx/4.8.3/../../../../pic32mx/lib\libc.a(strtok.o)
 .comment       0x00000000       0x3d c:/program files/microchip/xc32/v1.42/bin/bin/../../lib/gcc/pic32mx/4.8.3/../../../../pic32mx/lib\libc.a(strcspn.o)
 .comment       0x00000000       0x3d c:/program files/microchip/xc32/v1.42/bin/bin/../../lib/gcc/pic32mx/4.8.3/../../../../pic32mx/lib\libc.a(strspn.o)
 .comment       0x00000054       0x9d c:/program files/microchip/xc32/v1.42/bin/bin/../../lib/gcc/pic32mx/4.8.3/../../../../pic32mx/lib\libm.a(__strtof.o)
                                 0xda (size before relaxing)
 .comment       0x000000f1       0x50 c:/program files/microchip/xc32/v1.42/bin/bin/../../lib/gcc/pic32mx/4.8.3/../../../../pic32mx/lib\libe.a(_ldexpf.o)
                                 0xdb (size before relaxing)
 .comment       0x00000141       0x4e c:/program files/microchip/xc32/v1.42/bin/bin/../../lib/gcc/pic32mx/4.8.3/../../../../pic32mx/lib\libc.a(ctype.o)
                                 0x8b (size before relaxing)

.debug
 *(.debug)

.line
 *(.line)

.debug_srcinfo
 *(.debug_srcinfo)

.debug_sfnames
 *(.debug_sfnames)

.debug_aranges  0x00000000      0xe40
 *(.debug_aranges)
 .debug_aranges
                0x00000000       0x20 c:/program files/microchip/xc32/v1.42/bin/bin/../../lib/gcc/pic32mx/4.8.3/../../../../pic32mx/lib\software-debug-break.o
 .debug_aranges
                0x00000020       0x20 build/default/debug/_ext/977502197/drv_spi_tasks.o
 .debug_aranges
                0x00000040       0x28 build/default/debug/_ext/977502197/drv_spi_api.o
 .debug_aranges
                0x00000068       0x28 build/default/debug/_ext/977502197/drv_spi_master_rm_tasks.o
 .debug_aranges
                0x00000090       0x50 build/default/debug/_ext/639803181/sys_clk_static.o
 .debug_aranges
                0x000000e0      0x108 build/default/debug/_ext/822048611/sys_ports_static.o
 .debug_aranges
                0x000001e8       0xf0 build/default/debug/_ext/1688732426/insgps16state_v1.o
 .debug_aranges
                0x000002d8       0x20 build/default/debug/_ext/1688732426/system_init.o
 .debug_aranges
                0x000002f8       0x38 build/default/debug/_ext/1688732426/system_interrupt.o
 .debug_aranges
                0x00000330       0x20 build/default/debug/_ext/1688732426/system_exceptions.o
 .debug_aranges
                0x00000350       0x48 build/default/debug/_ext/1688732426/system_tasks.o
 .debug_aranges
                0x00000398       0x58 build/default/debug/_ext/1688732426/system_interrupt_a.o
 .debug_aranges
                0x000003f0       0x28 build/default/debug/_ext/1688732426/rtos_hooks.o
 .debug_aranges
                0x00000418       0x48 build/default/debug/_ext/1360937237/app.o
 .debug_aranges
                0x00000460       0x20 build/default/debug/_ext/1360937237/main.o
 .debug_aranges
                0x00000480       0x60 build/default/debug/_ext/1890346972/bsp_sys_init.o
 .debug_aranges
                0x000004e0       0x98 build/default/debug/_ext/568870469/drv_spi.o
 .debug_aranges
                0x00000578       0xd8 build/default/debug/_ext/465164171/drv_spi_sys_queue_fifo.o
 .debug_aranges
                0x00000650       0xd8 build/default/debug/_ext/260586732/drv_usart.o
 .debug_aranges
                0x00000728       0x28 build/default/debug/_ext/260586732/drv_usart_read_write.o
 .debug_aranges
                0x00000750       0x88 build/default/debug/_ext/24337685/osal_freertos.o
 .debug_aranges
                0x000007d8       0x78 build/default/debug/_ext/1271179505/sys_devcon.o
 .debug_aranges
                0x00000850       0x20 build/default/debug/_ext/1271179505/sys_devcon_pic32mx.o
 .debug_aranges
                0x00000870       0x48 build/default/debug/_ext/122796885/sys_int_pic32.o
 .debug_aranges
                0x000008b8       0x38 build/default/debug/_ext/1856876499/heap_1.o
 .debug_aranges
                0x000008f0       0x58 build/default/debug/_ext/12131622/port.o
 .debug_aranges
                0x00000948       0x20 build/default/debug/_ext/12131622/port_asm.o
 .debug_aranges
                0x00000968       0x18 build/default/debug/_ext/1128951024/croutine.o
 .debug_aranges
                0x00000980       0x40 build/default/debug/_ext/1128951024/list.o
 .debug_aranges
                0x000009c0       0xb0 build/default/debug/_ext/1128951024/queue.o
 .debug_aranges
                0x00000a70      0x1b0 build/default/debug/_ext/1128951024/tasks.o
 .debug_aranges
                0x00000c20       0x18 build/default/debug/_ext/1128951024/timers.o
 .debug_aranges
                0x00000c38       0x60 build/default/debug/_ext/1128951024/event_groups.o
 .debug_aranges
                0x00000c98       0x20 c:/program files/microchip/xc32/v1.42/bin/bin/../../lib/gcc/pic32mx/4.8.3/../../../../pic32mx/lib\libpic32.a(default-bootstrap-exception-handler.o)
 .debug_aranges
                0x00000cb8       0x20 c:/program files/microchip/xc32/v1.42/bin/bin/../../lib/gcc/pic32mx/4.8.3/../../../../pic32mx/lib\libpic32.a(default-on-reset.o)
 .debug_aranges
                0x00000cd8       0x20 c:/program files/microchip/xc32/v1.42/bin/bin/../../lib/gcc/pic32mx/4.8.3/../../../../pic32mx/lib\libpic32.a(default-on-bootstrap.o)
 .debug_aranges
                0x00000cf8       0x20 c:/program files/microchip/xc32/v1.42/bin/bin/../../lib/gcc/pic32mx/4.8.3/../../../../pic32mx/lib\libpic32.a(defaultinterrupt.o)
 .debug_aranges
                0x00000d18       0x20 c:/program files/microchip/xc32/v1.42/bin/bin/../../lib/gcc/pic32mx/4.8.3/../../../../pic32mx/lib\libm.a(w_sqrtf.o)
 .debug_aranges
                0x00000d38       0x20 c:/program files/microchip/xc32/v1.42/bin/bin/../../lib/gcc/pic32mx/4.8.3/../../../../pic32mx/lib\libc.a(strchr.o)
 .debug_aranges
                0x00000d58       0x20 c:/program files/microchip/xc32/v1.42/bin/bin/../../lib/gcc/pic32mx/4.8.3/../../../../pic32mx/lib\libc.a(strncpy.o)
 .debug_aranges
                0x00000d78       0x28 c:/program files/microchip/xc32/v1.42/bin/bin/../../lib/gcc/pic32mx/4.8.3/../../../../pic32mx/lib\libc.a(strtof.o)
 .debug_aranges
                0x00000da0       0x20 c:/program files/microchip/xc32/v1.42/bin/bin/../../lib/gcc/pic32mx/4.8.3/../../../../pic32mx/lib\libc.a(strtok.o)
 .debug_aranges
                0x00000dc0       0x20 c:/program files/microchip/xc32/v1.42/bin/bin/../../lib/gcc/pic32mx/4.8.3/../../../../pic32mx/lib\libc.a(strcspn.o)
 .debug_aranges
                0x00000de0       0x20 c:/program files/microchip/xc32/v1.42/bin/bin/../../lib/gcc/pic32mx/4.8.3/../../../../pic32mx/lib\libc.a(strspn.o)
 .debug_aranges
                0x00000e00       0x20 c:/program files/microchip/xc32/v1.42/bin/bin/../../lib/gcc/pic32mx/4.8.3/../../../../pic32mx/lib\libm.a(__strtof.o)
 .debug_aranges
                0x00000e20       0x20 c:/program files/microchip/xc32/v1.42/bin/bin/../../lib/gcc/pic32mx/4.8.3/../../../../pic32mx/lib\libe.a(_ldexpf.o)

.debug_pubnames
 *(.debug_pubnames)

.debug_info     0x00000000    0x385ee
 *(.debug_info .gnu.linkonce.wi.*)
 .debug_info    0x00000000       0xe5 c:/program files/microchip/xc32/v1.42/bin/bin/../../lib/gcc/pic32mx/4.8.3/../../../../pic32mx/lib\software-debug-break.o
 .debug_info    0x000000e5     0x27f3 build/default/debug/_ext/977502197/drv_spi_tasks.o
 .debug_info    0x000028d8     0x5020 build/default/debug/_ext/977502197/drv_spi_api.o
 .debug_info    0x000078f8     0x20d2 build/default/debug/_ext/977502197/drv_spi_master_rm_tasks.o
 .debug_info    0x000099ca     0x1aaa build/default/debug/_ext/639803181/sys_clk_static.o
 .debug_info    0x0000b474     0x3ebc build/default/debug/_ext/822048611/sys_ports_static.o
 .debug_info    0x0000f330     0x11e8 build/default/debug/_ext/1688732426/insgps16state_v1.o
 .debug_info    0x00010518     0x3dee build/default/debug/_ext/1688732426/system_init.o
 .debug_info    0x00014306     0x1dad build/default/debug/_ext/1688732426/system_interrupt.o
 .debug_info    0x000160b3      0xe1e build/default/debug/_ext/1688732426/system_exceptions.o
 .debug_info    0x00016ed1     0x19e2 build/default/debug/_ext/1688732426/system_tasks.o
 .debug_info    0x000188b3       0x93 build/default/debug/_ext/1688732426/system_interrupt_a.o
 .debug_info    0x00018946      0x24d build/default/debug/_ext/1688732426/rtos_hooks.o
 .debug_info    0x00018b93     0x1db5 build/default/debug/_ext/1360937237/app.o
 .debug_info    0x0001a948      0x1a3 build/default/debug/_ext/1360937237/main.o
 .debug_info    0x0001aaeb      0xfea build/default/debug/_ext/1890346972/bsp_sys_init.o
 .debug_info    0x0001bad5     0x4c17 build/default/debug/_ext/568870469/drv_spi.o
 .debug_info    0x000206ec     0x1b1a build/default/debug/_ext/465164171/drv_spi_sys_queue_fifo.o
 .debug_info    0x00022206     0x7782 build/default/debug/_ext/260586732/drv_usart.o
 .debug_info    0x00029988     0x2f1f build/default/debug/_ext/260586732/drv_usart_read_write.o
 .debug_info    0x0002c8a7      0xa9f build/default/debug/_ext/24337685/osal_freertos.o
 .debug_info    0x0002d346     0x148a build/default/debug/_ext/1271179505/sys_devcon.o
 .debug_info    0x0002e7d0      0xf3f build/default/debug/_ext/1271179505/sys_devcon_pic32mx.o
 .debug_info    0x0002f70f     0x17ae build/default/debug/_ext/122796885/sys_int_pic32.o
 .debug_info    0x00030ebd      0x36f build/default/debug/_ext/1856876499/heap_1.o
 .debug_info    0x0003122c     0x11a3 build/default/debug/_ext/12131622/port.o
 .debug_info    0x000323cf       0xb4 build/default/debug/_ext/12131622/port_asm.o
 .debug_info    0x00032483      0x166 build/default/debug/_ext/1128951024/croutine.o
 .debug_info    0x000325e9      0x45b build/default/debug/_ext/1128951024/list.o
 .debug_info    0x00032a44     0x1747 build/default/debug/_ext/1128951024/queue.o
 .debug_info    0x0003418b     0x2adb build/default/debug/_ext/1128951024/tasks.o
 .debug_info    0x00036c66      0x164 build/default/debug/_ext/1128951024/timers.o
 .debug_info    0x00036dca      0xd4a build/default/debug/_ext/1128951024/event_groups.o
 .debug_info    0x00037b14       0xf5 c:/program files/microchip/xc32/v1.42/bin/bin/../../lib/gcc/pic32mx/4.8.3/../../../../pic32mx/lib\libpic32.a(default-bootstrap-exception-handler.o)
 .debug_info    0x00037c09       0xcf c:/program files/microchip/xc32/v1.42/bin/bin/../../lib/gcc/pic32mx/4.8.3/../../../../pic32mx/lib\libpic32.a(default-on-reset.o)
 .debug_info    0x00037cd8       0xd7 c:/program files/microchip/xc32/v1.42/bin/bin/../../lib/gcc/pic32mx/4.8.3/../../../../pic32mx/lib\libpic32.a(default-on-bootstrap.o)
 .debug_info    0x00037daf       0xe9 c:/program files/microchip/xc32/v1.42/bin/bin/../../lib/gcc/pic32mx/4.8.3/../../../../pic32mx/lib\libpic32.a(defaultinterrupt.o)
 .debug_info    0x00037e98       0xbf c:/program files/microchip/xc32/v1.42/bin/bin/../../lib/gcc/pic32mx/4.8.3/../../../../pic32mx/lib\libm.a(w_sqrtf.o)
 .debug_info    0x00037f57       0xc8 c:/program files/microchip/xc32/v1.42/bin/bin/../../lib/gcc/pic32mx/4.8.3/../../../../pic32mx/lib\libc.a(strchr.o)
 .debug_info    0x0003801f       0xca c:/program files/microchip/xc32/v1.42/bin/bin/../../lib/gcc/pic32mx/4.8.3/../../../../pic32mx/lib\libc.a(strncpy.o)
 .debug_info    0x000380e9       0xf7 c:/program files/microchip/xc32/v1.42/bin/bin/../../lib/gcc/pic32mx/4.8.3/../../../../pic32mx/lib\libc.a(strtof.o)
 .debug_info    0x000381e0       0xc8 c:/program files/microchip/xc32/v1.42/bin/bin/../../lib/gcc/pic32mx/4.8.3/../../../../pic32mx/lib\libc.a(strtok.o)
 .debug_info    0x000382a8       0xca c:/program files/microchip/xc32/v1.42/bin/bin/../../lib/gcc/pic32mx/4.8.3/../../../../pic32mx/lib\libc.a(strcspn.o)
 .debug_info    0x00038372       0xc8 c:/program files/microchip/xc32/v1.42/bin/bin/../../lib/gcc/pic32mx/4.8.3/../../../../pic32mx/lib\libc.a(strspn.o)
 .debug_info    0x0003843a       0xd9 c:/program files/microchip/xc32/v1.42/bin/bin/../../lib/gcc/pic32mx/4.8.3/../../../../pic32mx/lib\libm.a(__strtof.o)
 .debug_info    0x00038513       0xdb c:/program files/microchip/xc32/v1.42/bin/bin/../../lib/gcc/pic32mx/4.8.3/../../../../pic32mx/lib\libe.a(_ldexpf.o)

.debug_abbrev   0x00000000     0x424b
 *(.debug_abbrev)
 .debug_abbrev  0x00000000       0x28 c:/program files/microchip/xc32/v1.42/bin/bin/../../lib/gcc/pic32mx/4.8.3/../../../../pic32mx/lib\software-debug-break.o
 .debug_abbrev  0x00000028      0x2b2 build/default/debug/_ext/977502197/drv_spi_tasks.o
 .debug_abbrev  0x000002da      0x2ed build/default/debug/_ext/977502197/drv_spi_api.o
 .debug_abbrev  0x000005c7      0x1f3 build/default/debug/_ext/977502197/drv_spi_master_rm_tasks.o
 .debug_abbrev  0x000007ba      0x2b0 build/default/debug/_ext/639803181/sys_clk_static.o
 .debug_abbrev  0x00000a6a      0x222 build/default/debug/_ext/822048611/sys_ports_static.o
 .debug_abbrev  0x00000c8c      0x227 build/default/debug/_ext/1688732426/insgps16state_v1.o
 .debug_abbrev  0x00000eb3      0x2fd build/default/debug/_ext/1688732426/system_init.o
 .debug_abbrev  0x000011b0      0x1e4 build/default/debug/_ext/1688732426/system_interrupt.o
 .debug_abbrev  0x00001394       0xd9 build/default/debug/_ext/1688732426/system_exceptions.o
 .debug_abbrev  0x0000146d      0x23b build/default/debug/_ext/1688732426/system_tasks.o
 .debug_abbrev  0x000016a8       0x12 build/default/debug/_ext/1688732426/system_interrupt_a.o
 .debug_abbrev  0x000016ba       0x97 build/default/debug/_ext/1688732426/rtos_hooks.o
 .debug_abbrev  0x00001751      0x282 build/default/debug/_ext/1360937237/app.o
 .debug_abbrev  0x000019d3       0x93 build/default/debug/_ext/1360937237/main.o
 .debug_abbrev  0x00001a66      0x187 build/default/debug/_ext/1890346972/bsp_sys_init.o
 .debug_abbrev  0x00001bed      0x466 build/default/debug/_ext/568870469/drv_spi.o
 .debug_abbrev  0x00002053      0x270 build/default/debug/_ext/465164171/drv_spi_sys_queue_fifo.o
 .debug_abbrev  0x000022c3      0x471 build/default/debug/_ext/260586732/drv_usart.o
 .debug_abbrev  0x00002734      0x333 build/default/debug/_ext/260586732/drv_usart_read_write.o
 .debug_abbrev  0x00002a67      0x1fe build/default/debug/_ext/24337685/osal_freertos.o
 .debug_abbrev  0x00002c65      0x2a1 build/default/debug/_ext/1271179505/sys_devcon.o
 .debug_abbrev  0x00002f06      0x16d build/default/debug/_ext/1271179505/sys_devcon_pic32mx.o
 .debug_abbrev  0x00003073      0x1ea build/default/debug/_ext/122796885/sys_int_pic32.o
 .debug_abbrev  0x0000325d      0x13f build/default/debug/_ext/1856876499/heap_1.o
 .debug_abbrev  0x0000339c      0x2cf build/default/debug/_ext/12131622/port.o
 .debug_abbrev  0x0000366b       0x14 build/default/debug/_ext/12131622/port_asm.o
 .debug_abbrev  0x0000367f       0x1b build/default/debug/_ext/1128951024/croutine.o
 .debug_abbrev  0x0000369a       0xf1 build/default/debug/_ext/1128951024/list.o
 .debug_abbrev  0x0000378b      0x2e0 build/default/debug/_ext/1128951024/queue.o
 .debug_abbrev  0x00003a6b      0x2e2 build/default/debug/_ext/1128951024/tasks.o
 .debug_abbrev  0x00003d4d       0x1b build/default/debug/_ext/1128951024/timers.o
 .debug_abbrev  0x00003d68      0x29a build/default/debug/_ext/1128951024/event_groups.o
 .debug_abbrev  0x00004002       0x28 c:/program files/microchip/xc32/v1.42/bin/bin/../../lib/gcc/pic32mx/4.8.3/../../../../pic32mx/lib\libpic32.a(default-bootstrap-exception-handler.o)
 .debug_abbrev  0x0000402a       0x28 c:/program files/microchip/xc32/v1.42/bin/bin/../../lib/gcc/pic32mx/4.8.3/../../../../pic32mx/lib\libpic32.a(default-on-reset.o)
 .debug_abbrev  0x00004052       0x28 c:/program files/microchip/xc32/v1.42/bin/bin/../../lib/gcc/pic32mx/4.8.3/../../../../pic32mx/lib\libpic32.a(default-on-bootstrap.o)
 .debug_abbrev  0x0000407a       0x28 c:/program files/microchip/xc32/v1.42/bin/bin/../../lib/gcc/pic32mx/4.8.3/../../../../pic32mx/lib\libpic32.a(defaultinterrupt.o)
 .debug_abbrev  0x000040a2       0x28 c:/program files/microchip/xc32/v1.42/bin/bin/../../lib/gcc/pic32mx/4.8.3/../../../../pic32mx/lib\libm.a(w_sqrtf.o)
 .debug_abbrev  0x000040ca       0x28 c:/program files/microchip/xc32/v1.42/bin/bin/../../lib/gcc/pic32mx/4.8.3/../../../../pic32mx/lib\libc.a(strchr.o)
 .debug_abbrev  0x000040f2       0x28 c:/program files/microchip/xc32/v1.42/bin/bin/../../lib/gcc/pic32mx/4.8.3/../../../../pic32mx/lib\libc.a(strncpy.o)
 .debug_abbrev  0x0000411a       0x4f c:/program files/microchip/xc32/v1.42/bin/bin/../../lib/gcc/pic32mx/4.8.3/../../../../pic32mx/lib\libc.a(strtof.o)
 .debug_abbrev  0x00004169       0x28 c:/program files/microchip/xc32/v1.42/bin/bin/../../lib/gcc/pic32mx/4.8.3/../../../../pic32mx/lib\libc.a(strtok.o)
 .debug_abbrev  0x00004191       0x28 c:/program files/microchip/xc32/v1.42/bin/bin/../../lib/gcc/pic32mx/4.8.3/../../../../pic32mx/lib\libc.a(strcspn.o)
 .debug_abbrev  0x000041b9       0x28 c:/program files/microchip/xc32/v1.42/bin/bin/../../lib/gcc/pic32mx/4.8.3/../../../../pic32mx/lib\libc.a(strspn.o)
 .debug_abbrev  0x000041e1       0x35 c:/program files/microchip/xc32/v1.42/bin/bin/../../lib/gcc/pic32mx/4.8.3/../../../../pic32mx/lib\libm.a(__strtof.o)
 .debug_abbrev  0x00004216       0x35 c:/program files/microchip/xc32/v1.42/bin/bin/../../lib/gcc/pic32mx/4.8.3/../../../../pic32mx/lib\libe.a(_ldexpf.o)

.debug_line     0x00000000     0xacb3
 *(.debug_line)
 .debug_line    0x00000000       0x9c c:/program files/microchip/xc32/v1.42/bin/bin/../../lib/gcc/pic32mx/4.8.3/../../../../pic32mx/lib\software-debug-break.o
 .debug_line    0x0000009c      0x682 build/default/debug/_ext/977502197/drv_spi_tasks.o
 .debug_line    0x0000071e      0xf17 build/default/debug/_ext/977502197/drv_spi_api.o
 .debug_line    0x00001635      0x5bd build/default/debug/_ext/977502197/drv_spi_master_rm_tasks.o
 .debug_line    0x00001bf2      0x597 build/default/debug/_ext/639803181/sys_clk_static.o
 .debug_line    0x00002189      0x7b9 build/default/debug/_ext/822048611/sys_ports_static.o
 .debug_line    0x00002942      0x543 build/default/debug/_ext/1688732426/insgps16state_v1.o
 .debug_line    0x00002e85      0x769 build/default/debug/_ext/1688732426/system_init.o
 .debug_line    0x000035ee      0x5b8 build/default/debug/_ext/1688732426/system_interrupt.o
 .debug_line    0x00003ba6      0x2bc build/default/debug/_ext/1688732426/system_exceptions.o
 .debug_line    0x00003e62      0x57f build/default/debug/_ext/1688732426/system_tasks.o
 .debug_line    0x000043e1       0xf9 build/default/debug/_ext/1688732426/system_interrupt_a.o
 .debug_line    0x000044da      0x13b build/default/debug/_ext/1688732426/rtos_hooks.o
 .debug_line    0x00004615      0x581 build/default/debug/_ext/1360937237/app.o
 .debug_line    0x00004b96       0xb6 build/default/debug/_ext/1360937237/main.o
 .debug_line    0x00004c4c      0x31b build/default/debug/_ext/1890346972/bsp_sys_init.o
 .debug_line    0x00004f67      0xb48 build/default/debug/_ext/568870469/drv_spi.o
 .debug_line    0x00005aaf      0x4e0 build/default/debug/_ext/465164171/drv_spi_sys_queue_fifo.o
 .debug_line    0x00005f8f     0x155a build/default/debug/_ext/260586732/drv_usart.o
 .debug_line    0x000074e9      0x813 build/default/debug/_ext/260586732/drv_usart_read_write.o
 .debug_line    0x00007cfc      0x2be build/default/debug/_ext/24337685/osal_freertos.o
 .debug_line    0x00007fba      0x637 build/default/debug/_ext/1271179505/sys_devcon.o
 .debug_line    0x000085f1      0x483 build/default/debug/_ext/1271179505/sys_devcon_pic32mx.o
 .debug_line    0x00008a74      0x392 build/default/debug/_ext/122796885/sys_int_pic32.o
 .debug_line    0x00008e06      0x213 build/default/debug/_ext/1856876499/heap_1.o
 .debug_line    0x00009019      0x234 build/default/debug/_ext/12131622/port.o
 .debug_line    0x0000924d      0x102 build/default/debug/_ext/12131622/port_asm.o
 .debug_line    0x0000934f       0x1d build/default/debug/_ext/1128951024/croutine.o
 .debug_line    0x0000936c      0x1df build/default/debug/_ext/1128951024/list.o
 .debug_line    0x0000954b      0x483 build/default/debug/_ext/1128951024/queue.o
 .debug_line    0x000099ce      0x861 build/default/debug/_ext/1128951024/tasks.o
 .debug_line    0x0000a22f       0x1d build/default/debug/_ext/1128951024/timers.o
 .debug_line    0x0000a24c      0x31e build/default/debug/_ext/1128951024/event_groups.o
 .debug_line    0x0000a56a       0xa9 c:/program files/microchip/xc32/v1.42/bin/bin/../../lib/gcc/pic32mx/4.8.3/../../../../pic32mx/lib\libpic32.a(default-bootstrap-exception-handler.o)
 .debug_line    0x0000a613       0x96 c:/program files/microchip/xc32/v1.42/bin/bin/../../lib/gcc/pic32mx/4.8.3/../../../../pic32mx/lib\libpic32.a(default-on-reset.o)
 .debug_line    0x0000a6a9       0x9a c:/program files/microchip/xc32/v1.42/bin/bin/../../lib/gcc/pic32mx/4.8.3/../../../../pic32mx/lib\libpic32.a(default-on-bootstrap.o)
 .debug_line    0x0000a743       0xa8 c:/program files/microchip/xc32/v1.42/bin/bin/../../lib/gcc/pic32mx/4.8.3/../../../../pic32mx/lib\libpic32.a(defaultinterrupt.o)
 .debug_line    0x0000a7eb       0x8a c:/program files/microchip/xc32/v1.42/bin/bin/../../lib/gcc/pic32mx/4.8.3/../../../../pic32mx/lib\libm.a(w_sqrtf.o)
 .debug_line    0x0000a875        0x0 c:/program files/microchip/xc32/v1.42/bin/bin/../../lib/gcc/pic32mx/4.8.3/../../../../pic32mx/lib\libm.a(s_lib_ver.o)
 .debug_line    0x0000a875        0x0 c:/program files/microchip/xc32/v1.42/bin/bin/../../lib/gcc/pic32mx/4.8.3/../../../../pic32mx/lib\libc.a(errno.o)
 .debug_line    0x0000a875       0x82 c:/program files/microchip/xc32/v1.42/bin/bin/../../lib/gcc/pic32mx/4.8.3/../../../../pic32mx/lib\libc.a(strchr.o)
 .debug_line    0x0000a8f7       0x83 c:/program files/microchip/xc32/v1.42/bin/bin/../../lib/gcc/pic32mx/4.8.3/../../../../pic32mx/lib\libc.a(strncpy.o)
 .debug_line    0x0000a97a       0x82 c:/program files/microchip/xc32/v1.42/bin/bin/../../lib/gcc/pic32mx/4.8.3/../../../../pic32mx/lib\libc.a(strtof.o)
 .debug_line    0x0000a9fc       0x82 c:/program files/microchip/xc32/v1.42/bin/bin/../../lib/gcc/pic32mx/4.8.3/../../../../pic32mx/lib\libc.a(strtok.o)
 .debug_line    0x0000aa7e       0x83 c:/program files/microchip/xc32/v1.42/bin/bin/../../lib/gcc/pic32mx/4.8.3/../../../../pic32mx/lib\libc.a(strcspn.o)
 .debug_line    0x0000ab01       0x82 c:/program files/microchip/xc32/v1.42/bin/bin/../../lib/gcc/pic32mx/4.8.3/../../../../pic32mx/lib\libc.a(strspn.o)
 .debug_line    0x0000ab83       0x8b c:/program files/microchip/xc32/v1.42/bin/bin/../../lib/gcc/pic32mx/4.8.3/../../../../pic32mx/lib\libm.a(__strtof.o)
 .debug_line    0x0000ac0e       0xa5 c:/program files/microchip/xc32/v1.42/bin/bin/../../lib/gcc/pic32mx/4.8.3/../../../../pic32mx/lib\libe.a(_ldexpf.o)
 .debug_line    0x0000acb3        0x0 c:/program files/microchip/xc32/v1.42/bin/bin/../../lib/gcc/pic32mx/4.8.3/../../../../pic32mx/lib\libc.a(ctype.o)

.debug_frame    0x00000000     0x1e98
 *(.debug_frame)
 .debug_frame   0x00000000       0x20 c:/program files/microchip/xc32/v1.42/bin/bin/../../lib/gcc/pic32mx/4.8.3/../../../../pic32mx/lib\software-debug-break.o
 .debug_frame   0x00000020       0x38 build/default/debug/_ext/977502197/drv_spi_tasks.o
 .debug_frame   0x00000058       0x3c build/default/debug/_ext/977502197/drv_spi_api.o
 .debug_frame   0x00000094       0x30 build/default/debug/_ext/977502197/drv_spi_master_rm_tasks.o
 .debug_frame   0x000000c4       0xa0 build/default/debug/_ext/639803181/sys_clk_static.o
 .debug_frame   0x00000164      0x1f0 build/default/debug/_ext/822048611/sys_ports_static.o
 .debug_frame   0x00000354      0x2d8 build/default/debug/_ext/1688732426/insgps16state_v1.o
 .debug_frame   0x0000062c       0x30 build/default/debug/_ext/1688732426/system_init.o
 .debug_frame   0x0000065c       0x70 build/default/debug/_ext/1688732426/system_interrupt.o
 .debug_frame   0x000006cc       0x28 build/default/debug/_ext/1688732426/system_exceptions.o
 .debug_frame   0x000006f4       0xb4 build/default/debug/_ext/1688732426/system_tasks.o
 .debug_frame   0x000007a8       0x40 build/default/debug/_ext/1688732426/rtos_hooks.o
 .debug_frame   0x000007e8       0x94 build/default/debug/_ext/1360937237/app.o
 .debug_frame   0x0000087c       0x28 build/default/debug/_ext/1360937237/main.o
 .debug_frame   0x000008a4       0xa0 build/default/debug/_ext/1890346972/bsp_sys_init.o
 .debug_frame   0x00000944      0x1b4 build/default/debug/_ext/568870469/drv_spi.o
 .debug_frame   0x00000af8      0x230 build/default/debug/_ext/465164171/drv_spi_sys_queue_fifo.o
 .debug_frame   0x00000d28      0x26c build/default/debug/_ext/260586732/drv_usart.o
 .debug_frame   0x00000f94       0x58 build/default/debug/_ext/260586732/drv_usart_read_write.o
 .debug_frame   0x00000fec      0x150 build/default/debug/_ext/24337685/osal_freertos.o
 .debug_frame   0x0000113c       0xe8 build/default/debug/_ext/1271179505/sys_devcon.o
 .debug_frame   0x00001224       0x28 build/default/debug/_ext/1271179505/sys_devcon_pic32mx.o
 .debug_frame   0x0000124c       0x90 build/default/debug/_ext/122796885/sys_int_pic32.o
 .debug_frame   0x000012dc       0x5c build/default/debug/_ext/1856876499/heap_1.o
 .debug_frame   0x00001338       0xc0 build/default/debug/_ext/12131622/port.o
 .debug_frame   0x000013f8       0x60 build/default/debug/_ext/1128951024/list.o
 .debug_frame   0x00001458      0x214 build/default/debug/_ext/1128951024/queue.o
 .debug_frame   0x0000166c      0x514 build/default/debug/_ext/1128951024/tasks.o
 .debug_frame   0x00001b80      0x108 build/default/debug/_ext/1128951024/event_groups.o
 .debug_frame   0x00001c88       0x2c c:/program files/microchip/xc32/v1.42/bin/bin/../../lib/gcc/pic32mx/4.8.3/../../../../pic32mx/lib\libpic32.a(default-bootstrap-exception-handler.o)
 .debug_frame   0x00001cb4       0x20 c:/program files/microchip/xc32/v1.42/bin/bin/../../lib/gcc/pic32mx/4.8.3/../../../../pic32mx/lib\libpic32.a(default-on-reset.o)
 .debug_frame   0x00001cd4       0x20 c:/program files/microchip/xc32/v1.42/bin/bin/../../lib/gcc/pic32mx/4.8.3/../../../../pic32mx/lib\libpic32.a(default-on-bootstrap.o)
 .debug_frame   0x00001cf4       0x20 c:/program files/microchip/xc32/v1.42/bin/bin/../../lib/gcc/pic32mx/4.8.3/../../../../pic32mx/lib\libpic32.a(defaultinterrupt.o)
 .debug_frame   0x00001d14       0x28 c:/program files/microchip/xc32/v1.42/bin/bin/../../lib/gcc/pic32mx/4.8.3/../../../../pic32mx/lib\libm.a(w_sqrtf.o)
 .debug_frame   0x00001d3c       0x20 c:/program files/microchip/xc32/v1.42/bin/bin/../../lib/gcc/pic32mx/4.8.3/../../../../pic32mx/lib\libc.a(strchr.o)
 .debug_frame   0x00001d5c       0x20 c:/program files/microchip/xc32/v1.42/bin/bin/../../lib/gcc/pic32mx/4.8.3/../../../../pic32mx/lib\libc.a(strncpy.o)
 .debug_frame   0x00001d7c       0x40 c:/program files/microchip/xc32/v1.42/bin/bin/../../lib/gcc/pic32mx/4.8.3/../../../../pic32mx/lib\libc.a(strtof.o)
 .debug_frame   0x00001dbc       0x2c c:/program files/microchip/xc32/v1.42/bin/bin/../../lib/gcc/pic32mx/4.8.3/../../../../pic32mx/lib\libc.a(strtok.o)
 .debug_frame   0x00001de8       0x2c c:/program files/microchip/xc32/v1.42/bin/bin/../../lib/gcc/pic32mx/4.8.3/../../../../pic32mx/lib\libc.a(strcspn.o)
 .debug_frame   0x00001e14       0x2c c:/program files/microchip/xc32/v1.42/bin/bin/../../lib/gcc/pic32mx/4.8.3/../../../../pic32mx/lib\libc.a(strspn.o)
 .debug_frame   0x00001e40       0x38 c:/program files/microchip/xc32/v1.42/bin/bin/../../lib/gcc/pic32mx/4.8.3/../../../../pic32mx/lib\libm.a(__strtof.o)
 .debug_frame   0x00001e78       0x20 c:/program files/microchip/xc32/v1.42/bin/bin/../../lib/gcc/pic32mx/4.8.3/../../../../pic32mx/lib\libe.a(_ldexpf.o)

.debug_str      0x00000000      0xb2f
 *(.debug_str)
 .debug_str     0x00000000        0x0 c:/program files/microchip/xc32/v1.42/bin/bin/../../lib/gcc/pic32mx/4.8.3/../../../../pic32mx/lib\software-debug-break.o
 .debug_str     0x00000000       0x59 build/default/debug/_ext/977502197/drv_spi_tasks.o
 .debug_str     0x00000059       0xc5 build/default/debug/_ext/977502197/drv_spi_api.o
 .debug_str     0x0000011e       0x1e build/default/debug/_ext/977502197/drv_spi_master_rm_tasks.o
 .debug_str     0x0000013c       0x39 build/default/debug/_ext/639803181/sys_clk_static.o
 .debug_str     0x00000175       0x55 build/default/debug/_ext/822048611/sys_ports_static.o
 .debug_str     0x000001ca       0x32 build/default/debug/_ext/1688732426/insgps16state_v1.o
 .debug_str     0x000001fc       0x36 build/default/debug/_ext/1688732426/system_init.o
 .debug_str     0x00000232       0x1f build/default/debug/_ext/1688732426/system_interrupt.o
 .debug_str     0x00000251        0x0 build/default/debug/_ext/1688732426/system_exceptions.o
 .debug_str     0x00000251        0xd build/default/debug/_ext/1688732426/system_tasks.o
 .debug_str     0x0000025e        0x9 build/default/debug/_ext/1688732426/rtos_hooks.o
 .debug_str     0x00000267        0x0 build/default/debug/_ext/1360937237/app.o
 .debug_str     0x00000267        0x0 build/default/debug/_ext/1360937237/main.o
 .debug_str     0x00000267       0x15 build/default/debug/_ext/1890346972/bsp_sys_init.o
 .debug_str     0x0000027c      0x140 build/default/debug/_ext/568870469/drv_spi.o
 .debug_str     0x000003bc      0x11f build/default/debug/_ext/465164171/drv_spi_sys_queue_fifo.o
 .debug_str     0x000004db      0x195 build/default/debug/_ext/260586732/drv_usart.o
 .debug_str     0x00000670       0x46 build/default/debug/_ext/260586732/drv_usart_read_write.o
 .debug_str     0x000006b6       0x40 build/default/debug/_ext/24337685/osal_freertos.o
 .debug_str     0x000006f6       0x16 build/default/debug/_ext/1271179505/sys_devcon.o
 .debug_str     0x0000070c        0x6 build/default/debug/_ext/1271179505/sys_devcon_pic32mx.o
 .debug_str     0x00000712       0x2d build/default/debug/_ext/122796885/sys_int_pic32.o
 .debug_str     0x0000073f       0x1d build/default/debug/_ext/1856876499/heap_1.o
 .debug_str     0x0000075c       0x37 build/default/debug/_ext/12131622/port.o
 .debug_str     0x00000793        0x0 build/default/debug/_ext/1128951024/croutine.o
 .debug_str     0x00000793       0x2b build/default/debug/_ext/1128951024/list.o
 .debug_str     0x000007be       0xf1 build/default/debug/_ext/1128951024/queue.o
 .debug_str     0x000008af      0x191 build/default/debug/_ext/1128951024/tasks.o
 .debug_str     0x00000a40        0x0 build/default/debug/_ext/1128951024/timers.o
 .debug_str     0x00000a40       0xe6 build/default/debug/_ext/1128951024/event_groups.o
 .debug_str     0x00000b26        0x0 c:/program files/microchip/xc32/v1.42/bin/bin/../../lib/gcc/pic32mx/4.8.3/../../../../pic32mx/lib\libpic32.a(default-bootstrap-exception-handler.o)
 .debug_str     0x00000b26        0x0 c:/program files/microchip/xc32/v1.42/bin/bin/../../lib/gcc/pic32mx/4.8.3/../../../../pic32mx/lib\libpic32.a(default-on-reset.o)
 .debug_str     0x00000b26        0x0 c:/program files/microchip/xc32/v1.42/bin/bin/../../lib/gcc/pic32mx/4.8.3/../../../../pic32mx/lib\libpic32.a(default-on-bootstrap.o)
 .debug_str     0x00000b26        0x0 c:/program files/microchip/xc32/v1.42/bin/bin/../../lib/gcc/pic32mx/4.8.3/../../../../pic32mx/lib\libpic32.a(defaultinterrupt.o)
 .debug_str     0x00000b26        0x0 c:/program files/microchip/xc32/v1.42/bin/bin/../../lib/gcc/pic32mx/4.8.3/../../../../pic32mx/lib\libm.a(w_sqrtf.o)
 .debug_str     0x00000b26        0x0 c:/program files/microchip/xc32/v1.42/bin/bin/../../lib/gcc/pic32mx/4.8.3/../../../../pic32mx/lib\libm.a(s_lib_ver.o)
 .debug_str     0x00000b26        0x0 c:/program files/microchip/xc32/v1.42/bin/bin/../../lib/gcc/pic32mx/4.8.3/../../../../pic32mx/lib\libc.a(errno.o)
 .debug_str     0x00000b26        0x0 c:/program files/microchip/xc32/v1.42/bin/bin/../../lib/gcc/pic32mx/4.8.3/../../../../pic32mx/lib\libc.a(strchr.o)
 .debug_str     0x00000b26        0x0 c:/program files/microchip/xc32/v1.42/bin/bin/../../lib/gcc/pic32mx/4.8.3/../../../../pic32mx/lib\libc.a(strncpy.o)
 .debug_str     0x00000b26        0x9 c:/program files/microchip/xc32/v1.42/bin/bin/../../lib/gcc/pic32mx/4.8.3/../../../../pic32mx/lib\libc.a(strtof.o)
 .debug_str     0x00000b2f        0x0 c:/program files/microchip/xc32/v1.42/bin/bin/../../lib/gcc/pic32mx/4.8.3/../../../../pic32mx/lib\libc.a(strtok.o)
 .debug_str     0x00000b2f        0x0 c:/program files/microchip/xc32/v1.42/bin/bin/../../lib/gcc/pic32mx/4.8.3/../../../../pic32mx/lib\libc.a(strcspn.o)
 .debug_str     0x00000b2f        0x0 c:/program files/microchip/xc32/v1.42/bin/bin/../../lib/gcc/pic32mx/4.8.3/../../../../pic32mx/lib\libc.a(strspn.o)
 .debug_str     0x00000b2f        0x0 c:/program files/microchip/xc32/v1.42/bin/bin/../../lib/gcc/pic32mx/4.8.3/../../../../pic32mx/lib\libm.a(__strtof.o)
 .debug_str     0x00000b2f        0x0 c:/program files/microchip/xc32/v1.42/bin/bin/../../lib/gcc/pic32mx/4.8.3/../../../../pic32mx/lib\libe.a(_ldexpf.o)
 .debug_str     0x00000b2f        0x0 c:/program files/microchip/xc32/v1.42/bin/bin/../../lib/gcc/pic32mx/4.8.3/../../../../pic32mx/lib\libc.a(ctype.o)

.debug_loc      0x00000000    0x12bcf
 *(.debug_loc)
 .debug_loc     0x00000000      0x913 build/default/debug/_ext/977502197/drv_spi_tasks.o
 .debug_loc     0x00000913     0x27e7 build/default/debug/_ext/977502197/drv_spi_api.o
 .debug_loc     0x000030fa      0x655 build/default/debug/_ext/977502197/drv_spi_master_rm_tasks.o
 .debug_loc     0x0000374f       0xc1 build/default/debug/_ext/639803181/sys_clk_static.o
 .debug_loc     0x00003810      0xecf build/default/debug/_ext/822048611/sys_ports_static.o
 .debug_loc     0x000046df     0x1082 build/default/debug/_ext/1688732426/insgps16state_v1.o
 .debug_loc     0x00005761       0x41 build/default/debug/_ext/1688732426/system_init.o
 .debug_loc     0x000057a2       0xc8 build/default/debug/_ext/1688732426/system_interrupt.o
 .debug_loc     0x0000586a       0x20 build/default/debug/_ext/1688732426/system_exceptions.o
 .debug_loc     0x0000588a      0x22d build/default/debug/_ext/1688732426/system_tasks.o
 .debug_loc     0x00005ab7       0x74 build/default/debug/_ext/1688732426/rtos_hooks.o
 .debug_loc     0x00005b2b      0x165 build/default/debug/_ext/1360937237/app.o
 .debug_loc     0x00005c90       0x20 build/default/debug/_ext/1360937237/main.o
 .debug_loc     0x00005cb0      0x11b build/default/debug/_ext/1890346972/bsp_sys_init.o
 .debug_loc     0x00005dcb     0x1d12 build/default/debug/_ext/568870469/drv_spi.o
 .debug_loc     0x00007add      0xc59 build/default/debug/_ext/465164171/drv_spi_sys_queue_fifo.o
 .debug_loc     0x00008736     0x57b2 build/default/debug/_ext/260586732/drv_usart.o
 .debug_loc     0x0000dee8      0xe49 build/default/debug/_ext/260586732/drv_usart_read_write.o
 .debug_loc     0x0000ed31      0x58c build/default/debug/_ext/24337685/osal_freertos.o
 .debug_loc     0x0000f2bd      0x150 build/default/debug/_ext/1271179505/sys_devcon.o
 .debug_loc     0x0000f40d      0x10c build/default/debug/_ext/1271179505/sys_devcon_pic32mx.o
 .debug_loc     0x0000f519      0x10d build/default/debug/_ext/122796885/sys_int_pic32.o
 .debug_loc     0x0000f626       0x69 build/default/debug/_ext/1856876499/heap_1.o
 .debug_loc     0x0000f68f      0x1aa build/default/debug/_ext/12131622/port.o
 .debug_loc     0x0000f839       0x31 build/default/debug/_ext/1128951024/list.o
 .debug_loc     0x0000f86a      0xe9c build/default/debug/_ext/1128951024/queue.o
 .debug_loc     0x00010706     0x1abf build/default/debug/_ext/1128951024/tasks.o
 .debug_loc     0x000121c5      0xa0a build/default/debug/_ext/1128951024/event_groups.o

.debug_macinfo
 *(.debug_macinfo)

.debug_weaknames
 *(.debug_weaknames)

.debug_funcnames
 *(.debug_funcnames)

.debug_typenames
 *(.debug_typenames)

.debug_varnames
 *(.debug_varnames)

.debug_pubtypes
 *(.debug_pubtypes)

.debug_ranges   0x00000000     0x2a88
 *(.debug_ranges)
 .debug_ranges  0x00000000       0x10 c:/program files/microchip/xc32/v1.42/bin/bin/../../lib/gcc/pic32mx/4.8.3/../../../../pic32mx/lib\software-debug-break.o
 .debug_ranges  0x00000010      0x138 build/default/debug/_ext/977502197/drv_spi_tasks.o
 .debug_ranges  0x00000148      0x8e8 build/default/debug/_ext/977502197/drv_spi_api.o
 .debug_ranges  0x00000a30      0x138 build/default/debug/_ext/977502197/drv_spi_master_rm_tasks.o
 .debug_ranges  0x00000b68       0x40 build/default/debug/_ext/639803181/sys_clk_static.o
 .debug_ranges  0x00000ba8       0xf8 build/default/debug/_ext/822048611/sys_ports_static.o
 .debug_ranges  0x00000ca0       0xe0 build/default/debug/_ext/1688732426/insgps16state_v1.o
 .debug_ranges  0x00000d80       0x10 build/default/debug/_ext/1688732426/system_init.o
 .debug_ranges  0x00000d90       0x28 build/default/debug/_ext/1688732426/system_interrupt.o
 .debug_ranges  0x00000db8       0x10 build/default/debug/_ext/1688732426/system_exceptions.o
 .debug_ranges  0x00000dc8       0x38 build/default/debug/_ext/1688732426/system_tasks.o
 .debug_ranges  0x00000e00       0x50 build/default/debug/_ext/1688732426/system_interrupt_a.o
 .debug_ranges  0x00000e50       0x18 build/default/debug/_ext/1688732426/rtos_hooks.o
 .debug_ranges  0x00000e68       0x38 build/default/debug/_ext/1360937237/app.o
 .debug_ranges  0x00000ea0       0x10 build/default/debug/_ext/1360937237/main.o
 .debug_ranges  0x00000eb0       0x50 build/default/debug/_ext/1890346972/bsp_sys_init.o
 .debug_ranges  0x00000f00      0x268 build/default/debug/_ext/568870469/drv_spi.o
 .debug_ranges  0x00001168       0xc8 build/default/debug/_ext/465164171/drv_spi_sys_queue_fifo.o
 .debug_ranges  0x00001230      0xee0 build/default/debug/_ext/260586732/drv_usart.o
 .debug_ranges  0x00002110      0x3d0 build/default/debug/_ext/260586732/drv_usart_read_write.o
 .debug_ranges  0x000024e0       0x78 build/default/debug/_ext/24337685/osal_freertos.o
 .debug_ranges  0x00002558       0x68 build/default/debug/_ext/1271179505/sys_devcon.o
 .debug_ranges  0x000025c0       0x10 build/default/debug/_ext/1271179505/sys_devcon_pic32mx.o
 .debug_ranges  0x000025d0       0x50 build/default/debug/_ext/122796885/sys_int_pic32.o
 .debug_ranges  0x00002620       0x28 build/default/debug/_ext/1856876499/heap_1.o
 .debug_ranges  0x00002648       0x48 build/default/debug/_ext/12131622/port.o
 .debug_ranges  0x00002690       0x30 build/default/debug/_ext/1128951024/list.o
 .debug_ranges  0x000026c0       0xa0 build/default/debug/_ext/1128951024/queue.o
 .debug_ranges  0x00002760      0x1b8 build/default/debug/_ext/1128951024/tasks.o
 .debug_ranges  0x00002918       0x98 build/default/debug/_ext/1128951024/event_groups.o
 .debug_ranges  0x000029b0       0x10 c:/program files/microchip/xc32/v1.42/bin/bin/../../lib/gcc/pic32mx/4.8.3/../../../../pic32mx/lib\libpic32.a(default-bootstrap-exception-handler.o)
 .debug_ranges  0x000029c0       0x10 c:/program files/microchip/xc32/v1.42/bin/bin/../../lib/gcc/pic32mx/4.8.3/../../../../pic32mx/lib\libpic32.a(default-on-reset.o)
 .debug_ranges  0x000029d0       0x10 c:/program files/microchip/xc32/v1.42/bin/bin/../../lib/gcc/pic32mx/4.8.3/../../../../pic32mx/lib\libpic32.a(default-on-bootstrap.o)
 .debug_ranges  0x000029e0       0x10 c:/program files/microchip/xc32/v1.42/bin/bin/../../lib/gcc/pic32mx/4.8.3/../../../../pic32mx/lib\libpic32.a(defaultinterrupt.o)
 .debug_ranges  0x000029f0       0x10 c:/program files/microchip/xc32/v1.42/bin/bin/../../lib/gcc/pic32mx/4.8.3/../../../../pic32mx/lib\libm.a(w_sqrtf.o)
 .debug_ranges  0x00002a00       0x10 c:/program files/microchip/xc32/v1.42/bin/bin/../../lib/gcc/pic32mx/4.8.3/../../../../pic32mx/lib\libc.a(strchr.o)
 .debug_ranges  0x00002a10       0x10 c:/program files/microchip/xc32/v1.42/bin/bin/../../lib/gcc/pic32mx/4.8.3/../../../../pic32mx/lib\libc.a(strncpy.o)
 .debug_ranges  0x00002a20       0x18 c:/program files/microchip/xc32/v1.42/bin/bin/../../lib/gcc/pic32mx/4.8.3/../../../../pic32mx/lib\libc.a(strtof.o)
 .debug_ranges  0x00002a38       0x10 c:/program files/microchip/xc32/v1.42/bin/bin/../../lib/gcc/pic32mx/4.8.3/../../../../pic32mx/lib\libc.a(strtok.o)
 .debug_ranges  0x00002a48       0x10 c:/program files/microchip/xc32/v1.42/bin/bin/../../lib/gcc/pic32mx/4.8.3/../../../../pic32mx/lib\libc.a(strcspn.o)
 .debug_ranges  0x00002a58       0x10 c:/program files/microchip/xc32/v1.42/bin/bin/../../lib/gcc/pic32mx/4.8.3/../../../../pic32mx/lib\libc.a(strspn.o)
 .debug_ranges  0x00002a68       0x10 c:/program files/microchip/xc32/v1.42/bin/bin/../../lib/gcc/pic32mx/4.8.3/../../../../pic32mx/lib\libm.a(__strtof.o)
 .debug_ranges  0x00002a78       0x10 c:/program files/microchip/xc32/v1.42/bin/bin/../../lib/gcc/pic32mx/4.8.3/../../../../pic32mx/lib\libe.a(_ldexpf.o)

.gnu.attributes
                0x00000000       0x10
 *(.gnu.attributes)
 .gnu.attributes
                0x00000000       0x10 c:/program files/microchip/xc32/v1.42/bin/bin/../../lib/gcc/pic32mx/4.8.3/../../../../pic32mx/lib\software-debug-break.o
 .gnu.attributes
                0x00000010       0x10 build/default/debug/_ext/977502197/drv_spi_tasks.o
 .gnu.attributes
                0x00000020       0x10 build/default/debug/_ext/977502197/drv_spi_api.o
 .gnu.attributes
                0x00000030       0x10 build/default/debug/_ext/977502197/drv_spi_master_rm_tasks.o
 .gnu.attributes